Component: ARM Compiler 5.06 update 1 (build 61) Tool: armlink [4d35a8]

==============================================================================

Section Cross References

    main.o(.text) refers to _printf_pad.o(.text) for _printf_pre_padding
    main.o(.text) refers to _printf_percent.o(.ARM.Collect$$_printf_percent$$00000000) for _printf_percent
    main.o(.text) refers to _printf_d.o(.ARM.Collect$$_printf_percent$$00000009) for _printf_d
    main.o(.text) refers to _printf_dec.o(.text) for _printf_int_dec
    main.o(.text) refers to _printf_x.o(.ARM.Collect$$_printf_percent$$0000000C) for _printf_x
    main.o(.text) refers to _printf_hex_int.o(.text) for _printf_longlong_hex
    main.o(.text) refers to misc.o(.text) for NVIC_PriorityGroupConfig
    main.o(.text) refers to delay.o(.text) for delay_init
    main.o(.text) refers to usart.o(.text) for uart_init
    main.o(.text) refers to led.o(.text) for LED_Init
    main.o(.text) refers to lcd.o(.text) for LCD_Init
    main.o(.text) refers to key.o(.text) for KEY_Init
    main.o(.text) refers to malloc.o(.text) for my_mem_init
    main.o(.text) refers to noretval__2sprintf.o(.text) for __2sprintf
    main.o(.text) refers to usmart_config.o(.data) for usmart_dev
    main.o(.text) refers to lcd.o(.data) for POINT_COLOR
    system_stm32f10x.o(.text) refers to system_stm32f10x.o(.data) for SystemCoreClock
    led.o(.text) refers to stm32f10x_rcc.o(.text) for RCC_APB2PeriphClockCmd
    led.o(.text) refers to stm32f10x_gpio.o(.text) for GPIO_Init
    lcd.o(.text) refers to _printf_percent.o(.ARM.Collect$$_printf_percent$$00000000) for _printf_percent
    lcd.o(.text) refers to _printf_x.o(.ARM.Collect$$_printf_percent$$0000000C) for _printf_x
    lcd.o(.text) refers to _printf_hex_int.o(.text) for _printf_longlong_hex
    lcd.o(.text) refers to delay.o(.text) for delay_us
    lcd.o(.text) refers to lcd.o(.bss) for lcddev
    lcd.o(.text) refers to dflt_clz.o(x$fpl$dfltu) for __aeabi_ui2d
    lcd.o(.text) refers to dmul.o(x$fpl$dmul) for __aeabi_dmul
    lcd.o(.text) refers to dfixu.o(x$fpl$dfixu) for __aeabi_d2uiz
    lcd.o(.text) refers to lcd.o(.data) for POINT_COLOR
    lcd.o(.text) refers to stm32f10x_rcc.o(.text) for RCC_APB2PeriphClockCmd
    lcd.o(.text) refers to stm32f10x_gpio.o(.text) for GPIO_PinRemapConfig
    lcd.o(.text) refers to noretval__2printf.o(.text) for __2printf
    lcd.o(.text) refers to lcd.o(.constdata) for asc2_1206
    key.o(.text) refers to stm32f10x_rcc.o(.text) for RCC_APB2PeriphClockCmd
    key.o(.text) refers to stm32f10x_gpio.o(.text) for GPIO_PinRemapConfig
    key.o(.text) refers to delay.o(.text) for delay_ms
    key.o(.text) refers to key.o(.data) for key_up
    spi.o(.text) refers to stm32f10x_spi.o(.text) for SPI_I2S_GetFlagStatus
    spi.o(.text) refers to stm32f10x_rcc.o(.text) for RCC_APB2PeriphClockCmd
    spi.o(.text) refers to stm32f10x_gpio.o(.text) for GPIO_Init
    spi.o(.text) refers to spi.o(.bss) for SPI_InitStructure
    enc28j60.o(.text) refers to _printf_percent.o(.ARM.Collect$$_printf_percent$$00000000) for _printf_percent
    enc28j60.o(.text) refers to _printf_d.o(.ARM.Collect$$_printf_percent$$00000009) for _printf_d
    enc28j60.o(.text) refers to _printf_dec.o(.text) for _printf_int_dec
    enc28j60.o(.text) refers to _printf_s.o(.ARM.Collect$$_printf_percent$$00000014) for _printf_s
    enc28j60.o(.text) refers to _printf_str.o(.text) for _printf_str
    enc28j60.o(.text) refers to spi.o(.text) for SPI1_ReadWriteByte
    enc28j60.o(.text) refers to stm32f10x_rcc.o(.text) for RCC_APB2PeriphClockCmd
    enc28j60.o(.text) refers to stm32f10x_gpio.o(.text) for GPIO_Init
    enc28j60.o(.text) refers to stm32f10x_exti.o(.text) for EXTI_Init
    enc28j60.o(.text) refers to misc.o(.text) for NVIC_Init
    enc28j60.o(.text) refers to stm32f10x_spi.o(.text) for SPI_Cmd
    enc28j60.o(.text) refers to delay.o(.text) for delay_ms
    enc28j60.o(.text) refers to noretval__2printf.o(.text) for __2printf
    enc28j60.o(.text) refers to enc28j60.o(.bss) for enc28j60_dev
    enc28j60.o(.text) refers to sys.o(.text) for INTX_DISABLE
    enc28j60.o(.text) refers to lwip_comm.o(.text) for lwip_pkt_handle
    timer.o(.text) refers to stm32f10x_rcc.o(.text) for RCC_APB1PeriphClockCmd
    timer.o(.text) refers to stm32f10x_tim.o(.text) for TIM_TimeBaseInit
    timer.o(.text) refers to misc.o(.text) for NVIC_Init
    timer.o(.text) refers to lwip_comm.o(.data) for lwip_localtime
    sram.o(.text) refers to stm32f10x_rcc.o(.text) for RCC_APB2PeriphClockCmd
    sram.o(.text) refers to stm32f10x_gpio.o(.text) for GPIO_Init
    sram.o(.text) refers to stm32f10x_fsmc.o(.text) for FSMC_NORSRAMInit
    delay.o(.text) refers to misc.o(.text) for SysTick_CLKSourceConfig
    delay.o(.text) refers to system_stm32f10x.o(.data) for SystemCoreClock
    delay.o(.text) refers to delay.o(.data) for fac_us
    usart.o(.text) refers (Special) to use_no_semi_2.o(.text) for __use_no_semihosting
[...]
    _printf_c                                0x080001b3   Thumb Code     0  _printf_c.o(.ARM.Collect$$_printf_percent$$00000013)
    _printf_s                                0x080001b9   Thumb Code     0  _printf_s.o(.ARM.Collect$$_printf_percent$$00000014)
    _printf_percent_end                      0x080001bf   Thumb Code     0  _printf_percent_end.o(.ARM.Collect$$_printf_percent$$00000017)
    __rt_lib_init                            0x080001c3   Thumb Code     0  libinit.o(.ARM.Collect$$libinit$$00000000)
    __rt_lib_init_alloca_1                   0x080001c5   Thumb Code     0  libinit2.o(.ARM.Collect$$libinit$$0000002E)
    __rt_lib_init_argv_1                     0x080001c5   Thumb Code     0  libinit2.o(.ARM.Collect$$libinit$$0000002C)
    __rt_lib_init_atexit_1                   0x080001c5   Thumb Code     0  libinit2.o(.ARM.Collect$$libinit$$0000001B)
    __rt_lib_init_clock_1                    0x080001c5   Thumb Code     0  libinit2.o(.ARM.Collect$$libinit$$00000021)
    __rt_lib_init_cpp_1                      0x080001c5   Thumb Code     0  libinit2.o(.ARM.Collect$$libinit$$00000032)
    __rt_lib_init_exceptions_1               0x080001c5   Thumb Code     0  libinit2.o(.ARM.Collect$$libinit$$00000030)
    __rt_lib_init_fp_1                       0x080001c5   Thumb Code     0  libinit2.o(.ARM.Collect$$libinit$$00000002)
    __rt_lib_init_fp_trap_1                  0x080001c5   Thumb Code     0  libinit2.o(.ARM.Collect$$libinit$$0000001F)
    __rt_lib_init_getenv_1                   0x080001c5   Thumb Code     0  libinit2.o(.ARM.Collect$$libinit$$00000023)
    __rt_lib_init_heap_1                     0x080001c5   Thumb Code     0  libinit2.o(.ARM.Collect$$libinit$$0000000A)
    __rt_lib_init_lc_collate_1               0x080001c5   Thumb Code     0  libinit2.o(.ARM.Collect$$libinit$$00000011)
    __rt_lib_init_lc_ctype_1                 0x080001c5   Thumb Code     0  libinit2.o(.ARM.Collect$$libinit$$00000013)
    __rt_lib_init_lc_monetary_1              0x080001c5   Thumb Code     0  libinit2.o(.ARM.Collect$$libinit$$00000015)
    __rt_lib_init_lc_numeric_1               0x080001c5   Thumb Code     0  libinit2.o(.ARM.Collect$$libinit$$00000017)
    __rt_lib_init_lc_time_1                  0x080001c5   Thumb Code     0  libinit2.o(.ARM.Collect$$libinit$$00000019)
    __rt_lib_init_preinit_1                  0x080001c5   Thumb Code     0  libinit2.o(.ARM.Collect$$libinit$$00000004)
    __rt_lib_init_rand_1                     0x080001c5   Thumb Code     0  libinit2.o(.ARM.Collect$$libinit$$0000000E)
    __rt_lib_init_return                     0x080001c5   Thumb Code     0  libinit2.o(.ARM.Collect$$libinit$$00000033)
    __rt_lib_init_signal_1                   0x080001c5   Thumb Code     0  libinit2.o(.ARM.Collect$$libinit$$0000001D)
    __rt_lib_init_stdio_1                    0x080001c5   Thumb Code     0  libinit2.o(.ARM.Collect$$libinit$$00000025)
    __rt_lib_init_user_alloc_1               0x080001c5   Thumb Code     0  libinit2.o(.ARM.Collect$$libinit$$0000000C)
    __rt_lib_shutdown                        0x080001c7   Thumb Code     0  libshutdown.o(.ARM.Collect$$libshutdown$$00000000)
    __rt_lib_shutdown_cpp_1                  0x080001c9   Thumb Code     0  libshutdown2.o(.ARM.Collect$$libshutdown$$00000002)
    __rt_lib_shutdown_fp_trap_1              0x080001c9   Thumb Code     0  libshutdown2.o(.ARM.Collect$$libshutdown$$00000007)
    __rt_lib_shutdown_heap_1                 0x080001c9   Thumb Code     0  libshutdown2.o(.ARM.Collect$$libshutdown$$0000000F)
    __rt_lib_shutdown_return                 0x080001c9   Thumb Code     0  libshutdown2.o(.ARM.Collect$$libshutdown$$00000010)
    __rt_lib_shutdown_signal_1               0x080001c9   Thumb Code     0  libshutdown2.o(.ARM.Collect$$libshutdown$$0000000A)
    __rt_lib_shutdown_stdio_1                0x080001c9   Thumb Code     0  libshutdown2.o(.ARM.Collect$$libshutdown$$00000004)
    __rt_lib_shutdown_user_alloc_1           0x080001c9   Thumb Code     0  libshutdown2.o(.ARM.Collect$$libshutdown$$0000000C)
    __rt_entry                               0x080001cb   Thumb Code     0  __rtentry.o(.ARM.Collect$$rtentry$$00000000)
    __rt_entry_presh_1                       0x080001cb   Thumb Code     0  __rtentry2.o(.ARM.Collect$$rtentry$$00000002)
    __rt_entry_sh                            0x080001cb   Thumb Code     0  __rtentry4.o(.ARM.Collect$$rtentry$$00000004)
    __rt_entry_li                            0x080001d1   Thumb Code     0  __rtentry2.o(.ARM.Collect$$rtentry$$0000000A)
    __rt_entry_postsh_1                      0x080001d1   Thumb Code     0  __rtentry2.o(.ARM.Collect$$rtentry$$00000009)
    __rt_entry_main                          0x080001d5   Thumb Code     0  __rtentry2.o(.ARM.Collect$$rtentry$$0000000D)
    __rt_entry_postli_1                      0x080001d5   Thumb Code     0  __rtentry2.o(.ARM.Collect$$rtentry$$0000000C)
    __rt_exit                                0x080001dd   Thumb Code     0  rtexit.o(.ARM.Collect$$rtexit$$00000000)
    __rt_exit_ls                             0x080001df   Thumb Code     0  rtexit2.o(.ARM.Collect$$rtexit$$00000003)
    __rt_exit_prels_1                        0x080001df   Thumb Code     0  rtexit2.o(.ARM.Collect$$rtexit$$00000002)
    __rt_exit_exit                           0x080001e3   Thumb Code     0  rtexit2.o(.ARM.Collect$$rtexit$$00000004)
    main                                     0x080001e9   Thumb Code   470  main.o(.text)
    NMI_Handler                              0x08000461   Thumb Code     2  stm32f10x_it.o(.text)
    HardFault_Handler                        0x08000463   Thumb Code     4  stm32f10x_it.o(.text)
    MemManage_Handler                        0x08000467   Thumb Code     4  stm32f10x_it.o(.text)
    BusFault_Handler                         0x0800046b   Thumb Code     4  stm32f10x_it.o(.text)
    UsageFault_Handler                       0x0800046f   Thumb Code     4  stm32f10x_it.o(.text)
    SVC_Handler                              0x08000473   Thumb Code     2  stm32f10x_it.o(.text)
    DebugMon_Handler                         0x08000475   Thumb Code     2  stm32f10x_it.o(.text)
    PendSV_Handler                           0x08000477   Thumb Code     2  stm32f10x_it.o(.text)
    SysTick_Handler                          0x08000479   Thumb Code     2  stm32f10x_it.o(.text)
    SystemInit                               0x0800055b   Thumb Code    78  system_stm32f10x.o(.text)
    SystemCoreClockUpdate                    0x080005a9   Thumb Code   142  system_stm32f10x.o(.text)
    LED_Init                                 0x0800065d   Thumb Code    72  led.o(.text)
    LCD_WR_REG                               0x080006ad   Thumb Code    28  lcd.o(.text)
    LCD_WR_DATAX                             0x080006c9   Thumb Code    28  lcd.o(.text)
    LCD_RD_DATA                              0x080006e5   Thumb Code    98  lcd.o(.text)
    LCD_WriteReg                             0x08000747   Thumb Code    40  lcd.o(.text)
    LCD_ReadReg                              0x0800076f   Thumb Code    16  lcd.o(.text)
    LCD_WriteRAM_Prepare                     0x0800077f   Thumb Code    12  lcd.o(.text)
    LCD_WriteRAM                             0x0800078b   Thumb Code    28  lcd.o(.text)
    LCD_BGR2RGB                              0x080007a7   Thumb Code    26  lcd.o(.text)
    opt_delay                                0x080007c1   Thumb Code    14  lcd.o(.text)
    LCD_SetCursor                            0x080007cf   Thumb Code   956  lcd.o(.text)
    LCD_ReadPoint                            0x08000b8b   Thumb Code   506  lcd.o(.text)
    LCD_DisplayOn                            0x08000d85   Thumb Code    92  lcd.o(.text)
    LCD_DisplayOff                           0x08000de1   Thumb Code    90  lcd.o(.text)
    LCD_Scan_Dir                             0x08000e3b   Thumb Code  1126  lcd.o(.text)
    LCD_DrawPoint                            0x080012a1   Thumb Code    52  lcd.o(.text)
    LCD_Fast_DrawPoint                       0x080012d5   Thumb Code   854  lcd.o(.text)
    LCD_SSD_BackLightSet                     0x0800162b   Thumb Code   220  lcd.o(.text)
    LCD_Display_Dir                          0x08001707   Thumb Code   444  lcd.o(.text)
    LCD_Set_Window                           0x080018c3   Thumb Code  1078  lcd.o(.text)
    LCD_Clear                                0x08001cf9   Thumb Code   122  lcd.o(.text)
    LCD_Init                                 0x08001d73   Thumb Code 15298  lcd.o(.text)
    LCD_Fill                                 0x08005935   Thumb Code   200  lcd.o(.text)
    LCD_Color_Fill                           0x080059fd   Thumb Code   116  lcd.o(.text)
    LCD_DrawLine                             0x08005a71   Thumb Code   176  lcd.o(.text)
    LCD_DrawRectangle                        0x08005b21   Thumb Code    60  lcd.o(.text)
    LCD_Draw_Circle                          0x08005b5d   Thumb Code   152  lcd.o(.text)
    LCD_ShowChar                             0x08005bf5   Thumb Code   272  lcd.o(.text)
    LCD_Pow                                  0x08005d05   Thumb Code    22  lcd.o(.text)
    LCD_ShowNum                              0x08005d1b   Thumb Code   180  lcd.o(.text)
    LCD_ShowxNum                             0x08005dcf   Thumb Code   190  lcd.o(.text)
    LCD_ShowString                           0x08005e8d   Thumb Code   102  lcd.o(.text)
    KEY_Init                                 0x08005ef5   Thumb Code    82  key.o(.text)
    KEY_Scan                                 0x08005f47   Thumb Code   154  key.o(.text)
    SPI1_ReadWriteByte                       0x08005ff1   Thumb Code    78  spi.o(.text)
    SPI1_Init                                0x0800603f   Thumb Code   108  spi.o(.text)
    SPI1_SetSpeed                            0x080060ab   Thumb Code    34  spi.o(.text)
    ENC28J60_Read_Op                         0x080060d9   Thumb Code    60  enc28j60.o(.text)
    ENC28J60_Write_Op                        0x08006115   Thumb Code    50  enc28j60.o(.text)
    ENC28J60_Set_Bank                        0x08006147   Thumb Code    48  enc28j60.o(.text)
    ENC28J60_Read                            0x08006177   Thumb Code    20  enc28j60.o(.text)
    ENC28J60_Write                           0x0800618b   Thumb Code    24  enc28j60.o(.text)
    ENC28J60_PHY_Read                        0x080061a3   Thumb Code    94  enc28j60.o(.text)
    ENC28J60_Get_Duplex                      0x08006201   Thumb Code    16  enc28j60.o(.text)
    ENC28J60_PHY_Write                       0x08006211   Thumb Code    60  enc28j60.o(.text)
    ENC28J60_Get_EREVID                      0x0800624d   Thumb Code    14  enc28j60.o(.text)
    ENC28J60_Init                            0x0800625b   Thumb Code   752  enc28j60.o(.text)
    ENC28J60_Read_Buf                        0x0800654b   Thumb Code    48  enc28j60.o(.text)
    ENC28J60_Write_Buf                       0x0800657b   Thumb Code    42  enc28j60.o(.text)
    ENC28J60_Packet_Send                     0x080065a5   Thumb Code   154  enc28j60.o(.text)
    ENC28J60_Packet_Receive                  0x0800663f   Thumb Code   212  enc28j60.o(.text)
    ENC28J60_ISRHandler                      0x08006713   Thumb Code   180  enc28j60.o(.text)
    EXTI1_IRQHandler                         0x080067c7   Thumb Code    24  enc28j60.o(.text)
    TIM3_Int_Init                            0x08006849   Thumb Code    90  timer.o(.text)
    TIM3_IRQHandler                          0x080068a3   Thumb Code    34  timer.o(.text)
    delay_init                               0x080068cd   Thumb Code    50  delay.o(.text)
    delay_us                                 0x080068ff   Thumb Code    72  delay.o(.text)
    delay_ms                                 0x08006947   Thumb Code    72  delay.o(.text)
    WFI_SET                                  0x080069a1   Thumb Code     4  sys.o(.text)
    INTX_DISABLE                             0x080069a5   Thumb Code     4  sys.o(.text)
    INTX_ENABLE                              0x080069a9   Thumb Code     4  sys.o(.text)
    _sys_exit                                0x080069ad   Thumb Code     6  usart.o(.text)
    fputc                                    0x080069b3   Thumb Code    24  usart.o(.text)
    uart_init                                0x080069cb   Thumb Code   152  usart.o(.text)
    USART1_IRQHandler                        0x08006a63   Thumb Code   122  usart.o(.text)
    Reset_Handler                            0x08006aed   Thumb Code     8  startup_stm32f10x_md.o(.text)
    ADC1_2_IRQHandler                        0x08006b07   Thumb Code     0  startup_stm32f10x_md.o(.text)
    CAN1_RX1_IRQHandler                      0x08006b07   Thumb Code     0  startup_stm32f10x_md.o(.text)
    CAN1_SCE_IRQHandler                      0x08006b07   Thumb Code     0  startup_stm32f10x_md.o(.text)
    DMA1_Channel1_IRQHandler                 0x08006b07   Thumb Code     0  startup_stm32f10x_md.o(.text)
    DMA1_Channel2_IRQHandler                 0x08006b07   Thumb Code     0  startup_stm32f10x_md.o(.text)
    DMA1_Channel3_IRQHandler                 0x08006b07   Thumb Code     0  startup_stm32f10x_md.o(.text)
    DMA1_Channel4_IRQHandler                 0x08006b07   Thumb Code     0  startup_stm32f10x_md.o(.text)
    DMA1_Channel5_IRQHandler                 0x08006b07   Thumb Code     0  startup_stm32f10x_md.o(.text)
    DMA1_Channel6_IRQHandler                 0x08006b07   Thumb Code     0  startup_stm32f10x_md.o(.text)
    DMA1_Channel7_IRQHandler                 0x08006b07   Thumb Code     0  startup_stm32f10x_md.o(.text)
    EXTI0_IRQHandler                         0x08006b07   Thumb Code     0  startup_stm32f10x_md.o(.text)
    EXTI15_10_IRQHandler                     0x08006b07   Thumb Code     0  startup_stm32f10x_md.o(.text)
    EXTI2_IRQHandler                         0x08006b07   Thumb Code     0  startup_stm32f10x_md.o(.text)
    EXTI3_IRQHandler                         0x08006b07   Thumb Code     0  startup_stm32f10x_md.o(.text)
    EXTI4_IRQHandler                         0x08006b07   Thumb Code     0  startup_stm32f10x_md.o(.text)
    EXTI9_5_IRQHandler                       0x08006b07   Thumb Code     0  startup_stm32f10x_md.o(.text)
    FLASH_IRQHandler                         0x08006b07   Thumb Code     0  startup_stm32f10x_md.o(.text)
    I2C1_ER_IRQHandler                       0x08006b07   Thumb Code     0  startup_stm32f10x_md.o(.text)
    I2C1_EV_IRQHandler                       0x08006b07   Thumb Code     0  startup_stm32f10x_md.o(.text)
    I2C2_ER_IRQHandler                       0x08006b07   Thumb Code     0  startup_stm32f10x_md.o(.text)
    I2C2_EV_IRQHandler                       0x08006b07   Thumb Code     0  startup_stm32f10x_md.o(.text)
    PVD_IRQHandler                           0x08006b07   Thumb Code     0  startup_stm32f10x_md.o(.text)
    RCC_IRQHandler                           0x08006b07   Thumb Code     0  startup_stm32f10x_md.o(.text)
    RTCAlarm_IRQHandler                      0x08006b07   Thumb Code     0  startup_stm32f10x_md.o(.text)
    RTC_IRQHandler                           0x08006b07   Thumb Code     0  startup_stm32f10x_md.o(.text)
    SPI1_IRQHandler                          0x08006b07   Thumb Code     0  startup_stm32f10x_md.o(.text)
    SPI2_IRQHandler                          0x08006b07   Thumb Code     0  startup_stm32f10x_md.o(.text)
    TAMPER_IRQHandler                        0x08006b07   Thumb Code     0  startup_stm32f10x_md.o(.text)
    TIM1_BRK_IRQHandler                      0x08006b07   Thumb Code     0  startup_stm32f10x_md.o(.text)
    TIM1_CC_IRQHandler                       0x08006b07   Thumb Code     0  startup_stm32f10x_md.o(.text)
    TIM1_TRG_COM_IRQHandler                  0x08006b07   Thumb Code     0  startup_stm32f10x_md.o(.text)
    TIM1_UP_IRQHandler                       0x08006b07   Thumb Code     0  startup_stm32f10x_md.o(.text)
    TIM2_IRQHandler                          0x08006b07   Thumb Code     0  startup_stm32f10x_md.o(.text)
    USART2_IRQHandler                        0x08006b07   Thumb Code     0  startup_stm32f10x_md.o(.text)
    USART3_IRQHandler                        0x08006b07   Thumb Code     0  startup_stm32f10x_md.o(.text)
    USBWakeUp_IRQHandler                     0x08006b07   Thumb Code     0  startup_stm32f10x_md.o(.text)
    USB_HP_CAN1_TX_IRQHandler                0x08006b07   Thumb Code     0  startup_stm32f10x_md.o(.text)
    USB_LP_CAN1_RX0_IRQHandler               0x08006b07   Thumb Code     0  startup_stm32f10x_md.o(.text)
    WWDG_IRQHandler                          0x08006b07   Thumb Code     0  startup_stm32f10x_md.o(.text)
    __user_initial_stackheap                 0x08006b09   Thumb Code     0  startup_stm32f10x_md.o(.text)
    GPIO_DeInit                              0x08006b2d   Thumb Code   172  stm32f10x_gpio.o(.text)
    GPIO_AFIODeInit                          0x08006bd9   Thumb Code    20  stm32f10x_gpio.o(.text)
    GPIO_Init                                0x08006bed   Thumb Code   278  stm32f10x_gpio.o(.text)
    GPIO_StructInit                          0x08006d03   Thumb Code    16  stm32f10x_gpio.o(.text)
    GPIO_ReadInputDataBit                    0x08006d13   Thumb Code    18  stm32f10x_gpio.o(.text)
    GPIO_ReadInputData                       0x08006d25   Thumb Code     8  stm32f10x_gpio.o(.text)
    GPIO_ReadOutputDataBit                   0x08006d2d   Thumb Code    18  stm32f10x_gpio.o(.text)
    GPIO_ReadOutputData                      0x08006d3f   Thumb Code     8  stm32f10x_gpio.o(.text)
    GPIO_SetBits                             0x08006d47   Thumb Code     4  stm32f10x_gpio.o(.text)
    GPIO_ResetBits                           0x08006d4b   Thumb Code     4  stm32f10x_gpio.o(.text)
    GPIO_WriteBit                            0x08006d4f   Thumb Code    10  stm32f10x_gpio.o(.text)
    GPIO_Write                               0x08006d59   Thumb Code     4  stm32f10x_gpio.o(.text)
    GPIO_PinLockConfig                       0x08006d5d   Thumb Code    18  stm32f10x_gpio.o(.text)
    GPIO_EventOutputConfig                   0x08006d6f   Thumb Code    26  stm32f10x_gpio.o(.text)
    GPIO_EventOutputCmd                      0x08006d89   Thumb Code     6  stm32f10x_gpio.o(.text)
    GPIO_PinRemapConfig                      0x08006d8f   Thumb Code   138  stm32f10x_gpio.o(.text)
    GPIO_EXTILineConfig                      0x08006e19   Thumb Code    66  stm32f10x_gpio.o(.text)
    GPIO_ETH_MediaInterfaceConfig            0x08006e5b   Thumb Code     8  stm32f10x_gpio.o(.text)
    RCC_DeInit                               0x08006e89   Thumb Code    64  stm32f10x_rcc.o(.text)
    RCC_HSEConfig                            0x08006ec9   Thumb Code    70  stm32f10x_rcc.o(.text)
    RCC_GetFlagStatus                        0x08006f0f   Thumb Code    56  stm32f10x_rcc.o(.text)
    RCC_WaitForHSEStartUp                    0x08006f47   Thumb Code    56  stm32f10x_rcc.o(.text)
    RCC_AdjustHSICalibrationValue            0x08006f7f   Thumb Code    20  stm32f10x_rcc.o(.text)
    RCC_HSICmd                               0x08006f93   Thumb Code     6  stm32f10x_rcc.o(.text)
    RCC_PLLConfig                            0x08006f99   Thumb Code    24  stm32f10x_rcc.o(.text)
    RCC_PLLCmd                               0x08006fb1   Thumb Code     6  stm32f10x_rcc.o(.text)
    RCC_SYSCLKConfig                         0x08006fb7   Thumb Code    18  stm32f10x_rcc.o(.text)
    RCC_GetSYSCLKSource                      0x08006fc9   Thumb Code    10  stm32f10x_rcc.o(.text)
    RCC_HCLKConfig                           0x08006fd3   Thumb Code    18  stm32f10x_rcc.o(.text)
    RCC_PCLK1Config                          0x08006fe5   Thumb Code    18  stm32f10x_rcc.o(.text)
    RCC_PCLK2Config                          0x08006ff7   Thumb Code    20  stm32f10x_rcc.o(.text)
    RCC_ITConfig                             0x0800700b   Thumb Code    26  stm32f10x_rcc.o(.text)
    RCC_USBCLKConfig                         0x08007025   Thumb Code     8  stm32f10x_rcc.o(.text)
    RCC_ADCCLKConfig                         0x0800702d   Thumb Code    18  stm32f10x_rcc.o(.text)
    RCC_LSEConfig                            0x0800703f   Thumb Code    50  stm32f10x_rcc.o(.text)
    RCC_LSICmd                               0x08007071   Thumb Code     6  stm32f10x_rcc.o(.text)
    RCC_RTCCLKConfig                         0x08007077   Thumb Code    12  stm32f10x_rcc.o(.text)
    RCC_RTCCLKCmd                            0x08007083   Thumb Code     8  stm32f10x_rcc.o(.text)
    RCC_GetClocksFreq                        0x0800708b   Thumb Code   192  stm32f10x_rcc.o(.text)
    RCC_AHBPeriphClockCmd                    0x0800714b   Thumb Code    26  stm32f10x_rcc.o(.text)
    RCC_APB2PeriphClockCmd                   0x08007165   Thumb Code    26  stm32f10x_rcc.o(.text)
    RCC_APB1PeriphClockCmd                   0x0800717f   Thumb Code    26  stm32f10x_rcc.o(.text)
    RCC_APB2PeriphResetCmd                   0x08007199   Thumb Code    26  stm32f10x_rcc.o(.text)
    RCC_APB1PeriphResetCmd                   0x080071b3   Thumb Code    26  stm32f10x_rcc.o(.text)
    RCC_BackupResetCmd                       0x080071cd   Thumb Code     8  stm32f10x_rcc.o(.text)
    RCC_ClockSecuritySystemCmd               0x080071d5   Thumb Code     6  stm32f10x_rcc.o(.text)
    RCC_MCOConfig                            0x080071db   Thumb Code     6  stm32f10x_rcc.o(.text)
    RCC_ClearFlag                            0x080071e1   Thumb Code    14  stm32f10x_rcc.o(.text)
    RCC_GetITStatus                          0x080071ef   Thumb Code    20  stm32f10x_rcc.o(.text)
    RCC_ClearITPendingBit                    0x08007203   Thumb Code     6  stm32f10x_rcc.o(.text)
    USART_DeInit                             0x0800722d   Thumb Code   134  stm32f10x_usart.o(.text)
    USART_Init                               0x080072b3   Thumb Code   210  stm32f10x_usart.o(.text)
    USART_StructInit                         0x08007385   Thumb Code    24  stm32f10x_usart.o(.text)
    USART_ClockInit                          0x0800739d   Thumb Code    34  stm32f10x_usart.o(.text)
    USART_ClockStructInit                    0x080073bf   Thumb Code    12  stm32f10x_usart.o(.text)
    USART_Cmd                                0x080073cb   Thumb Code    24  stm32f10x_usart.o(.text)
    USART_ITConfig                           0x080073e3   Thumb Code    74  stm32f10x_usart.o(.text)
    USART_DMACmd                             0x0800742d   Thumb Code    18  stm32f10x_usart.o(.text)
    USART_SetAddress                         0x0800743f   Thumb Code    18  stm32f10x_usart.o(.text)
    USART_WakeUpConfig                       0x08007451   Thumb Code    18  stm32f10x_usart.o(.text)
    USART_ReceiverWakeUpCmd                  0x08007463   Thumb Code    24  stm32f10x_usart.o(.text)
    USART_LINBreakDetectLengthConfig         0x0800747b   Thumb Code    18  stm32f10x_usart.o(.text)
    USART_LINCmd                             0x0800748d   Thumb Code    24  stm32f10x_usart.o(.text)
    USART_SendData                           0x080074a5   Thumb Code     8  stm32f10x_usart.o(.text)
    USART_ReceiveData                        0x080074ad   Thumb Code    10  stm32f10x_usart.o(.text)
    USART_SendBreak                          0x080074b7   Thumb Code    10  stm32f10x_usart.o(.text)
    USART_SetGuardTime                       0x080074c1   Thumb Code    16  stm32f10x_usart.o(.text)
    USART_SetPrescaler                       0x080074d1   Thumb Code    16  stm32f10x_usart.o(.text)
    USART_SmartCardCmd                       0x080074e1   Thumb Code    24  stm32f10x_usart.o(.text)
    USART_SmartCardNACKCmd                   0x080074f9   Thumb Code    24  stm32f10x_usart.o(.text)
    USART_HalfDuplexCmd                      0x08007511   Thumb Code    24  stm32f10x_usart.o(.text)
    USART_OverSampling8Cmd                   0x08007529   Thumb Code    22  stm32f10x_usart.o(.text)
    USART_OneBitMethodCmd                    0x0800753f   Thumb Code    24  stm32f10x_usart.o(.text)
    USART_IrDAConfig                         0x08007557   Thumb Code    18  stm32f10x_usart.o(.text)
    USART_IrDACmd                            0x08007569   Thumb Code    24  stm32f10x_usart.o(.text)
    USART_GetFlagStatus                      0x08007581   Thumb Code    26  stm32f10x_usart.o(.text)
    USART_ClearFlag                          0x0800759b   Thumb Code    18  stm32f10x_usart.o(.text)
    USART_GetITStatus                        0x080075ad   Thumb Code    84  stm32f10x_usart.o(.text)
    USART_ClearITPendingBit                  0x08007601   Thumb Code    52  stm32f10x_usart.o(.text)
    NVIC_PriorityGroupConfig                 0x08007635   Thumb Code    10  misc.o(.text)
    NVIC_Init                                0x0800763f   Thumb Code   100  misc.o(.text)
    NVIC_SetVectorTable                      0x080076a3   Thumb Code    14  misc.o(.text)
    NVIC_SystemLPConfig                      0x080076b1   Thumb Code    34  misc.o(.text)
    SysTick_CLKSourceConfig                  0x080076d3   Thumb Code    40  misc.o(.text)
    TIM_DeInit                               0x08007711   Thumb Code   424  stm32f10x_tim.o(.text)
    TIM_TimeBaseInit                         0x080078b9   Thumb Code   122  stm32f10x_tim.o(.text)
    TIM_OC1Init                              0x08007933   Thumb Code   132  stm32f10x_tim.o(.text)
    TIM_OC2Init                              0x080079b7   Thumb Code   154  stm32f10x_tim.o(.text)
    TIM_OC3Init                              0x08007a51   Thumb Code   150  stm32f10x_tim.o(.text)
    TIM_OC4Init                              0x08007ae7   Thumb Code   182  stm32f10x_tim.o(.text)
    TIM_SetIC4Prescaler                      0x08007b9d   Thumb Code    26  stm32f10x_tim.o(.text)
    TIM_SetIC3Prescaler                      0x08007c39   Thumb Code    18  stm32f10x_tim.o(.text)
    TIM_SetIC2Prescaler                      0x08007cc5   Thumb Code    26  stm32f10x_tim.o(.text)
    TIM_SetIC1Prescaler                      0x08007d61   Thumb Code    18  stm32f10x_tim.o(.text)
    TIM_ICInit                               0x08007ddf   Thumb Code   150  stm32f10x_tim.o(.text)
    TIM_PWMIConfig                           0x08007e75   Thumb Code   124  stm32f10x_tim.o(.text)
    TIM_BDTRConfig                           0x08007ef1   Thumb Code    32  stm32f10x_tim.o(.text)
    TIM_TimeBaseStructInit                   0x08007f11   Thumb Code    18  stm32f10x_tim.o(.text)
    TIM_OCStructInit                         0x08007f23   Thumb Code    20  stm32f10x_tim.o(.text)
    TIM_ICStructInit                         0x08007f37   Thumb Code    18  stm32f10x_tim.o(.text)
    TIM_BDTRStructInit                       0x08007f49   Thumb Code    40  stm32f10x_tim.o(.text)
    TIM_Cmd                                  0x08007f71   Thumb Code    24  stm32f10x_tim.o(.text)
    TIM_CtrlPWMOutputs                       0x08007f89   Thumb Code    30  stm32f10x_tim.o(.text)
    TIM_ITConfig                             0x08007fa7   Thumb Code    18  stm32f10x_tim.o(.text)
    TIM_GenerateEvent                        0x08007fb9   Thumb Code     4  stm32f10x_tim.o(.text)
    TIM_DMAConfig                            0x08007fbd   Thumb Code    10  stm32f10x_tim.o(.text)
    TIM_DMACmd                               0x08007fc7   Thumb Code    18  stm32f10x_tim.o(.text)
    TIM_InternalClockConfig                  0x08007fd9   Thumb Code    12  stm32f10x_tim.o(.text)
    TIM_SelectInputTrigger                   0x08007fe5   Thumb Code    18  stm32f10x_tim.o(.text)
    TIM_ITRxExternalClockConfig              0x08007ff7   Thumb Code    24  stm32f10x_tim.o(.text)
    TIM_TIxExternalClockConfig               0x0800800f   Thumb Code    62  stm32f10x_tim.o(.text)
    TIM_ETRConfig                            0x0800804d   Thumb Code    28  stm32f10x_tim.o(.text)
    TIM_ETRClockMode1Config                  0x08008069   Thumb Code    54  stm32f10x_tim.o(.text)
    TIM_ETRClockMode2Config                  0x0800809f   Thumb Code    32  stm32f10x_tim.o(.text)
    TIM_PrescalerConfig                      0x080080bf   Thumb Code     6  stm32f10x_tim.o(.text)
    TIM_CounterModeConfig                    0x080080c5   Thumb Code    18  stm32f10x_tim.o(.text)
    TIM_EncoderInterfaceConfig               0x080080d7   Thumb Code    66  stm32f10x_tim.o(.text)
    TIM_ForcedOC1Config                      0x08008119   Thumb Code    18  stm32f10x_tim.o(.text)
    TIM_ForcedOC2Config                      0x0800812b   Thumb Code    26  stm32f10x_tim.o(.text)
    TIM_ForcedOC3Config                      0x08008145   Thumb Code    18  stm32f10x_tim.o(.text)
    TIM_ForcedOC4Config                      0x08008157   Thumb Code    26  stm32f10x_tim.o(.text)
    TIM_ARRPreloadConfig                     0x08008171   Thumb Code    24  stm32f10x_tim.o(.text)
    TIM_SelectCOM                            0x08008189   Thumb Code    24  stm32f10x_tim.o(.text)
    TIM_SelectCCDMA                          0x080081a1   Thumb Code    24  stm32f10x_tim.o(.text)
    TIM_CCPreloadControl                     0x080081b9   Thumb Code    24  stm32f10x_tim.o(.text)
    TIM_OC1PreloadConfig                     0x080081d1   Thumb Code    18  stm32f10x_tim.o(.text)
    TIM_OC2PreloadConfig                     0x080081e3   Thumb Code    26  stm32f10x_tim.o(.text)
    TIM_OC3PreloadConfig                     0x080081fd   Thumb Code    18  stm32f10x_tim.o(.text)
    TIM_OC4PreloadConfig                     0x0800820f   Thumb Code    26  stm32f10x_tim.o(.text)
    TIM_OC1FastConfig                        0x08008229   Thumb Code    18  stm32f10x_tim.o(.text)
    TIM_OC2FastConfig                        0x0800823b   Thumb Code    26  stm32f10x_tim.o(.text)
    TIM_OC3FastConfig                        0x08008255   Thumb Code    18  stm32f10x_tim.o(.text)
    TIM_OC4FastConfig                        0x08008267   Thumb Code    26  stm32f10x_tim.o(.text)
    TIM_ClearOC1Ref                          0x08008281   Thumb Code    18  stm32f10x_tim.o(.text)
    TIM_ClearOC2Ref                          0x08008293   Thumb Code    24  stm32f10x_tim.o(.text)
    TIM_ClearOC3Ref                          0x080082ab   Thumb Code    18  stm32f10x_tim.o(.text)
    TIM_ClearOC4Ref                          0x080082bd   Thumb Code    24  stm32f10x_tim.o(.text)
    TIM_OC1PolarityConfig                    0x080082d5   Thumb Code    18  stm32f10x_tim.o(.text)
    TIM_OC1NPolarityConfig                   0x080082e7   Thumb Code    18  stm32f10x_tim.o(.text)
    TIM_OC2PolarityConfig                    0x080082f9   Thumb Code    26  stm32f10x_tim.o(.text)
    TIM_OC2NPolarityConfig                   0x08008313   Thumb Code    26  stm32f10x_tim.o(.text)
    TIM_OC3PolarityConfig                    0x0800832d   Thumb Code    26  stm32f10x_tim.o(.text)
    TIM_OC3NPolarityConfig                   0x08008347   Thumb Code    26  stm32f10x_tim.o(.text)
    TIM_OC4PolarityConfig                    0x08008361   Thumb Code    26  stm32f10x_tim.o(.text)
    TIM_CCxCmd                               0x0800837b   Thumb Code    30  stm32f10x_tim.o(.text)
    TIM_CCxNCmd                              0x08008399   Thumb Code    30  stm32f10x_tim.o(.text)
    TIM_SelectOCxM                           0x080083b7   Thumb Code    82  stm32f10x_tim.o(.text)
    TIM_UpdateDisableConfig                  0x08008409   Thumb Code    24  stm32f10x_tim.o(.text)
    TIM_UpdateRequestConfig                  0x08008421   Thumb Code    24  stm32f10x_tim.o(.text)
    TIM_SelectHallSensor                     0x08008439   Thumb Code    24  stm32f10x_tim.o(.text)
    TIM_SelectOnePulseMode                   0x08008451   Thumb Code    18  stm32f10x_tim.o(.text)
    TIM_SelectOutputTrigger                  0x08008463   Thumb Code    18  stm32f10x_tim.o(.text)
    TIM_SelectSlaveMode                      0x08008475   Thumb Code    18  stm32f10x_tim.o(.text)
    TIM_SelectMasterSlaveMode                0x08008487   Thumb Code    18  stm32f10x_tim.o(.text)
    TIM_SetCounter                           0x08008499   Thumb Code     4  stm32f10x_tim.o(.text)
    TIM_SetAutoreload                        0x0800849d   Thumb Code     4  stm32f10x_tim.o(.text)
    TIM_SetCompare1                          0x080084a1   Thumb Code     4  stm32f10x_tim.o(.text)
    TIM_SetCompare2                          0x080084a5   Thumb Code     4  stm32f10x_tim.o(.text)
    TIM_SetCompare3                          0x080084a9   Thumb Code     4  stm32f10x_tim.o(.text)
    TIM_SetCompare4                          0x080084ad   Thumb Code     6  stm32f10x_tim.o(.text)
    TIM_SetClockDivision                     0x080084b3   Thumb Code    18  stm32f10x_tim.o(.text)
    TIM_GetCapture1                          0x080084c5   Thumb Code     6  stm32f10x_tim.o(.text)
    TIM_GetCapture2                          0x080084cb   Thumb Code     6  stm32f10x_tim.o(.text)
    TIM_GetCapture3                          0x080084d1   Thumb Code     6  stm32f10x_tim.o(.text)
    TIM_GetCapture4                          0x080084d7   Thumb Code     8  stm32f10x_tim.o(.text)
    TIM_GetCounter                           0x080084df   Thumb Code     6  stm32f10x_tim.o(.text)
    TIM_GetPrescaler                         0x080084e5   Thumb Code     6  stm32f10x_tim.o(.text)
    TIM_GetFlagStatus                        0x080084eb   Thumb Code    18  stm32f10x_tim.o(.text)
    TIM_ClearFlag                            0x080084fd   Thumb Code     6  stm32f10x_tim.o(.text)
    TIM_GetITStatus                          0x08008503   Thumb Code    34  stm32f10x_tim.o(.text)
    TIM_ClearITPendingBit                    0x08008525   Thumb Code     6  stm32f10x_tim.o(.text)
    SPI_I2S_DeInit                           0x0800852d   Thumb Code    76  stm32f10x_spi.o(.text)
    SPI_Init                                 0x08008579   Thumb Code    60  stm32f10x_spi.o(.text)
    I2S_Init                                 0x080085b5   Thumb Code   226  stm32f10x_spi.o(.text)
    SPI_StructInit                           0x08008697   Thumb Code    24  stm32f10x_spi.o(.text)
    I2S_StructInit                           0x080086af   Thumb Code    20  stm32f10x_spi.o(.text)
    SPI_Cmd                                  0x080086c3   Thumb Code    24  stm32f10x_spi.o(.text)
    I2S_Cmd                                  0x080086db   Thumb Code    24  stm32f10x_spi.o(.text)
    SPI_I2S_ITConfig                         0x080086f3   Thumb Code    32  stm32f10x_spi.o(.text)
    SPI_I2S_DMACmd                           0x08008713   Thumb Code    18  stm32f10x_spi.o(.text)
    SPI_I2S_SendData                         0x08008725   Thumb Code     4  stm32f10x_spi.o(.text)
    SPI_I2S_ReceiveData                      0x08008729   Thumb Code     6  stm32f10x_spi.o(.text)
    SPI_NSSInternalSoftwareConfig            0x0800872f   Thumb Code    30  stm32f10x_spi.o(.text)
    SPI_SSOutputCmd                          0x0800874d   Thumb Code    24  stm32f10x_spi.o(.text)
    SPI_DataSizeConfig                       0x08008765   Thumb Code    18  stm32f10x_spi.o(.text)
    SPI_TransmitCRC                          0x08008777   Thumb Code    10  stm32f10x_spi.o(.text)
    SPI_CalculateCRC                         0x08008781   Thumb Code    24  stm32f10x_spi.o(.text)
    SPI_GetCRC                               0x08008799   Thumb Code    16  stm32f10x_spi.o(.text)
    SPI_GetCRCPolynomial                     0x080087a9   Thumb Code     6  stm32f10x_spi.o(.text)
    SPI_BiDirectionalLineConfig              0x080087af   Thumb Code    28  stm32f10x_spi.o(.text)
    SPI_I2S_GetFlagStatus                    0x080087cb   Thumb Code    18  stm32f10x_spi.o(.text)
    SPI_I2S_ClearFlag                        0x080087dd   Thumb Code     6  stm32f10x_spi.o(.text)
    SPI_I2S_GetITStatus                      0x080087e3   Thumb Code    52  stm32f10x_spi.o(.text)
    SPI_I2S_ClearITPendingBit                0x08008817   Thumb Code    20  stm32f10x_spi.o(.text)
    EXTI_DeInit                              0x08008839   Thumb Code    28  stm32f10x_exti.o(.text)
    EXTI_Init                                0x08008855   Thumb Code   142  stm32f10x_exti.o(.text)
    EXTI_StructInit                          0x080088e3   Thumb Code    16  stm32f10x_exti.o(.text)
    EXTI_GenerateSWInterrupt                 0x080088f3   Thumb Code    16  stm32f10x_exti.o(.text)
    EXTI_GetFlagStatus                       0x08008903   Thumb Code    22  stm32f10x_exti.o(.text)
    EXTI_ClearFlag                           0x08008919   Thumb Code     8  stm32f10x_exti.o(.text)
    EXTI_GetITStatus                         0x08008921   Thumb Code    34  stm32f10x_exti.o(.text)
    EXTI_ClearITPendingBit                   0x08008943   Thumb Code     8  stm32f10x_exti.o(.text)
    usmart_sys_cmd_exe                       0x08008955   Thumb Code  1554  usmart.o(.text)
    usmart_reset_runtime                     0x08008f67   Thumb Code    38  usmart.o(.text)
    usmart_get_runtime                       0x08008f8d   Thumb Code    56  usmart.o(.text)
    TIM4_IRQHandler                          0x08008fc5   Thumb Code    50  usmart.o(.text)
    Timer4_Init                              0x08008ff7   Thumb Code    94  usmart.o(.text)
    usmart_init                              0x08009055   Thumb Code    36  usmart.o(.text)
    usmart_cmd_rec                           0x08009079   Thumb Code   170  usmart.o(.text)
    usmart_exe                               0x08009123   Thumb Code   872  usmart.o(.text)
    usmart_scan                              0x0800948b   Thumb Code   120  usmart.o(.text)
    read_addr                                0x08009503   Thumb Code     6  usmart.o(.text)
    write_addr                               0x08009509   Thumb Code     4  usmart.o(.text)
    usmart_strcmp                            0x08009595   Thumb Code    34  usmart_str.o(.text)
    usmart_strcopy                           0x080095b7   Thumb Code    22  usmart_str.o(.text)
    usmart_strlen                            0x080095cd   Thumb Code    24  usmart_str.o(.text)
    usmart_pow                               0x080095e5   Thumb Code    22  usmart_str.o(.text)
    usmart_str2num                           0x080095fb   Thumb Code   202  usmart_str.o(.text)
    usmart_get_cmdname                       0x080096c5   Thumb Code    54  usmart_str.o(.text)
    usmart_search_nextc                      0x080096fb   Thumb Code    22  usmart_str.o(.text)
    usmart_get_fname                         0x08009711   Thumb Code   440  usmart_str.o(.text)
    usmart_get_aparm                         0x080098c9   Thumb Code   200  usmart_str.o(.text)
    usmart_get_parmpos                       0x08009991   Thumb Code    26  usmart_str.o(.text)
    usmart_get_fparam                        0x080099ab   Thumb Code   262  usmart_str.o(.text)
    mymemcpy                                 0x08009abd   Thumb Code    26  malloc.o(.text)
    mymemset                                 0x08009ad7   Thumb Code    20  malloc.o(.text)
    my_mem_init                              0x08009aeb   Thumb Code    54  malloc.o(.text)
    my_mem_perused                           0x08009b21   Thumb Code    54  malloc.o(.text)
    my_mem_malloc                            0x08009b57   Thumb Code   162  malloc.o(.text)
    my_mem_free                              0x08009bf9   Thumb Code    94  malloc.o(.text)
    myfree                                   0x08009c57   Thumb Code    32  malloc.o(.text)
    mymalloc                                 0x08009c77   Thumb Code    36  malloc.o(.text)
    myrealloc                                0x08009c9b   Thumb Code    68  malloc.o(.text)
    lwip_htons                               0x08009cf1   Thumb Code    12  def.o(.text)
    lwip_ntohs                               0x08009cfd   Thumb Code    12  def.o(.text)
    lwip_htonl                               0x08009d09   Thumb Code    26  def.o(.text)
    lwip_ntohl                               0x08009d23   Thumb Code    12  def.o(.text)
    dhcp_renew                               0x0800a5b1   Thumb Code   132  dhcp.o(.text)
    dhcp_coarse_tmr                          0x0800a6f7   Thumb Code    62  dhcp.o(.text)
    dhcp_release                             0x0800a82f   Thumb Code   160  dhcp.o(.text)
    dhcp_fine_tmr                            0x0800aa83   Thumb Code    64  dhcp.o(.text)
    dhcp_set_struct                          0x0800ab33   Thumb Code   106  dhcp.o(.text)
    dhcp_cleanup                             0x0800ab9d   Thumb Code   188  dhcp.o(.text)
    dhcp_stop                                0x0800ac59   Thumb Code   108  dhcp.o(.text)
    dhcp_start                               0x0800b2df   Thumb Code   276  dhcp.o(.text)
    dhcp_inform                              0x0800b3f3   Thumb Code   192  dhcp.o(.text)
    dhcp_network_changed                     0x0800b4b3   Thumb Code   150  dhcp.o(.text)
    dhcp_arp_reply                           0x0800b5c7   Thumb Code    68  dhcp.o(.text)
    lwip_init                                0x0800b615   Thumb Code    28  init.o(.text)
    mem_init                                 0x0800b70b   Thumb Code    78  mem.o(.text)
    mem_free                                 0x0800b759   Thumb Code   148  mem.o(.text)
    mem_trim                                 0x0800b7ed   Thumb Code   308  mem.o(.text)
    mem_malloc                               0x0800b921   Thumb Code   740  mem.o(.text)
    mem_calloc                               0x0800bc05   Thumb Code    34  mem.o(.text)
    memp_get_memorysize                      0x0800bcd5   Thumb Code     8  memp.o(.text)
    memp_init                                0x0800bcdd   Thumb Code    86  memp.o(.text)
    memp_malloc                              0x0800bd33   Thumb Code    88  memp.o(.text)
    memp_free                                0x0800bd8b   Thumb Code    58  memp.o(.text)
    netif_init                               0x0800be89   Thumb Code     2  netif.o(.text)
    netif_set_gw                             0x0800be8b   Thumb Code    12  netif.o(.text)
    netif_set_netmask                        0x0800be97   Thumb Code    12  netif.o(.text)
    netif_set_ipaddr                         0x0800bea3   Thumb Code   110  netif.o(.text)
    netif_set_addr                           0x0800bf11   Thumb Code    40  netif.o(.text)
    netif_add                                0x0800bf39   Thumb Code   120  netif.o(.text)
    netif_set_default                        0x0800bfb1   Thumb Code     6  netif.o(.text)
    netif_set_down                           0x0800bfb7   Thumb Code    42  netif.o(.text)
    netif_remove                             0x0800bfe1   Thumb Code    90  netif.o(.text)
    netif_find                               0x0800c03b   Thumb Code    64  netif.o(.text)
    netif_set_up                             0x0800c07b   Thumb Code    54  netif.o(.text)
    netif_set_link_up                        0x0800c0b1   Thumb Code    66  netif.o(.text)
    netif_set_link_down                      0x0800c0f3   Thumb Code    24  netif.o(.text)
    pbuf_free                                0x0800c189   Thumb Code   244  pbuf.o(.text)
    pbuf_alloc                               0x0800c27d   Thumb Code   644  pbuf.o(.text)
    pbuf_alloced_custom                      0x0800c501   Thumb Code   674  pbuf.o(.text)
    pbuf_realloc                             0x0800c7a3   Thumb Code   268  pbuf.o(.text)
    pbuf_header                              0x0800c8af   Thumb Code   206  pbuf.o(.text)
    pbuf_clen                                0x0800c97d   Thumb Code    18  pbuf.o(.text)
    pbuf_ref                                 0x0800c98f   Thumb Code    10  pbuf.o(.text)
    pbuf_cat                                 0x0800c999   Thumb Code   138  pbuf.o(.text)
    pbuf_chain                               0x0800ca23   Thumb Code    22  pbuf.o(.text)
    pbuf_dechain                             0x0800ca39   Thumb Code   122  pbuf.o(.text)
    pbuf_copy                                0x0800cab3   Thumb Code   814  pbuf.o(.text)
    pbuf_copy_partial                        0x0800cde1   Thumb Code   190  pbuf.o(.text)
    pbuf_take                                0x0800ce9f   Thumb Code   210  pbuf.o(.text)
    pbuf_coalesce                            0x0800cf71   Thumb Code    84  pbuf.o(.text)
    pbuf_get_at                              0x0800cfc5   Thumb Code    46  pbuf.o(.text)
    pbuf_memcmp                              0x0800cff3   Thumb Code    96  pbuf.o(.text)
    pbuf_memfind                             0x0800d053   Thumb Code    76  pbuf.o(.text)
    pbuf_strstr                              0x0800d09f   Thumb Code    60  pbuf.o(.text)
    raw_input                                0x0800d1c5   Thumb Code   102  raw.o(.text)
    raw_bind                                 0x0800d22b   Thumb Code    16  raw.o(.text)
    raw_connect                              0x0800d23b   Thumb Code    16  raw.o(.text)
    raw_recv                                 0x0800d24b   Thumb Code     6  raw.o(.text)
    raw_sendto                               0x0800d251   Thumb Code   178  raw.o(.text)
    raw_send                                 0x0800d303   Thumb Code    18  raw.o(.text)
    raw_remove                               0x0800d315   Thumb Code    60  raw.o(.text)
    raw_new                                  0x0800d351   Thumb Code    42  raw.o(.text)
    tcp_init                                 0x0800d401   Thumb Code     2  tcp.o(.text)
    tcp_seg_free                             0x0800d403   Thumb Code    26  tcp.o(.text)
    tcp_segs_free                            0x0800d41d   Thumb Code    24  tcp.o(.text)
    tcp_pcb_purge                            0x0800d435   Thumb Code    64  tcp.o(.text)
    tcp_slowtmr                              0x0800d475   Thumb Code  1420  tcp.o(.text)
    tcp_pcb_remove                           0x0800da01   Thumb Code   192  tcp.o(.text)
    tcp_close                                0x0800dc8d   Thumb Code    28  tcp.o(.text)
    tcp_update_rcv_ann_wnd                   0x0800dca9   Thumb Code   106  tcp.o(.text)
    tcp_recved                               0x0800dd13   Thumb Code   132  tcp.o(.text)
    tcp_recv_null                            0x0800dd97   Thumb Code   298  tcp.o(.text)
    tcp_process_refused_data                 0x0800dec1   Thumb Code   140  tcp.o(.text)
    tcp_fasttmr                              0x0800df4d   Thumb Code   110  tcp.o(.text)
    tcp_tmr                                  0x0800dfbb   Thumb Code    30  tcp.o(.text)
    tcp_shutdown                             0x0800dfd9   Thumb Code    98  tcp.o(.text)
    tcp_abandon                              0x0800e03b   Thumb Code   164  tcp.o(.text)
    tcp_abort                                0x0800e0df   Thumb Code    14  tcp.o(.text)
    tcp_bind                                 0x0800e14d   Thumb Code   166  tcp.o(.text)
    tcp_listen_with_backlog                  0x0800e1fb   Thumb Code   222  tcp.o(.text)
    tcp_eff_send_mss                         0x0800e2d9   Thumb Code    46  tcp.o(.text)
    tcp_next_iss                             0x0800e307   Thumb Code    20  tcp.o(.text)
    tcp_connect                              0x0800e31b   Thumb Code   580  tcp.o(.text)
    tcp_setprio                              0x0800e55f   Thumb Code     4  tcp.o(.text)
    tcp_alloc                                0x0800e5e1   Thumb Code   174  tcp.o(.text)
    tcp_new                                  0x0800e68f   Thumb Code    10  tcp.o(.text)
    tcp_arg                                  0x0800e699   Thumb Code     4  tcp.o(.text)
    tcp_recv                                 0x0800e69d   Thumb Code    42  tcp.o(.text)
    tcp_sent                                 0x0800e6c7   Thumb Code    42  tcp.o(.text)
    tcp_err                                  0x0800e6f1   Thumb Code    44  tcp.o(.text)
    tcp_accept                               0x0800e71d   Thumb Code     4  tcp.o(.text)
    tcp_poll                                 0x0800e721   Thumb Code    50  tcp.o(.text)
    tcp_debug_state_str                      0x0800e753   Thumb Code    10  tcp.o(.text)
    tcp_input                                0x0800f961   Thumb Code  1682  tcp_in.o(.text)
    tcp_enqueue_flags                        0x08010135   Thumb Code   396  tcp_out.o(.text)
    tcp_send_fin                             0x080102c1   Thumb Code    74  tcp_out.o(.text)
    tcp_write                                0x08010597   Thumb Code  1564  tcp_out.o(.text)
    tcp_send_empty_ack                       0x08010bb3   Thumb Code    96  tcp_out.o(.text)
    tcp_output                               0x08010cf3   Thumb Code   662  tcp_out.o(.text)
    tcp_rst                                  0x08010f89   Thumb Code   172  tcp_out.o(.text)
    tcp_rexmit_rto                           0x08011035   Thumb Code    58  tcp_out.o(.text)
    tcp_rexmit                               0x0801106f   Thumb Code    90  tcp_out.o(.text)
    tcp_rexmit_fast                          0x080110c9   Thumb Code   112  tcp_out.o(.text)
    tcp_keepalive                            0x08011139   Thumb Code    86  tcp_out.o(.text)
    tcp_zero_window_probe                    0x0801118f   Thumb Code   182  tcp_out.o(.text)
    sys_timeout                              0x08011245   Thumb Code   174  timers.o(.text)
    tcp_timer_needed                         0x0801131b   Thumb Code    38  timers.o(.text)
    sys_timeouts_init                        0x08011399   Thumb Code    60  timers.o(.text)
    sys_untimeout                            0x080113d5   Thumb Code    90  timers.o(.text)
    sys_check_timeouts                       0x0801142f   Thumb Code    92  timers.o(.text)
    sys_restart_timeouts                     0x0801148b   Thumb Code    12  timers.o(.text)
    udp_init                                 0x08011555   Thumb Code     2  udp.o(.text)
    udp_input                                0x080115a7   Thumb Code   518  udp.o(.text)
    udp_bind                                 0x080117ad   Thumb Code   146  udp.o(.text)
    udp_sendto_if                            0x0801183f   Thumb Code   466  udp.o(.text)
    udp_sendto                               0x08011a11   Thumb Code    46  udp.o(.text)
    udp_send                                 0x08011a3f   Thumb Code    20  udp.o(.text)
    udp_connect                              0x08011a53   Thumb Code    94  udp.o(.text)
    udp_disconnect                           0x08011ab1   Thumb Code    16  udp.o(.text)
    udp_recv                                 0x08011ac1   Thumb Code     6  udp.o(.text)
    udp_remove                               0x08011ac7   Thumb Code    60  udp.o(.text)
    udp_new                                  0x08011b03   Thumb Code    28  udp.o(.text)
    icmp_input                               0x08011b25   Thumb Code   506  icmp.o(.text)
    icmp_dest_unreach                        0x08011da7   Thumb Code    18  icmp.o(.text)
    icmp_time_exceeded                       0x08011db9   Thumb Code    18  icmp.o(.text)
    inet_chksum_pseudo                       0x08011f9f   Thumb Code   162  inet_chksum.o(.text)
    inet_chksum_pseudo_partial               0x08012041   Thumb Code   210  inet_chksum.o(.text)
    inet_chksum                              0x08012113   Thumb Code    20  inet_chksum.o(.text)
    inet_chksum_pbuf                         0x08012127   Thumb Code    86  inet_chksum.o(.text)
    ip_route                                 0x080121e5   Thumb Code    76  ip.o(.text)
    ip_input                                 0x08012231   Thumb Code   440  ip.o(.text)
    ip_output_if                             0x080123e9   Thumb Code   306  ip.o(.text)
    ip_output                                0x0801251b   Thumb Code    80  ip.o(.text)
    ip4_addr_isbroadcast                     0x08012619   Thumb Code    78  ip_addr.o(.text)
    ip4_addr_netmask_valid                   0x08012667   Thumb Code    56  ip_addr.o(.text)
    ipaddr_aton                              0x0801269f   Thumb Code   364  ip_addr.o(.text)
    ipaddr_addr                              0x0801280b   Thumb Code    24  ip_addr.o(.text)
    ipaddr_ntoa_r                            0x08012823   Thumb Code   168  ip_addr.o(.text)
    ipaddr_ntoa                              0x080128cb   Thumb Code    16  ip_addr.o(.text)
    ip_reass_tmr                             0x08012a95   Thumb Code    48  ip_frag.o(.text)
    ip_reass                                 0x08012ed5   Thumb Code   386  ip_frag.o(.text)
    ip_frag                                  0x080130dd   Thumb Code   618  ip_frag.o(.text)
    etharp_tmr                               0x08013383   Thumb Code   136  etharp.o(.text)
    etharp_cleanup_netif                     0x0801370d   Thumb Code   336  etharp.o(.text)
    etharp_find_addr                         0x0801385d   Thumb Code   110  etharp.o(.text)
    etharp_request                           0x08013b0f   Thumb Code    36  etharp.o(.text)
    etharp_query                             0x08013bc1   Thumb Code   660  etharp.o(.text)
    etharp_output                            0x08013e55   Thumb Code   388  etharp.o(.text)
    ethernet_input                           0x08013fd9   Thumb Code   200  etharp.o(.text)
    ethernetif_input                         0x08014203   Thumb Code    44  ethernetif.o(.text)
    ethernetif_init                          0x0801422f   Thumb Code    56  ethernetif.o(.text)
    sys_now                                  0x08014319   Thumb Code     6  sys_arch.o(.text)
    lwip_comm_mem_free                       0x08014325   Thumb Code    24  lwip_comm.o(.text)
    lwip_comm_mem_malloc                     0x0801433d   Thumb Code    60  lwip_comm.o(.text)
    lwip_comm_default_ip_set                 0x08014379   Thumb Code   102  lwip_comm.o(.text)
    lwip_comm_init                           0x080143df   Thumb Code   104  lwip_comm.o(.text)
    lwip_pkt_handle                          0x08014447   Thumb Code    10  lwip_comm.o(.text)
    lwip_dhcp_process_handle                 0x08014451   Thumb Code   418  lwip_comm.o(.text)
    lwip_periodic_handle                     0x080145f3   Thumb Code   138  lwip_comm.o(.text)
    __use_no_semihosting                     0x0801484d   Thumb Code     2  use_no_semi_2.o(.text)
    __2printf                                0x08014851   Thumb Code    20  noretval__2printf.o(.text)
    __2sprintf                               0x08014869   Thumb Code    34  noretval__2sprintf.o(.text)
    _printf_pre_padding                      0x08014891   Thumb Code    44  _printf_pad.o(.text)
    _printf_post_padding                     0x080148bd   Thumb Code    34  _printf_pad.o(.text)
    _printf_str                              0x080148df   Thumb Code    82  _printf_str.o(.text)
    _printf_int_dec                          0x08014931   Thumb Code   104  _printf_dec.o(.text)
    _printf_int_hex                          0x080149a9   Thumb Code    84  _printf_hex_int.o(.text)
    _printf_longlong_hex                     0x080149a9   Thumb Code     0  _printf_hex_int.o(.text)
    __printf                                 0x08014a01   Thumb Code   388  __printf_flags_ss_wp.o(.text)
    memcmp                                   0x08014b89   Thumb Code    88  memcmp.o(.text)
    strlen                                   0x08014be1   Thumb Code    62  strlen.o(.text)
    __aeabi_memcpy                           0x08014c1f   Thumb Code     0  rt_memcpy_v6.o(.text)
    __rt_memcpy                              0x08014c1f   Thumb Code   138  rt_memcpy_v6.o(.text)
    _memcpy_lastbytes                        0x08014c85   Thumb Code     0  rt_memcpy_v6.o(.text)
    __aeabi_memclr                           0x08014ca9   Thumb Code     0  rt_memclr.o(.text)
    __rt_memclr                              0x08014ca9   Thumb Code    68  rt_memclr.o(.text)
    _memset                                  0x08014cad   Thumb Code     0  rt_memclr.o(.text)
    __aeabi_memclr4                          0x08014ced   Thumb Code     0  rt_memclr_w.o(.text)
    __aeabi_memclr8                          0x08014ced   Thumb Code     0  rt_memclr_w.o(.text)
    __rt_memclr_w                            0x08014ced   Thumb Code    78  rt_memclr_w.o(.text)
    _memset_w                                0x08014cf1   Thumb Code     0  rt_memclr_w.o(.text)
    __use_two_region_memory                  0x08014d3b   Thumb Code     2  heapauxi.o(.text)
    __rt_heap_escrow$2region                 0x08014d3d   Thumb Code     2  heapauxi.o(.text)
    __rt_heap_expand$2region                 0x08014d3f   Thumb Code     2  heapauxi.o(.text)
    __I$use$semihosting                      0x08014d41   Thumb Code     0  use_no_semi.o(.text)
    __use_no_semihosting_swi                 0x08014d41   Thumb Code     2  use_no_semi.o(.text)
    _printf_int_common                       0x08014d43   Thumb Code   178  _printf_intcommon.o(.text)
    _printf_char_common                      0x08014dff   Thumb Code    32  _printf_char_common.o(.text)
    _sputc                                   0x08014e25   Thumb Code    10  _sputc.o(.text)
    _printf_cs_common                        0x08014e2f   Thumb Code    20  _printf_char.o(.text)
    _printf_char                             0x08014e43   Thumb Code    16  _printf_char.o(.text)
    _printf_string                           0x08014e53   Thumb Code     8  _printf_char.o(.text)
    _printf_char_file                        0x08014e5d   Thumb Code    32  _printf_char_file.o(.text)
    __aeabi_memcpy4                          0x08014e81   Thumb Code     0  rt_memcpy_w.o(.text)
    __aeabi_memcpy8                          0x08014e81   Thumb Code     0  rt_memcpy_w.o(.text)
    __rt_memcpy_w                            0x08014e81   Thumb Code   100  rt_memcpy_w.o(.text)
    _memcpy_lastbytes_aligned                0x08014ec9   Thumb Code     0  rt_memcpy_w.o(.text)
    ferror                                   0x08014ee5   Thumb Code     8  ferror.o(.text)
    __user_setup_stackheap                   0x08014eed   Thumb Code    74  sys_stackheap_outer.o(.text)
    exit                                     0x08014f37   Thumb Code    18  exit.o(.text)
    __user_libspace                          0x08014f49   Thumb Code     8  libspace.o(.text)
    __user_perproc_libspace                  0x08014f49   Thumb Code     0  libspace.o(.text)
    __user_perthread_libspace                0x08014f49   Thumb Code     0  libspace.o(.text)
    _is_digit                                0x08014f51   Thumb Code    14  __printf_wp.o(i._is_digit)
    __aeabi_d2uiz                            0x08014f61   Thumb Code     0  dfixu.o(x$fpl$dfixu)
    _dfixu                                   0x08014f61   Thumb Code    90  dfixu.o(x$fpl$dfixu)
    __aeabi_ui2d                             0x08014fbb   Thumb Code     0  dflt_clz.o(x$fpl$dfltu)
    _dfltu                                   0x08014fbb   Thumb Code    38  dflt_clz.o(x$fpl$dfltu)
    __aeabi_dmul                             0x08014fe1   Thumb Code     0  dmul.o(x$fpl$dmul)
    _dmul                                    0x08014fe1   Thumb Code   332  dmul.o(x$fpl$dmul)
    __fpl_dnaninf                            0x08015135   Thumb Code   156  dnaninf.o(x$fpl$dnaninf)
    __fpl_dretinf                            0x080151d1   Thumb Code    12  dretinf.o(x$fpl$dretinf)
    __I$use$fp                               0x080151dc   Number         0  usenofp.o(x$fpl$usenofp)
    asc2_1206                                0x080151dc   Data        1140  lcd.o(.constdata)
    asc2_1608                                0x08015650   Data        1520  lcd.o(.constdata)
    asc2_2412                                0x08015c40   Data        3420  lcd.o(.constdata)
    memtblsize                               0x0801699c   Data           8  malloc.o(.constdata)
    memblksize                               0x080169a4   Data           8  malloc.o(.constdata)
    memsize                                  0x080169ac   Data           8  malloc.o(.constdata)
    tcp_state_str                            0x080169dc   Data          44  tcp.o(.constdata)
    tcp_backoff                              0x08016a08   Data          13  tcp.o(.constdata)
    tcp_persist_backoff                      0x08016a15   Data           7  tcp.o(.constdata)
    tcp_pcb_lists                            0x08016a1c   Data          16  tcp.o(.constdata)
    ip_addr_any                              0x08016a2c   Data           4  ip_addr.o(.constdata)
    ip_addr_broadcast                        0x08016a30   Data           4  ip_addr.o(.constdata)
    ethbroadcast                             0x08016a34   Data           6  etharp.o(.constdata)
    ethzero                                  0x08016a3a   Data           6  etharp.o(.constdata)
    Region$$Table$$Base                      0x08016ce4   Number         0  anon$$obj.o(Region$$Table)
    Region$$Table$$Limit                     0x08016d04   Number         0  anon$$obj.o(Region$$Table)
    SystemCoreClock                          0x20000000   Data           4  system_stm32f10x.o(.data)
    AHBPrescTable                            0x20000004   Data          16  system_stm32f10x.o(.data)
    POINT_COLOR                              0x20000014   Data           2  lcd.o(.data)
    BACK_COLOR                               0x20000016   Data           2  lcd.o(.data)
    __stdout                                 0x20000020   Data           4  usart.o(.data)
    USART_RX_STA                             0x20000024   Data           2  usart.o(.data)
    sys_cmd_tab                              0x2000003c   Data          28  usmart.o(.data)
    usmart_nametab                           0x20000058   Data          48  usmart_config.o(.data)
    usmart_dev                               0x20000088   Data         244  usmart_config.o(.data)
    mallco_dev                               0x2000017c   Data          28  malloc.o(.data)
    ram_heap                                 0x2000019c   Data           4  mem.o(.data)
    memp_memory                              0x200001ac   Data           4  memp.o(.data)
    netif_list                               0x200001b0   Data           4  netif.o(.data)
    netif_default                            0x200001b4   Data           4  netif.o(.data)
    tcp_ticks                                0x200001c4   Data           4  tcp.o(.data)
    tcp_bound_pcbs                           0x200001c8   Data           4  tcp.o(.data)
    tcp_listen_pcbs                          0x200001cc   Data           4  tcp.o(.data)
    tcp_active_pcbs                          0x200001d0   Data           4  tcp.o(.data)
    tcp_tw_pcbs                              0x200001d4   Data           4  tcp.o(.data)
    tcp_tmp_pcb                              0x200001d8   Data           4  tcp.o(.data)
    tcp_active_pcbs_changed                  0x200001dc   Data           1  tcp.o(.data)
    tcp_input_pcb                            0x20000200   Data           4  tcp_in.o(.data)
    udp_pcbs                                 0x20000214   Data           4  udp.o(.data)
    current_netif                            0x20000218   Data           4  ip.o(.data)
    current_header                           0x2000021c   Data           4  ip.o(.data)
    current_iphdr_src                        0x20000220   Data           4  ip.o(.data)
    current_iphdr_dest                       0x20000224   Data           4  ip.o(.data)
    TCPTimer                                 0x20000234   Data           4  lwip_comm.o(.data)
    ARPTimer                                 0x20000238   Data           4  lwip_comm.o(.data)
    lwip_localtime                           0x2000023c   Data           4  lwip_comm.o(.data)
    DHCPfineTimer                            0x20000240   Data           4  lwip_comm.o(.data)
    DHCPcoarseTimer                          0x20000244   Data           4  lwip_comm.o(.data)
    lcddev                                   0x20000248   Data          14  lcd.o(.bss)
    SPI_InitStructure                        0x20000256   Data          18  spi.o(.bss)
    enc28j60_dev                             0x20000268   Data          16  enc28j60.o(.bss)
    USART_RX_BUF                             0x20000278   Data         200  usart.o(.bss)
    mem1base                                 0x20000340   Data        6144  malloc.o(.bss)
    mem1mapbase                              0x20001b40   Data         384  malloc.o(.bss)
    dhcp_rx_options_val                      0x20001cc0   Data          40  dhcp.o(.bss)
    dhcp_rx_options_given                    0x20001ce8   Data          10  dhcp.o(.bss)
    lwipdev                                  0x20001e04   Data          23  lwip_comm.o(.bss)
    lwip_netif                               0x20001e1c   Data          52  lwip_comm.o(.bss)
    __libspace_start                         0x20001e50   Data          96  libspace.o(.bss)
    __temporary_stack_top$libspace           0x20001eb0   Data           0  libspace.o(.bss)
    mem2base                                 0x68000000   Data       10240  malloc.o(.ARM.__AT_0x68000000)
    mem2mapbase                              0x68002800   Data         640  malloc.o(.ARM.__AT_0x68002800)



==============================================================================

Memory Map of the image

  Image Entry point : 0x080000ed

  Load Region LR_IROM1 (Base: 0x08000000, Size: 0x00016f4c, Max: 0x00020000, ABSOLUTE, COMPRESSED[0x00016da0])

    Execution Region ER_IROM1 (Base: 0x08000000, Size: 0x00016d04, Max: 0x00020000, ABSOLUTE)

    Base Addr    Size         Type   Attr      Idx    E Section Name        Object

    0x08000000   0x000000ec   Data   RO          394    RESET               startup_stm32f10x_md.o
    0x080000ec   0x00000008   Code   RO         1286  * !!!main             c_w.l(__main.o)
    0x080000f4   0x00000034   Code   RO         1479    !!!scatter          c_w.l(__scatter.o)
    0x08000128   0x0000005a   Code   RO         1477    !!dczerorl2         c_w.l(__dczerorl2.o)
    0x08000182   0x00000002   PAD
    0x08000184   0x0000001c   Code   RO         1481    !!handler_zi        c_w.l(__scatter_zi.o)
    0x080001a0   0x00000000   Code   RO         1273    .ARM.Collect$$_printf_percent$$00000000  c_w.l(_printf_percent.o)
    0x080001a0   0x00000006   Code   RO         1271    .ARM.Collect$$_printf_percent$$00000009  c_w.l(_printf_d.o)
    0x080001a6   0x00000006   Code   RO         1272    .ARM.Collect$$_printf_percent$$0000000A  c_w.l(_printf_u.o)
    0x080001ac   0x00000006   Code   RO         1270    .ARM.Collect$$_printf_percent$$0000000C  c_w.l(_printf_x.o)
    0x080001b2   0x00000006   Code   RO         1268    .ARM.Collect$$_printf_percent$$00000013  c_w.l(_printf_c.o)
    0x080001b8   0x00000006   Code   RO         1269    .ARM.Collect$$_printf_percent$$00000014  c_w.l(_printf_s.o)
    0x080001be   0x00000004   Code   RO         1313    .ARM.Collect$$_printf_percent$$00000017  c_w.l(_printf_percent_end.o)
    0x080001c2   0x00000002   Code   RO         1351    .ARM.Collect$$libinit$$00000000  c_w.l(libinit.o)
    0x080001c4   0x00000000   Code   RO         1358    .ARM.Collect$$libinit$$00000002  c_w.l(libinit2.o)
    0x080001c4   0x00000000   Code   RO         1360    .ARM.Collect$$libinit$$00000004  c_w.l(libinit2.o)
    0x080001c4   0x00000000   Code   RO         1363    .ARM.Collect$$libinit$$0000000A  c_w.l(libinit2.o)
    0x080001c4   0x00000000   Code   RO         1365    .ARM.Collect$$libinit$$0000000C  c_w.l(libinit2.o)
    0x080001c4   0x00000000   Code   RO         1367    .ARM.Collect$$libinit$$0000000E  c_w.l(libinit2.o)
    0x080001c4   0x00000000   Code   RO         1370    .ARM.Collect$$libinit$$00000011  c_w.l(libinit2.o)
    0x080001c4   0x00000000   Code   RO         1372    .ARM.Collect$$libinit$$00000013  c_w.l(libinit2.o)
    0x080001c4   0x00000000   Code   RO         1374    .ARM.Collect$$libinit$$00000015  c_w.l(libinit2.o)
    0x080001c4   0x00000000   Code   RO         1376    .ARM.Collect$$libinit$$00000017  c_w.l(libinit2.o)
    0x080001c4   0x00000000   Code   RO         1378    .ARM.Collect$$libinit$$00000019  c_w.l(libinit2.o)
    0x080001c4   0x00000000   Code   RO         1380    .ARM.Collect$$libinit$$0000001B  c_w.l(libinit2.o)
    0x080001c4   0x00000000   Code   RO         1382    .ARM.Collect$$libinit$$0000001D  c_w.l(libinit2.o)
    0x080001c4   0x00000000   Code   RO         1384    .ARM.Collect$$libinit$$0000001F  c_w.l(libinit2.o)
    0x080001c4   0x00000000   Code   RO         1386    .ARM.Collect$$libinit$$00000021  c_w.l(libinit2.o)
    0x080001c4   0x00000000   Code   RO         1388    .ARM.Collect$$libinit$$00000023  c_w.l(libinit2.o)
    0x080001c4   0x00000000   Code   RO         1390    .ARM.Collect$$libinit$$00000025  c_w.l(libinit2.o)
    0x080001c4   0x00000000   Code   RO         1394    .ARM.Collect$$libinit$$0000002C  c_w.l(libinit2.o)
    0x080001c4   0x00000000   Code   RO         1396    .ARM.Collect$$libinit$$0000002E  c_w.l(libinit2.o)
    0x080001c4   0x00000000   Code   RO         1398    .ARM.Collect$$libinit$$00000030  c_w.l(libinit2.o)
    0x080001c4   0x00000000   Code   RO         1400    .ARM.Collect$$libinit$$00000032  c_w.l(libinit2.o)
    0x080001c4   0x00000002   Code   RO         1401    .ARM.Collect$$libinit$$00000033  c_w.l(libinit2.o)
    0x080001c6   0x00000002   Code   RO         1419    .ARM.Collect$$libshutdown$$00000000  c_w.l(libshutdown.o)
    0x080001c8   0x00000000   Code   RO         1429    .ARM.Collect$$libshutdown$$00000002  c_w.l(libshutdown2.o)
    0x080001c8   0x00000000   Code   RO         1431    .ARM.Collect$$libshutdown$$00000004  c_w.l(libshutdown2.o)
    0x080001c8   0x00000000   Code   RO         1434    .ARM.Collect$$libshutdown$$00000007  c_w.l(libshutdown2.o)
    0x080001c8   0x00000000   Code   RO         1437    .ARM.Collect$$libshutdown$$0000000A  c_w.l(libshutdown2.o)
    0x080001c8   0x00000000   Code   RO         1439    .ARM.Collect$$libshutdown$$0000000C  c_w.l(libshutdown2.o)
    0x080001c8   0x00000000   Code   RO         1442    .ARM.Collect$$libshutdown$$0000000F  c_w.l(libshutdown2.o)
    0x080001c8   0x00000002   Code   RO         1443    .ARM.Collect$$libshutdown$$00000010  c_w.l(libshutdown2.o)
    0x080001ca   0x00000000   Code   RO         1302    .ARM.Collect$$rtentry$$00000000  c_w.l(__rtentry.o)
    0x080001ca   0x00000000   Code   RO         1322    .ARM.Collect$$rtentry$$00000002  c_w.l(__rtentry2.o)
    0x080001ca   0x00000006   Code   RO         1334    .ARM.Collect$$rtentry$$00000004  c_w.l(__rtentry4.o)
    0x080001d0   0x00000000   Code   RO         1324    .ARM.Collect$$rtentry$$00000009  c_w.l(__rtentry2.o)
    0x080001d0   0x00000004   Code   RO         1325    .ARM.Collect$$rtentry$$0000000A  c_w.l(__rtentry2.o)
    0x080001d4   0x00000000   Code   RO         1327    .ARM.Collect$$rtentry$$0000000C  c_w.l(__rtentry2.o)
    0x080001d4   0x00000008   Code   RO         1328    .ARM.Collect$$rtentry$$0000000D  c_w.l(__rtentry2.o)
    0x080001dc   0x00000002   Code   RO         1355    .ARM.Collect$$rtexit$$00000000  c_w.l(rtexit.o)
    0x080001de   0x00000000   Code   RO         1403    .ARM.Collect$$rtexit$$00000002  c_w.l(rtexit2.o)
    0x080001de   0x00000004   Code   RO         1404    .ARM.Collect$$rtexit$$00000003  c_w.l(rtexit2.o)
    0x080001e2   0x00000006   Code   RO         1405    .ARM.Collect$$rtexit$$00000004  c_w.l(rtexit2.o)
    0x080001e8   0x00000278   Code   RO            1    .text               main.o
    0x08000460   0x0000001a   Code   RO          146    .text               stm32f10x_it.o
    0x0800047a   0x00000002   PAD
    0x0800047c   0x000001e0   Code   RO          187    .text               system_stm32f10x.o
    0x0800065c   0x00000050   Code   RO          205    .text               led.o
    0x080006ac   0x00005846   Code   RO          217    .text               lcd.o
    0x08005ef2   0x00000002   PAD
    0x08005ef4   0x000000fc   Code   RO          247    .text               key.o
    0x08005ff0   0x000000e8   Code   RO          260    .text               spi.o
    0x080060d8   0x00000770   Code   RO          275    .text               enc28j60.o
    0x08006848   0x00000084   Code   RO          297    .text               timer.o
    0x080068cc   0x000000d4   Code   RO          328    .text               delay.o
    0x080069a0   0x0000000c   Code   RO          343    .text               sys.o
    0x080069ac   0x00000140   Code   RO          359    .text               usart.o
    0x08006aec   0x00000040   Code   RO          395    .text               startup_stm32f10x_md.o
    0x08006b2c   0x0000035c   Code   RO          399    .text               stm32f10x_gpio.o
    0x08006e88   0x000003a4   Code   RO          411    .text               stm32f10x_rcc.o
    0x0800722c   0x00000408   Code   RO          425    .text               stm32f10x_usart.o
    0x08007634   0x000000dc   Code   RO          437    .text               misc.o
    0x08007710   0x00000e1a   Code   RO          449    .text               stm32f10x_tim.o
    0x0800852a   0x00000002   PAD
    0x0800852c   0x0000030c   Code   RO          473    .text               stm32f10x_spi.o
    0x08008838   0x0000011c   Code   RO          485    .text               stm32f10x_exti.o
    0x08008954   0x00000c40   Code   RO          497    .text               usmart.o
    0x08009594   0x00000528   Code   RO          526    .text               usmart_str.o
    0x08009abc   0x00000234   Code   RO          538    .text               malloc.o
    0x08009cf0   0x0000003e   Code   RO          633    .text               def.o
    0x08009d2e   0x00000002   PAD
    0x08009d30   0x000018e4   Code   RO          648    .text               dhcp.o
    0x0800b614   0x0000001c   Code   RO          721    .text               init.o
    0x0800b630   0x000006a4   Code   RO          787    .text               mem.o
    0x0800bcd4   0x000001b4   Code   RO          802    .text               memp.o
    0x0800be88   0x00000300   Code   RO          834    .text               netif.o
    0x0800c188   0x0000103c   Code   RO          856    .text               pbuf.o
    0x0800d1c4   0x0000023c   Code   RO          871    .text               raw.o
    0x0800d400   0x00001418   Code   RO          891    .text               tcp.o
    0x0800e818   0x000017da   Code   RO          918    .text               tcp_in.o
    0x0800fff2   0x00000002   PAD
    0x0800fff4   0x00001250   Code   RO          944    .text               tcp_out.o
    0x08011244   0x00000310   Code   RO          957    .text               timers.o
    0x08011554   0x000005d0   Code   RO          974    .text               udp.o
    0x08011b24   0x0000041c   Code   RO         1009    .text               icmp.o
    0x08011f40   0x000002a4   Code   RO         1040    .text               inet_chksum.o
    0x080121e4   0x00000434   Code   RO         1055    .text               ip.o
    0x08012618   0x0000032c   Code   RO         1076    .text               ip_addr.o
    0x08012944   0x00000a02   Code   RO         1099    .text               ip_frag.o
    0x08013346   0x00000002   PAD
    0x08013348   0x00000dc0   Code   RO         1113    .text               etharp.o
    0x08014108   0x00000210   Code   RO         1134    .text               ethernetif.o
    0x08014318   0x0000000c   Code   RO         1161    .text               sys_arch.o
    0x08014324   0x00000528   Code   RO         1180    .text               lwip_comm.o
    0x0801484c   0x00000002   Code   RO         1209    .text               c_w.l(use_no_semi_2.o)
    0x0801484e   0x00000002   PAD
    0x08014850   0x00000018   Code   RO         1215    .text               c_w.l(noretval__2printf.o)
    0x08014868   0x00000028   Code   RO         1217    .text               c_w.l(noretval__2sprintf.o)
    0x08014890   0x0000004e   Code   RO         1221    .text               c_w.l(_printf_pad.o)
    0x080148de   0x00000052   Code   RO         1223    .text               c_w.l(_printf_str.o)
    0x08014930   0x00000078   Code   RO         1225    .text               c_w.l(_printf_dec.o)
    0x080149a8   0x00000058   Code   RO         1230    .text               c_w.l(_printf_hex_int.o)
    0x08014a00   0x00000188   Code   RO         1265    .text               c_w.l(__printf_flags_ss_wp.o)
    0x08014b88   0x00000058   Code   RO         1274    .text               c_w.l(memcmp.o)
    0x08014be0   0x0000003e   Code   RO         1276    .text               c_w.l(strlen.o)
    0x08014c1e   0x0000008a   Code   RO         1278    .text               c_w.l(rt_memcpy_v6.o)
    0x08014ca8   0x00000044   Code   RO         1280    .text               c_w.l(rt_memclr.o)
    0x08014cec   0x0000004e   Code   RO         1282    .text               c_w.l(rt_memclr_w.o)
    0x08014d3a   0x00000006   Code   RO         1284    .text               c_w.l(heapauxi.o)
    0x08014d40   0x00000002   Code   RO         1300    .text               c_w.l(use_no_semi.o)
    0x08014d42   0x000000b2   Code   RO         1303    .text               c_w.l(_printf_intcommon.o)
    0x08014df4   0x00000030   Code   RO         1305    .text               c_w.l(_printf_char_common.o)
    0x08014e24   0x0000000a   Code   RO         1307    .text               c_w.l(_sputc.o)
    0x08014e2e   0x0000002c   Code   RO         1309    .text               c_w.l(_printf_char.o)
    0x08014e5a   0x00000002   PAD
    0x08014e5c   0x00000024   Code   RO         1311    .text               c_w.l(_printf_char_file.o)
    0x08014e80   0x00000064   Code   RO         1314    .text               c_w.l(rt_memcpy_w.o)
    0x08014ee4   0x00000008   Code   RO         1338    .text               c_w.l(ferror.o)
    0x08014eec   0x0000004a   Code   RO         1342    .text               c_w.l(sys_stackheap_outer.o)
    0x08014f36   0x00000012   Code   RO         1344    .text               c_w.l(exit.o)
    0x08014f48   0x00000008   Code   RO         1352    .text               c_w.l(libspace.o)
    0x08014f50   0x0000000e   Code   RO         1258    i._is_digit         c_w.l(__printf_wp.o)
    0x08014f5e   0x00000002   PAD
    0x08014f60   0x0000005a   Code   RO         1288    x$fpl$dfixu         fz_ws.l(dfixu.o)
    0x08014fba   0x00000026   Code   RO         1292    x$fpl$dfltu         fz_ws.l(dflt_clz.o)
    0x08014fe0   0x00000154   Code   RO         1298    x$fpl$dmul          fz_ws.l(dmul.o)
    0x08015134   0x0000009c   Code   RO         1316    x$fpl$dnaninf       fz_ws.l(dnaninf.o)
    0x080151d0   0x0000000c   Code   RO         1318    x$fpl$dretinf       fz_ws.l(dretinf.o)
    0x080151dc   0x00000000   Code   RO         1320    x$fpl$usenofp       fz_ws.l(usenofp.o)
    0x080151dc   0x000017c0   Data   RO          219    .constdata          lcd.o
    0x0801699c   0x00000018   Data   RO          542    .constdata          malloc.o
    0x080169b4   0x00000028   Data   RO          804    .constdata          memp.o
    0x080169dc   0x00000050   Data   RO          892    .constdata          tcp.o
    0x08016a2c   0x00000008   Data   RO         1078    .constdata          ip_addr.o
    0x08016a34   0x0000000c   Data   RO         1115    .constdata          etharp.o
    0x08016a40   0x00000028   Data   RO         1231    .constdata          c_w.l(_printf_hex_int.o)
    0x08016a68   0x00000011   Data   RO         1266    .constdata          c_w.l(__printf_flags_ss_wp.o)
    0x08016a79   0x00000003   PAD
    0x08016a7c   0x00000028   Data   RO          498    .conststring        usmart.o
    0x08016aa4   0x0000009f   Data   RO          513    .conststring        usmart_config.o
    0x08016b43   0x00000001   PAD
    0x08016b44   0x0000008c   Data   RO          650    .conststring        dhcp.o
    0x08016bd0   0x00000075   Data   RO          893    .conststring        tcp.o
    0x08016c45   0x00000003   PAD
    0x08016c48   0x00000055   Data   RO          945    .conststring        tcp_out.o
    0x08016c9d   0x00000003   PAD
    0x08016ca0   0x00000044   Data   RO         1116    .conststring        etharp.o
    0x08016ce4   0x00000020   Data   RO         1475    Region$$Table       anon$$obj.o


    Execution Region RW_IRAM1 (Base: 0x20000000, Size: 0x000024b0, Max: 0x00005000, ABSOLUTE, COMPRESSED[0x0000009c])

    Base Addr    Size         Type   Attr      Idx    E Section Name        Object

    0x20000000   0x00000014   Data   RW          188    .data               system_stm32f10x.o
    0x20000014   0x00000004   Data   RW          220    .data               lcd.o
    0x20000018   0x00000001   Data   RW          248    .data               key.o
    0x20000019   0x00000001   PAD
    0x2000001a   0x00000004   Data   RW          329    .data               delay.o
    0x2000001e   0x00000002   PAD
    0x20000020   0x00000006   Data   RW          361    .data               usart.o
    0x20000026   0x00000014   Data   RW          412    .data               stm32f10x_rcc.o
    0x2000003a   0x00000002   PAD
    0x2000003c   0x0000001c   Data   RW          499    .data               usmart.o
    0x20000058   0x00000124   Data   RW          514    .data               usmart_config.o
    0x2000017c   0x0000001c   Data   RW          543    .data               malloc.o
    0x20000198   0x00000004   Data   RW          651    .data               dhcp.o
    0x2000019c   0x00000010   Data   RW          788    .data               mem.o
    0x200001ac   0x00000004   Data   RW          805    .data               memp.o
    0x200001b0   0x00000009   Data   RW          835    .data               netif.o
    0x200001b9   0x00000003   PAD
    0x200001bc   0x00000004   Data   RW          872    .data               raw.o
    0x200001c0   0x00000024   Data   RW          894    .data               tcp.o
    0x200001e4   0x00000020   Data   RW          920    .data               tcp_in.o
    0x20000204   0x0000000c   Data   RW          958    .data               timers.o
    0x20000210   0x00000008   Data   RW          975    .data               udp.o
    0x20000218   0x00000012   Data   RW         1056    .data               ip.o
    0x2000022a   0x00000002   PAD
    0x2000022c   0x00000006   Data   RW         1100    .data               ip_frag.o
    0x20000232   0x00000001   Data   RW         1117    .data               etharp.o
    0x20000233   0x00000001   PAD
    0x20000234   0x00000014   Data   RW         1182    .data               lwip_comm.o
    0x20000248   0x0000000e   Zero   RW          218    .bss                lcd.o
    0x20000256   0x00000012   Zero   RW          261    .bss                spi.o
    0x20000268   0x00000010   Zero   RW          276    .bss                enc28j60.o
    0x20000278   0x000000c8   Zero   RW          360    .bss                usart.o
    0x20000340   0x00001980   Zero   RW          541    .bss                malloc.o
    0x20001cc0   0x00000032   Zero   RW          649    .bss                dhcp.o
    0x20001cf2   0x00000002   PAD
    0x20001cf4   0x00000028   Zero   RW          803    .bss                memp.o
    0x20001d1c   0x00000010   Zero   RW          919    .bss                tcp_in.o
    0x20001d2c   0x00000010   Zero   RW         1077    .bss                ip_addr.o
    0x20001d3c   0x000000c8   Zero   RW         1114    .bss                etharp.o
    0x20001e04   0x0000004c   Zero   RW         1181    .bss                lwip_comm.o
    0x20001e50   0x00000060   Zero   RW         1353    .bss                c_w.l(libspace.o)
    0x20001eb0   0x00000200   Zero   RW          393    HEAP                startup_stm32f10x_md.o
    0x200020b0   0x00000400   Zero   RW          392    STACK               startup_stm32f10x_md.o



  Load Region LR$$.ARM.__AT_0x68000000 (Base: 0x68000000, Size: 0x00000000, Max: 0x00002800, ABSOLUTE)

    Execution Region ER$$.ARM.__AT_0x68000000 (Base: 0x68000000, Size: 0x00002800, Max: 0x00002800, ABSOLUTE, UNINIT)

    Base Addr    Size         Type   Attr      Idx    E Section Name        Object

    0x68000000   0x00002800   Zero   RW          539    .ARM.__AT_0x68000000  malloc.o



  Load Region LR$$.ARM.__AT_0x68002800 (Base: 0x68002800, Size: 0x00000000, Max: 0x00000280, ABSOLUTE)

    Execution Region ER$$.ARM.__AT_0x68002800 (Base: 0x68002800, Size: 0x00000280, Max: 0x00000280, ABSOLUTE, UNINIT)

    Base Addr    Size         Type   Attr      Idx    E Section Name        Object

    0x68002800   0x00000280   Zero   RW          540    .ARM.__AT_0x68002800  malloc.o


==============================================================================

Image component sizes


      Code (inc. data)   RO Data    RW Data    ZI Data      Debug   Object Name

         0          0          0          0          0        936   api_lib.o
        62          0          0          0          0       1182   def.o
       212         18          0          4          0       1119   delay.o
      6372       1100        140          4         50      26748   dhcp.o
      1904        168          0          0         16      10605   enc28j60.o
         0          0          0          0          0        736   err.o
      3520        596         80          1        200      10323   etharp.o
       528        178          0          0          0       4206   ethernetif.o
      1052        374          0          0          0       2746   icmp.o
         0          0          0          0          0       3876   inet.o
       676        104          0          0          0       3209   inet_chksum.o
        28          0          0          0          0      16116   init.o
      1076        174          0         18          0       6699   ip.o
       812        112          8          0         16       9655   ip_addr.o
      2562        484          0          6          0       6984   ip_frag.o
       252         16          0          1          0        876   key.o
     22598        208       6080          4         14      25235   lcd.o
        80          8          0          0          0        535   led.o
      1320        464          0         20         76       4247   lwip_comm.o
       632        162          0          0          0     263403   main.o
       564         18         24         28      17408       4832   malloc.o
      1700        532          0         16          0       4154   mem.o
       436        196         40          4         40       3648   memp.o
       220         22          0          0          0       1877   misc.o
       768        126          0          9          0       6473   netif.o
      4156       1234          0          0          0       9593   pbuf.o
       572        134          0          4          0       3561   raw.o
       232         12          0          0         18       1385   spi.o
        64         26        236          0       1536        828   startup_stm32f10x_md.o
       284         10          0          0          0       2335   stm32f10x_exti.o
       860         38          0          0          0       5809   stm32f10x_gpio.o
        26          0          0          0          0       1218   stm32f10x_it.o
       932         36          0         20          0       9028   stm32f10x_rcc.o
       780         14          0          0          0       6694   stm32f10x_spi.o
      3610         88          0          0          0      22920   stm32f10x_tim.o
      1032         22          0          0          0       8536   stm32f10x_usart.o
        12          0          0          0          0        659   sys.o
        12          6          0          0          0        478   sys_arch.o
       480         38          0         20          0       1851   system_stm32f10x.o
      5144       1098        197         36          0      22207   tcp.o
      6106        938          0         32         16      15303   tcp_in.o
      4688        864         85          0          0      10143   tcp_out.o
       132          8          0          0          0        828   timer.o
       784        190          0         12          0       3231   timers.o
      1488        202          0          8          0      14737   udp.o
       320         16          0          6        200       3318   usart.o
      3136       1288         40         28          0       4442   usmart.o
         0          0        159        292          0       1748   usmart_config.o
      1320         12          0          0          0       5305   usmart_str.o

    ----------------------------------------------------------------------
     83556      11334       7128        584      19592     576577   Object Totals
         0          0         32          0          0          0   (incl. Generated)
        12          0          7         11          2          0   (incl. Padding)

    ----------------------------------------------------------------------

      Code (inc. data)   RO Data    RW Data    ZI Data      Debug   Library Member Name

        90          0          0          0          0          0   __dczerorl2.o
         8          0          0          0          0         68   __main.o
       392          4         17          0          0         92   __printf_flags_ss_wp.o
        14          0          0          0          0         68   __printf_wp.o
         0          0          0          0          0          0   __rtentry.o
        12          0          0          0          0          0   __rtentry2.o
         6          0          0          0          0          0   __rtentry4.o
        52          8          0          0          0          0   __scatter.o
        28          0          0          0          0          0   __scatter_zi.o
         6          0          0          0          0          0   _printf_c.o
        44          0          0          0          0        108   _printf_char.o
        48          6          0          0          0         96   _printf_char_common.o
        36          4          0          0          0         80   _printf_char_file.o
         6          0          0          0          0          0   _printf_d.o
       120         16          0          0          0         92   _printf_dec.o
        88          4         40          0          0         88   _printf_hex_int.o
       178          0          0          0          0         88   _printf_intcommon.o
        78          0          0          0          0        108   _printf_pad.o
         0          0          0          0          0          0   _printf_percent.o
         4          0          0          0          0          0   _printf_percent_end.o
         6          0          0          0          0          0   _printf_s.o
        82          0          0          0          0         80   _printf_str.o
         6          0          0          0          0          0   _printf_u.o
         6          0          0          0          0          0   _printf_x.o
        10          0          0          0          0         68   _sputc.o
        18          0          0          0          0         80   exit.o
         8          0          0          0          0         68   ferror.o
         6          0          0          0          0        152   heapauxi.o
         2          0          0          0          0          0   libinit.o
         2          0          0          0          0          0   libinit2.o
         2          0          0          0          0          0   libshutdown.o
         2          0          0          0          0          0   libshutdown2.o
         8          4          0          0         96         68   libspace.o
        88          0          0          0          0         76   memcmp.o
        24          4          0          0          0         84   noretval__2printf.o
        40          6          0          0          0         84   noretval__2sprintf.o
        68          0          0          0          0         68   rt_memclr.o
        78          0          0          0          0         80   rt_memclr_w.o
       138          0          0          0          0         68   rt_memcpy_v6.o
       100          0          0          0          0         80   rt_memcpy_w.o
         2          0          0          0          0          0   rtexit.o
        10          0          0          0          0          0   rtexit2.o
        62          0          0          0          0         76   strlen.o
        74          0          0          0          0         80   sys_stackheap_outer.o
         2          0          0          0          0         68   use_no_semi.o
         2          0          0          0          0         68   use_no_semi_2.o
        90          4          0          0          0         92   dfixu.o
        38          0          0          0          0         68   dflt_clz.o
       340         12          0          0          0        104   dmul.o
       156          4          0          0          0         92   dnaninf.o
        12          0          0          0          0         68   dretinf.o
         0          0          0          0          0          0   usenofp.o

    ----------------------------------------------------------------------
      2700         76         60          0         96       2660   Library Totals
         8          0          3          0          0          0   (incl. Padding)

    ----------------------------------------------------------------------

      Code (inc. data)   RO Data    RW Data    ZI Data      Debug   Library Name

      2056         56         57          0         96       2236   c_w.l
       636         20          0          0          0        424   fz_ws.l

    ----------------------------------------------------------------------
      2700         76         60          0         96       2660   Library Totals

    ----------------------------------------------------------------------

==============================================================================


      Code (inc. data)   RO Data    RW Data    ZI Data      Debug   

     86256      11410       7188        584      19688     573877   Grand Totals
     86256      11410       7188        156      19688     573877   ELF Image Totals (compressed)
     86256      11410       7188        156          0          0   ROM Totals

==============================================================================

    Total RO  Size (Code + RO Data)                93444 (  91.25kB)
    Total RW  Size (RW Data + ZI Data)             20272 (  19.80kB)
    Total ROM Size (Code + RO Data + RW Data)      93600 (  91.41kB)

==============================================================================

