Component: ARM Compiler 5.06 update 1 (build 61) Tool: armlink [4d35a8]

==============================================================================

Section Cross References

    main.o(.text) refers to _printf_percent.o(.ARM.Collect$$_printf_percent$$00000000) for _printf_percent
    main.o(.text) refers to _printf_d.o(.ARM.Collect$$_printf_percent$$00000009) for _printf_d
    main.o(.text) refers to _printf_dec.o(.text) for _printf_int_dec
    main.o(.text) refers to noretval__2sprintf.o(.text) for __2sprintf
    main.o(.text) refers to lcd.o(.text) for LCD_ShowString
    main.o(.text) refers to delay.o(.text) for delay_init
    main.o(.text) refers to misc.o(.text) for NVIC_PriorityGroupConfig
    main.o(.text) refers to usart.o(.text) for uart_init
    main.o(.text) refers to led.o(.text) for LED_Init
    main.o(.text) refers to key.o(.text) for KEY_Init
    main.o(.text) refers to timer.o(.text) for TIM3_Int_Init
    main.o(.text) refers to malloc.o(.text) for my_mem_init
    main.o(.text) refers to lwip_comm.o(.text) for lwip_comm_init
    main.o(.text) refers to lwip_comm.o(.bss) for lwipdev
    main.o(.text) refers to usmart_config.o(.data) for usmart_dev
    main.o(.text) refers to lcd.o(.data) for POINT_COLOR
    system_stm32f10x.o(.text) refers to system_stm32f10x.o(.data) for SystemCoreClock
    startup_stm32f10x_md.o(STACK) refers (Special) to heapauxi.o(.text) for __use_two_region_memory
    startup_stm32f10x_md.o(HEAP) refers (Special) to heapauxi.o(.text) for __use_two_region_memory
    startup_stm32f10x_md.o(RESET) refers (Special) to heapauxi.o(.text) for __use_two_region_memory
    startup_stm32f10x_md.o(RESET) refers to startup_stm32f10x_md.o(STACK) for __initial_sp
    startup_stm32f10x_md.o(RESET) refers to startup_stm32f10x_md.o(.text) for Reset_Handler
    startup_stm32f10x_md.o(RESET) refers to stm32f10x_it.o(.text) for NMI_Handler
    startup_stm32f10x_md.o(RESET) refers to port.o(.emb_text) for SVC_Handler
    startup_stm32f10x_md.o(RESET) refers to enc28j60.o(.text) for EXTI1_IRQHandler
    startup_stm32f10x_md.o(RESET) refers to timer.o(.text) for TIM3_IRQHandler
    startup_stm32f10x_md.o(RESET) refers to usmart.o(.text) for TIM4_IRQHandler
    startup_stm32f10x_md.o(RESET) refers to usart.o(.text) for USART1_IRQHandler
    startup_stm32f10x_md.o(.text) refers (Special) to heapauxi.o(.text) for __use_two_region_memory
    startup_stm32f10x_md.o(.text) refers to system_stm32f10x.o(.text) for SystemInit
    startup_stm32f10x_md.o(.text) refers to __main.o(!!!main) for __main
    startup_stm32f10x_md.o(.text) refers to startup_stm32f10x_md.o(HEAP) for Heap_Mem
    startup_stm32f10x_md.o(.text) refers to startup_stm32f10x_md.o(STACK) for Stack_Mem
    stm32f10x_rcc.o(.text) refers to stm32f10x_rcc.o(.data) for APBAHBPrescTable
    stm32f10x_spi.o(.text) refers to stm32f10x_rcc.o(.text) for RCC_APB2PeriphResetCmd
    stm32f10x_usart.o(.text) refers to stm32f10x_rcc.o(.text) for RCC_APB2PeriphResetCmd
    stm32f10x_gpio.o(.text) refers to stm32f10x_rcc.o(.text) for RCC_APB2PeriphResetCmd
    stm32f10x_fsmc.o(.text) refers to _printf_percent.o(.ARM.Collect$$_printf_percent$$00000000) for _printf_percent
    stm32f10x_fsmc.o(.text) refers to _printf_d.o(.ARM.Collect$$_printf_percent$$00000009) for _printf_d
    stm32f10x_fsmc.o(.text) refers to _printf_s.o(.ARM.Collect$$_printf_percent$$00000014) for _printf_s
    stm32f10x_fsmc.o(.text) refers to _printf_dec.o(.text) for _printf_int_dec
    stm32f10x_fsmc.o(.text) refers to _printf_str.o(.text) for _printf_str
    stm32f10x_fsmc.o(.text) refers to list.o(.text) for vListInsert
    stm32f10x_fsmc.o(.text) refers to noretval__2printf.o(.text) for __2printf
    stm32f10x_fsmc.o(.text) refers to tasks.o(.text) for xTaskGetSchedulerState
    stm32f10x_fsmc.o(.text) refers to queue.o(.text) for xQueueGenericSend
    stm32f10x_fsmc.o(.text) refers to heap_4.o(.text) for vPortFree
    stm32f10x_fsmc.o(.text) refers to port.o(.text) for vPortEnterCritical
    stm32f10x_fsmc.o(.text) refers to stm32f10x_fsmc.o(.data) for pxOverflowTimerList
    stm32f10x_fsmc.o(.text) refers to stm32f10x_fsmc.o(.bss) for xActiveTimerList1
    stm32f10x_tim.o(.text) refers to stm32f10x_rcc.o(.text) for RCC_APB2PeriphResetCmd
    delay.o(.text) refers to misc.o(.text) for SysTick_CLKSourceConfig
    delay.o(.text) refers to system_stm32f10x.o(.data) for SystemCoreClock
    delay.o(.text) refers to delay.o(.data) for fac_us
    usart.o(.text) refers (Special) to use_no_semi_2.o(.text) for __use_no_semihosting
    usart.o(.text) refers to stm32f10x_rcc.o(.text) for RCC_APB2PeriphClockCmd
    usart.o(.text) refers to stm32f10x_gpio.o(.text) for GPIO_Init
    usart.o(.text) refers to misc.o(.text) for NVIC_Init
    usart.o(.text) refers to stm32f10x_usart.o(.text) for USART_Init
    usart.o(.text) refers to usart.o(.data) for USART_RX_STA
    usart.o(.text) refers to usart.o(.bss) for USART_RX_BUF
[...]
    TIM1_UP_IRQHandler                       0x08000897   Thumb Code     0  startup_stm32f10x_md.o(.text)
    TIM2_IRQHandler                          0x08000897   Thumb Code     0  startup_stm32f10x_md.o(.text)
    USART2_IRQHandler                        0x08000897   Thumb Code     0  startup_stm32f10x_md.o(.text)
    USART3_IRQHandler                        0x08000897   Thumb Code     0  startup_stm32f10x_md.o(.text)
    USBWakeUp_IRQHandler                     0x08000897   Thumb Code     0  startup_stm32f10x_md.o(.text)
    USB_HP_CAN1_TX_IRQHandler                0x08000897   Thumb Code     0  startup_stm32f10x_md.o(.text)
    USB_LP_CAN1_RX0_IRQHandler               0x08000897   Thumb Code     0  startup_stm32f10x_md.o(.text)
    WWDG_IRQHandler                          0x08000897   Thumb Code     0  startup_stm32f10x_md.o(.text)
    __user_initial_stackheap                 0x08000899   Thumb Code     0  startup_stm32f10x_md.o(.text)
    NVIC_PriorityGroupConfig                 0x080008bd   Thumb Code    10  misc.o(.text)
    NVIC_Init                                0x080008c7   Thumb Code   100  misc.o(.text)
    NVIC_SetVectorTable                      0x0800092b   Thumb Code    14  misc.o(.text)
    NVIC_SystemLPConfig                      0x08000939   Thumb Code    34  misc.o(.text)
    SysTick_CLKSourceConfig                  0x0800095b   Thumb Code    40  misc.o(.text)
    RCC_DeInit                               0x08000999   Thumb Code    64  stm32f10x_rcc.o(.text)
    RCC_HSEConfig                            0x080009d9   Thumb Code    70  stm32f10x_rcc.o(.text)
    RCC_GetFlagStatus                        0x08000a1f   Thumb Code    56  stm32f10x_rcc.o(.text)
    RCC_WaitForHSEStartUp                    0x08000a57   Thumb Code    56  stm32f10x_rcc.o(.text)
    RCC_AdjustHSICalibrationValue            0x08000a8f   Thumb Code    20  stm32f10x_rcc.o(.text)
    RCC_HSICmd                               0x08000aa3   Thumb Code     6  stm32f10x_rcc.o(.text)
    RCC_PLLConfig                            0x08000aa9   Thumb Code    24  stm32f10x_rcc.o(.text)
    RCC_PLLCmd                               0x08000ac1   Thumb Code     6  stm32f10x_rcc.o(.text)
    RCC_SYSCLKConfig                         0x08000ac7   Thumb Code    18  stm32f10x_rcc.o(.text)
    RCC_GetSYSCLKSource                      0x08000ad9   Thumb Code    10  stm32f10x_rcc.o(.text)
    RCC_HCLKConfig                           0x08000ae3   Thumb Code    18  stm32f10x_rcc.o(.text)
    RCC_PCLK1Config                          0x08000af5   Thumb Code    18  stm32f10x_rcc.o(.text)
    RCC_PCLK2Config                          0x08000b07   Thumb Code    20  stm32f10x_rcc.o(.text)
    RCC_ITConfig                             0x08000b1b   Thumb Code    26  stm32f10x_rcc.o(.text)
    RCC_USBCLKConfig                         0x08000b35   Thumb Code     8  stm32f10x_rcc.o(.text)
    RCC_ADCCLKConfig                         0x08000b3d   Thumb Code    18  stm32f10x_rcc.o(.text)
    RCC_LSEConfig                            0x08000b4f   Thumb Code    50  stm32f10x_rcc.o(.text)
    RCC_LSICmd                               0x08000b81   Thumb Code     6  stm32f10x_rcc.o(.text)
    RCC_RTCCLKConfig                         0x08000b87   Thumb Code    12  stm32f10x_rcc.o(.text)
    RCC_RTCCLKCmd                            0x08000b93   Thumb Code     8  stm32f10x_rcc.o(.text)
    RCC_GetClocksFreq                        0x08000b9b   Thumb Code   192  stm32f10x_rcc.o(.text)
    RCC_AHBPeriphClockCmd                    0x08000c5b   Thumb Code    26  stm32f10x_rcc.o(.text)
    RCC_APB2PeriphClockCmd                   0x08000c75   Thumb Code    26  stm32f10x_rcc.o(.text)
    RCC_APB1PeriphClockCmd                   0x08000c8f   Thumb Code    26  stm32f10x_rcc.o(.text)
    RCC_APB2PeriphResetCmd                   0x08000ca9   Thumb Code    26  stm32f10x_rcc.o(.text)
    RCC_APB1PeriphResetCmd                   0x08000cc3   Thumb Code    26  stm32f10x_rcc.o(.text)
    RCC_BackupResetCmd                       0x08000cdd   Thumb Code     8  stm32f10x_rcc.o(.text)
    RCC_ClockSecuritySystemCmd               0x08000ce5   Thumb Code     6  stm32f10x_rcc.o(.text)
    RCC_MCOConfig                            0x08000ceb   Thumb Code     6  stm32f10x_rcc.o(.text)
    RCC_ClearFlag                            0x08000cf1   Thumb Code    14  stm32f10x_rcc.o(.text)
    RCC_GetITStatus                          0x08000cff   Thumb Code    20  stm32f10x_rcc.o(.text)
    RCC_ClearITPendingBit                    0x08000d13   Thumb Code     6  stm32f10x_rcc.o(.text)
    SPI_I2S_DeInit                           0x08000d3d   Thumb Code    76  stm32f10x_spi.o(.text)
    SPI_Init                                 0x08000d89   Thumb Code    60  stm32f10x_spi.o(.text)
    I2S_Init                                 0x08000dc5   Thumb Code   226  stm32f10x_spi.o(.text)
    SPI_StructInit                           0x08000ea7   Thumb Code    24  stm32f10x_spi.o(.text)
    I2S_StructInit                           0x08000ebf   Thumb Code    20  stm32f10x_spi.o(.text)
    SPI_Cmd                                  0x08000ed3   Thumb Code    24  stm32f10x_spi.o(.text)
    I2S_Cmd                                  0x08000eeb   Thumb Code    24  stm32f10x_spi.o(.text)
    SPI_I2S_ITConfig                         0x08000f03   Thumb Code    32  stm32f10x_spi.o(.text)
    SPI_I2S_DMACmd                           0x08000f23   Thumb Code    18  stm32f10x_spi.o(.text)
    SPI_I2S_SendData                         0x08000f35   Thumb Code     4  stm32f10x_spi.o(.text)
    SPI_I2S_ReceiveData                      0x08000f39   Thumb Code     6  stm32f10x_spi.o(.text)
    SPI_NSSInternalSoftwareConfig            0x08000f3f   Thumb Code    30  stm32f10x_spi.o(.text)
    SPI_SSOutputCmd                          0x08000f5d   Thumb Code    24  stm32f10x_spi.o(.text)
    SPI_DataSizeConfig                       0x08000f75   Thumb Code    18  stm32f10x_spi.o(.text)
    SPI_TransmitCRC                          0x08000f87   Thumb Code    10  stm32f10x_spi.o(.text)
    SPI_CalculateCRC                         0x08000f91   Thumb Code    24  stm32f10x_spi.o(.text)
    SPI_GetCRC                               0x08000fa9   Thumb Code    16  stm32f10x_spi.o(.text)
    SPI_GetCRCPolynomial                     0x08000fb9   Thumb Code     6  stm32f10x_spi.o(.text)
    SPI_BiDirectionalLineConfig              0x08000fbf   Thumb Code    28  stm32f10x_spi.o(.text)
    SPI_I2S_GetFlagStatus                    0x08000fdb   Thumb Code    18  stm32f10x_spi.o(.text)
    SPI_I2S_ClearFlag                        0x08000fed   Thumb Code     6  stm32f10x_spi.o(.text)
    SPI_I2S_GetITStatus                      0x08000ff3   Thumb Code    52  stm32f10x_spi.o(.text)
    SPI_I2S_ClearITPendingBit                0x08001027   Thumb Code    20  stm32f10x_spi.o(.text)
    USART_DeInit                             0x08001049   Thumb Code   134  stm32f10x_usart.o(.text)
    USART_Init                               0x080010cf   Thumb Code   210  stm32f10x_usart.o(.text)
    USART_StructInit                         0x080011a1   Thumb Code    24  stm32f10x_usart.o(.text)
    USART_ClockInit                          0x080011b9   Thumb Code    34  stm32f10x_usart.o(.text)
    USART_ClockStructInit                    0x080011db   Thumb Code    12  stm32f10x_usart.o(.text)
    USART_Cmd                                0x080011e7   Thumb Code    24  stm32f10x_usart.o(.text)
    USART_ITConfig                           0x080011ff   Thumb Code    74  stm32f10x_usart.o(.text)
    USART_DMACmd                             0x08001249   Thumb Code    18  stm32f10x_usart.o(.text)
    USART_SetAddress                         0x0800125b   Thumb Code    18  stm32f10x_usart.o(.text)
    USART_WakeUpConfig                       0x0800126d   Thumb Code    18  stm32f10x_usart.o(.text)
    USART_ReceiverWakeUpCmd                  0x0800127f   Thumb Code    24  stm32f10x_usart.o(.text)
    USART_LINBreakDetectLengthConfig         0x08001297   Thumb Code    18  stm32f10x_usart.o(.text)
    USART_LINCmd                             0x080012a9   Thumb Code    24  stm32f10x_usart.o(.text)
    USART_SendData                           0x080012c1   Thumb Code     8  stm32f10x_usart.o(.text)
    USART_ReceiveData                        0x080012c9   Thumb Code    10  stm32f10x_usart.o(.text)
    USART_SendBreak                          0x080012d3   Thumb Code    10  stm32f10x_usart.o(.text)
    USART_SetGuardTime                       0x080012dd   Thumb Code    16  stm32f10x_usart.o(.text)
    USART_SetPrescaler                       0x080012ed   Thumb Code    16  stm32f10x_usart.o(.text)
    USART_SmartCardCmd                       0x080012fd   Thumb Code    24  stm32f10x_usart.o(.text)
    USART_SmartCardNACKCmd                   0x08001315   Thumb Code    24  stm32f10x_usart.o(.text)
    USART_HalfDuplexCmd                      0x0800132d   Thumb Code    24  stm32f10x_usart.o(.text)
    USART_OverSampling8Cmd                   0x08001345   Thumb Code    22  stm32f10x_usart.o(.text)
    USART_OneBitMethodCmd                    0x0800135b   Thumb Code    24  stm32f10x_usart.o(.text)
    USART_IrDAConfig                         0x08001373   Thumb Code    18  stm32f10x_usart.o(.text)
    USART_IrDACmd                            0x08001385   Thumb Code    24  stm32f10x_usart.o(.text)
    USART_GetFlagStatus                      0x0800139d   Thumb Code    26  stm32f10x_usart.o(.text)
    USART_ClearFlag                          0x080013b7   Thumb Code    18  stm32f10x_usart.o(.text)
    USART_GetITStatus                        0x080013c9   Thumb Code    84  stm32f10x_usart.o(.text)
    USART_ClearITPendingBit                  0x0800141d   Thumb Code    52  stm32f10x_usart.o(.text)
    GPIO_DeInit                              0x08001451   Thumb Code   172  stm32f10x_gpio.o(.text)
    GPIO_AFIODeInit                          0x080014fd   Thumb Code    20  stm32f10x_gpio.o(.text)
    GPIO_Init                                0x08001511   Thumb Code   278  stm32f10x_gpio.o(.text)
    GPIO_StructInit                          0x08001627   Thumb Code    16  stm32f10x_gpio.o(.text)
    GPIO_ReadInputDataBit                    0x08001637   Thumb Code    18  stm32f10x_gpio.o(.text)
    GPIO_ReadInputData                       0x08001649   Thumb Code     8  stm32f10x_gpio.o(.text)
    GPIO_ReadOutputDataBit                   0x08001651   Thumb Code    18  stm32f10x_gpio.o(.text)
    GPIO_ReadOutputData                      0x08001663   Thumb Code     8  stm32f10x_gpio.o(.text)
    GPIO_SetBits                             0x0800166b   Thumb Code     4  stm32f10x_gpio.o(.text)
    GPIO_ResetBits                           0x0800166f   Thumb Code     4  stm32f10x_gpio.o(.text)
    GPIO_WriteBit                            0x08001673   Thumb Code    10  stm32f10x_gpio.o(.text)
    GPIO_Write                               0x0800167d   Thumb Code     4  stm32f10x_gpio.o(.text)
    GPIO_PinLockConfig                       0x08001681   Thumb Code    18  stm32f10x_gpio.o(.text)
    GPIO_EventOutputConfig                   0x08001693   Thumb Code    26  stm32f10x_gpio.o(.text)
    GPIO_EventOutputCmd                      0x080016ad   Thumb Code     6  stm32f10x_gpio.o(.text)
    GPIO_PinRemapConfig                      0x080016b3   Thumb Code   138  stm32f10x_gpio.o(.text)
    GPIO_EXTILineConfig                      0x0800173d   Thumb Code    66  stm32f10x_gpio.o(.text)
    GPIO_ETH_MediaInterfaceConfig            0x0800177f   Thumb Code     8  stm32f10x_gpio.o(.text)
    xTimerGenericCommand                     0x080017fd   Thumb Code   118  stm32f10x_fsmc.o(.text)
    xTimerCreateTimerTask                    0x08001b65   Thumb Code    56  stm32f10x_fsmc.o(.text)
    xTimerCreate                             0x08001c47   Thumb Code    48  stm32f10x_fsmc.o(.text)
    xTimerGetTimerDaemonTaskHandle           0x08001c77   Thumb Code    38  stm32f10x_fsmc.o(.text)
    xTimerGetPeriod                          0x08001c9d   Thumb Code    28  stm32f10x_fsmc.o(.text)
    xTimerGetExpiryTime                      0x08001cb9   Thumb Code    30  stm32f10x_fsmc.o(.text)
    pcTimerGetName                           0x08001cd7   Thumb Code    28  stm32f10x_fsmc.o(.text)
    xTimerIsTimerActive                      0x08001cf3   Thumb Code    50  stm32f10x_fsmc.o(.text)
    pvTimerGetTimerID                        0x08001d25   Thumb Code    38  stm32f10x_fsmc.o(.text)
    vTimerSetTimerID                         0x08001d4b   Thumb Code    38  stm32f10x_fsmc.o(.text)
    xTimerPendFunctionCallFromISR            0x08001d71   Thumb Code    48  stm32f10x_fsmc.o(.text)
    xTimerPendFunctionCall                   0x08001da1   Thumb Code    70  stm32f10x_fsmc.o(.text)
    TIM_DeInit                               0x08001df1   Thumb Code   424  stm32f10x_tim.o(.text)
    TIM_TimeBaseInit                         0x08001f99   Thumb Code   122  stm32f10x_tim.o(.text)
    TIM_OC1Init                              0x08002013   Thumb Code   132  stm32f10x_tim.o(.text)
    TIM_OC2Init                              0x08002097   Thumb Code   154  stm32f10x_tim.o(.text)
    TIM_OC3Init                              0x08002131   Thumb Code   150  stm32f10x_tim.o(.text)
    TIM_OC4Init                              0x080021c7   Thumb Code   182  stm32f10x_tim.o(.text)
    TIM_SetIC4Prescaler                      0x0800227d   Thumb Code    26  stm32f10x_tim.o(.text)
    TIM_SetIC3Prescaler                      0x08002319   Thumb Code    18  stm32f10x_tim.o(.text)
    TIM_SetIC2Prescaler                      0x080023a5   Thumb Code    26  stm32f10x_tim.o(.text)
    TIM_SetIC1Prescaler                      0x08002441   Thumb Code    18  stm32f10x_tim.o(.text)
    TIM_ICInit                               0x080024bf   Thumb Code   150  stm32f10x_tim.o(.text)
    TIM_PWMIConfig                           0x08002555   Thumb Code   124  stm32f10x_tim.o(.text)
    TIM_BDTRConfig                           0x080025d1   Thumb Code    32  stm32f10x_tim.o(.text)
    TIM_TimeBaseStructInit                   0x080025f1   Thumb Code    18  stm32f10x_tim.o(.text)
    TIM_OCStructInit                         0x08002603   Thumb Code    20  stm32f10x_tim.o(.text)
    TIM_ICStructInit                         0x08002617   Thumb Code    18  stm32f10x_tim.o(.text)
    TIM_BDTRStructInit                       0x08002629   Thumb Code    40  stm32f10x_tim.o(.text)
    TIM_Cmd                                  0x08002651   Thumb Code    24  stm32f10x_tim.o(.text)
    TIM_CtrlPWMOutputs                       0x08002669   Thumb Code    30  stm32f10x_tim.o(.text)
    TIM_ITConfig                             0x08002687   Thumb Code    18  stm32f10x_tim.o(.text)
    TIM_GenerateEvent                        0x08002699   Thumb Code     4  stm32f10x_tim.o(.text)
    TIM_DMAConfig                            0x0800269d   Thumb Code    10  stm32f10x_tim.o(.text)
    TIM_DMACmd                               0x080026a7   Thumb Code    18  stm32f10x_tim.o(.text)
    TIM_InternalClockConfig                  0x080026b9   Thumb Code    12  stm32f10x_tim.o(.text)
    TIM_SelectInputTrigger                   0x080026c5   Thumb Code    18  stm32f10x_tim.o(.text)
    TIM_ITRxExternalClockConfig              0x080026d7   Thumb Code    24  stm32f10x_tim.o(.text)
    TIM_TIxExternalClockConfig               0x080026ef   Thumb Code    62  stm32f10x_tim.o(.text)
    TIM_ETRConfig                            0x0800272d   Thumb Code    28  stm32f10x_tim.o(.text)
    TIM_ETRClockMode1Config                  0x08002749   Thumb Code    54  stm32f10x_tim.o(.text)
    TIM_ETRClockMode2Config                  0x0800277f   Thumb Code    32  stm32f10x_tim.o(.text)
    TIM_PrescalerConfig                      0x0800279f   Thumb Code     6  stm32f10x_tim.o(.text)
    TIM_CounterModeConfig                    0x080027a5   Thumb Code    18  stm32f10x_tim.o(.text)
    TIM_EncoderInterfaceConfig               0x080027b7   Thumb Code    66  stm32f10x_tim.o(.text)
    TIM_ForcedOC1Config                      0x080027f9   Thumb Code    18  stm32f10x_tim.o(.text)
    TIM_ForcedOC2Config                      0x0800280b   Thumb Code    26  stm32f10x_tim.o(.text)
    TIM_ForcedOC3Config                      0x08002825   Thumb Code    18  stm32f10x_tim.o(.text)
    TIM_ForcedOC4Config                      0x08002837   Thumb Code    26  stm32f10x_tim.o(.text)
    TIM_ARRPreloadConfig                     0x08002851   Thumb Code    24  stm32f10x_tim.o(.text)
    TIM_SelectCOM                            0x08002869   Thumb Code    24  stm32f10x_tim.o(.text)
    TIM_SelectCCDMA                          0x08002881   Thumb Code    24  stm32f10x_tim.o(.text)
    TIM_CCPreloadControl                     0x08002899   Thumb Code    24  stm32f10x_tim.o(.text)
    TIM_OC1PreloadConfig                     0x080028b1   Thumb Code    18  stm32f10x_tim.o(.text)
    TIM_OC2PreloadConfig                     0x080028c3   Thumb Code    26  stm32f10x_tim.o(.text)
    TIM_OC3PreloadConfig                     0x080028dd   Thumb Code    18  stm32f10x_tim.o(.text)
    TIM_OC4PreloadConfig                     0x080028ef   Thumb Code    26  stm32f10x_tim.o(.text)
    TIM_OC1FastConfig                        0x08002909   Thumb Code    18  stm32f10x_tim.o(.text)
    TIM_OC2FastConfig                        0x0800291b   Thumb Code    26  stm32f10x_tim.o(.text)
    TIM_OC3FastConfig                        0x08002935   Thumb Code    18  stm32f10x_tim.o(.text)
    TIM_OC4FastConfig                        0x08002947   Thumb Code    26  stm32f10x_tim.o(.text)
    TIM_ClearOC1Ref                          0x08002961   Thumb Code    18  stm32f10x_tim.o(.text)
    TIM_ClearOC2Ref                          0x08002973   Thumb Code    24  stm32f10x_tim.o(.text)
    TIM_ClearOC3Ref                          0x0800298b   Thumb Code    18  stm32f10x_tim.o(.text)
    TIM_ClearOC4Ref                          0x0800299d   Thumb Code    24  stm32f10x_tim.o(.text)
    TIM_OC1PolarityConfig                    0x080029b5   Thumb Code    18  stm32f10x_tim.o(.text)
    TIM_OC1NPolarityConfig                   0x080029c7   Thumb Code    18  stm32f10x_tim.o(.text)
    TIM_OC2PolarityConfig                    0x080029d9   Thumb Code    26  stm32f10x_tim.o(.text)
    TIM_OC2NPolarityConfig                   0x080029f3   Thumb Code    26  stm32f10x_tim.o(.text)
    TIM_OC3PolarityConfig                    0x08002a0d   Thumb Code    26  stm32f10x_tim.o(.text)
    TIM_OC3NPolarityConfig                   0x08002a27   Thumb Code    26  stm32f10x_tim.o(.text)
    TIM_OC4PolarityConfig                    0x08002a41   Thumb Code    26  stm32f10x_tim.o(.text)
    TIM_CCxCmd                               0x08002a5b   Thumb Code    30  stm32f10x_tim.o(.text)
    TIM_CCxNCmd                              0x08002a79   Thumb Code    30  stm32f10x_tim.o(.text)
    TIM_SelectOCxM                           0x08002a97   Thumb Code    82  stm32f10x_tim.o(.text)
    TIM_UpdateDisableConfig                  0x08002ae9   Thumb Code    24  stm32f10x_tim.o(.text)
    TIM_UpdateRequestConfig                  0x08002b01   Thumb Code    24  stm32f10x_tim.o(.text)
    TIM_SelectHallSensor                     0x08002b19   Thumb Code    24  stm32f10x_tim.o(.text)
    TIM_SelectOnePulseMode                   0x08002b31   Thumb Code    18  stm32f10x_tim.o(.text)
    TIM_SelectOutputTrigger                  0x08002b43   Thumb Code    18  stm32f10x_tim.o(.text)
    TIM_SelectSlaveMode                      0x08002b55   Thumb Code    18  stm32f10x_tim.o(.text)
    TIM_SelectMasterSlaveMode                0x08002b67   Thumb Code    18  stm32f10x_tim.o(.text)
    TIM_SetCounter                           0x08002b79   Thumb Code     4  stm32f10x_tim.o(.text)
    TIM_SetAutoreload                        0x08002b7d   Thumb Code     4  stm32f10x_tim.o(.text)
    TIM_SetCompare1                          0x08002b81   Thumb Code     4  stm32f10x_tim.o(.text)
    TIM_SetCompare2                          0x08002b85   Thumb Code     4  stm32f10x_tim.o(.text)
    TIM_SetCompare3                          0x08002b89   Thumb Code     4  stm32f10x_tim.o(.text)
    TIM_SetCompare4                          0x08002b8d   Thumb Code     6  stm32f10x_tim.o(.text)
    TIM_SetClockDivision                     0x08002b93   Thumb Code    18  stm32f10x_tim.o(.text)
    TIM_GetCapture1                          0x08002ba5   Thumb Code     6  stm32f10x_tim.o(.text)
    TIM_GetCapture2                          0x08002bab   Thumb Code     6  stm32f10x_tim.o(.text)
    TIM_GetCapture3                          0x08002bb1   Thumb Code     6  stm32f10x_tim.o(.text)
    TIM_GetCapture4                          0x08002bb7   Thumb Code     8  stm32f10x_tim.o(.text)
    TIM_GetCounter                           0x08002bbf   Thumb Code     6  stm32f10x_tim.o(.text)
    TIM_GetPrescaler                         0x08002bc5   Thumb Code     6  stm32f10x_tim.o(.text)
    TIM_GetFlagStatus                        0x08002bcb   Thumb Code    18  stm32f10x_tim.o(.text)
    TIM_ClearFlag                            0x08002bdd   Thumb Code     6  stm32f10x_tim.o(.text)
    TIM_GetITStatus                          0x08002be3   Thumb Code    34  stm32f10x_tim.o(.text)
    TIM_ClearITPendingBit                    0x08002c05   Thumb Code     6  stm32f10x_tim.o(.text)
    EXTI_DeInit                              0x08002c0d   Thumb Code    28  stm32f10x_exti.o(.text)
    EXTI_Init                                0x08002c29   Thumb Code   142  stm32f10x_exti.o(.text)
    EXTI_StructInit                          0x08002cb7   Thumb Code    16  stm32f10x_exti.o(.text)
    EXTI_GenerateSWInterrupt                 0x08002cc7   Thumb Code    16  stm32f10x_exti.o(.text)
    EXTI_GetFlagStatus                       0x08002cd7   Thumb Code    22  stm32f10x_exti.o(.text)
    EXTI_ClearFlag                           0x08002ced   Thumb Code     8  stm32f10x_exti.o(.text)
    EXTI_GetITStatus                         0x08002cf5   Thumb Code    34  stm32f10x_exti.o(.text)
    EXTI_ClearITPendingBit                   0x08002d17   Thumb Code     8  stm32f10x_exti.o(.text)
    delay_init                               0x08002d29   Thumb Code    50  delay.o(.text)
    delay_us                                 0x08002d5b   Thumb Code    72  delay.o(.text)
    delay_ms                                 0x08002da3   Thumb Code    72  delay.o(.text)
    WFI_SET                                  0x08002dfd   Thumb Code     4  sys.o(.text)
    INTX_DISABLE                             0x08002e01   Thumb Code     4  sys.o(.text)
    INTX_ENABLE                              0x08002e05   Thumb Code     4  sys.o(.text)
    _sys_exit                                0x08002e09   Thumb Code     6  usart.o(.text)
    fputc                                    0x08002e0f   Thumb Code    24  usart.o(.text)
    uart_init                                0x08002e27   Thumb Code   152  usart.o(.text)
    USART1_IRQHandler                        0x08002ebf   Thumb Code   122  usart.o(.text)
    LED_Init                                 0x08002f49   Thumb Code    72  led.o(.text)
    KEY_Init                                 0x08002f99   Thumb Code    82  key.o(.text)
    KEY_Scan                                 0x08002feb   Thumb Code   154  key.o(.text)
    LCD_WR_REG                               0x08003095   Thumb Code    60  lcd.o(.text)
    LCD_WR_DATAX                             0x080030d1   Thumb Code    60  lcd.o(.text)
    LCD_RD_DATA                              0x0800310d   Thumb Code   118  lcd.o(.text)
    LCD_WriteReg                             0x08003183   Thumb Code    68  lcd.o(.text)
    LCD_ReadReg                              0x080031c7   Thumb Code    16  lcd.o(.text)
    LCD_WriteRAM_Prepare                     0x080031d7   Thumb Code    12  lcd.o(.text)
    LCD_WriteRAM                             0x080031e3   Thumb Code    60  lcd.o(.text)
    LCD_BGR2RGB                              0x0800321f   Thumb Code    26  lcd.o(.text)
    LCD_SetCursor                            0x08003239   Thumb Code   860  lcd.o(.text)
    LCD_ReadPoint                            0x08003595   Thumb Code   464  lcd.o(.text)
    LCD_DisplayOn                            0x08003765   Thumb Code    80  lcd.o(.text)
    LCD_DisplayOff                           0x080037b5   Thumb Code    78  lcd.o(.text)
    LCD_Scan_Dir                             0x08003803   Thumb Code  1504  lcd.o(.text)
    LCD_DrawPoint                            0x08003de3   Thumb Code    76  lcd.o(.text)
    LCD_Fast_DrawPoint                       0x08003e2f   Thumb Code   980  lcd.o(.text)
    LCD_Display_Dir                          0x08004203   Thumb Code   420  lcd.o(.text)
    LCD_Set_Window                           0x080043a7   Thumb Code  1212  lcd.o(.text)
    LCD_Clear                                0x08004863   Thumb Code   164  lcd.o(.text)
    LCD_Init                                 0x08004907   Thumb Code 14876  lcd.o(.text)
    LCD_Fill                                 0x08008323   Thumb Code   226  lcd.o(.text)
    LCD_Color_Fill                           0x08008405   Thumb Code   140  lcd.o(.text)
    LCD_DrawLine                             0x08008491   Thumb Code   176  lcd.o(.text)
    LCD_DrawRectangle                        0x08008541   Thumb Code    80  lcd.o(.text)
    LCD_Draw_Circle                          0x08008591   Thumb Code   176  lcd.o(.text)
    LCD_ShowChar                             0x08008641   Thumb Code   272  lcd.o(.text)
    LCD_Pow                                  0x08008751   Thumb Code    22  lcd.o(.text)
    LCD_ShowNum                              0x08008767   Thumb Code   148  lcd.o(.text)
    LCD_ShowxNum                             0x080087fb   Thumb Code   190  lcd.o(.text)
    LCD_ShowString                           0x080088b9   Thumb Code   102  lcd.o(.text)
    SPI1_ReadWriteByte                       0x08008939   Thumb Code    78  spi.o(.text)
    SPI1_Init                                0x08008987   Thumb Code   108  spi.o(.text)
    SPI1_SetSpeed                            0x080089f3   Thumb Code    34  spi.o(.text)
    ENC28J60_Read_Op                         0x08008a21   Thumb Code    60  enc28j60.o(.text)
    ENC28J60_Write_Op                        0x08008a5d   Thumb Code    50  enc28j60.o(.text)
    ENC28J60_Set_Bank                        0x08008a8f   Thumb Code    48  enc28j60.o(.text)
    ENC28J60_Read                            0x08008abf   Thumb Code    20  enc28j60.o(.text)
    ENC28J60_Write                           0x08008ad3   Thumb Code    24  enc28j60.o(.text)
    ENC28J60_PHY_Read                        0x08008aeb   Thumb Code    94  enc28j60.o(.text)
    ENC28J60_Get_Duplex                      0x08008b49   Thumb Code    16  enc28j60.o(.text)
    ENC28J60_PHY_Write                       0x08008b59   Thumb Code    60  enc28j60.o(.text)
    ENC28J60_Get_EREVID                      0x08008b95   Thumb Code    14  enc28j60.o(.text)
    ENC28J60_Init                            0x08008ba3   Thumb Code   752  enc28j60.o(.text)
    ENC28J60_Read_Buf                        0x08008e93   Thumb Code    48  enc28j60.o(.text)
    ENC28J60_Write_Buf                       0x08008ec3   Thumb Code    42  enc28j60.o(.text)
    ENC28J60_Packet_Send                     0x08008eed   Thumb Code   154  enc28j60.o(.text)
    ENC28J60_Packet_Receive                  0x08008f87   Thumb Code   212  enc28j60.o(.text)
    ENC28J60_ISRHandler                      0x0800905b   Thumb Code   180  enc28j60.o(.text)
    EXTI1_IRQHandler                         0x0800910f   Thumb Code    24  enc28j60.o(.text)
    TIM3_Int_Init                            0x08009191   Thumb Code    90  timer.o(.text)
    TIM3_IRQHandler                          0x080091eb   Thumb Code    34  timer.o(.text)
    usmart_sys_cmd_exe                       0x08009215   Thumb Code  1554  usmart.o(.text)
    usmart_reset_runtime                     0x08009827   Thumb Code    38  usmart.o(.text)
    usmart_get_runtime                       0x0800984d   Thumb Code    60  usmart.o(.text)
    TIM4_IRQHandler                          0x08009889   Thumb Code    46  usmart.o(.text)
    Timer4_Init                              0x080098b7   Thumb Code    88  usmart.o(.text)
    usmart_init                              0x0800990f   Thumb Code    36  usmart.o(.text)
    usmart_cmd_rec                           0x08009933   Thumb Code   170  usmart.o(.text)
    usmart_exe                               0x080099dd   Thumb Code   870  usmart.o(.text)
    usmart_scan                              0x08009d43   Thumb Code   120  usmart.o(.text)
    read_addr                                0x08009dbb   Thumb Code     6  usmart.o(.text)
    write_addr                               0x08009dc1   Thumb Code     4  usmart.o(.text)
    usmart_strcmp                            0x08009e4d   Thumb Code    34  usmart_str.o(.text)
    usmart_strcopy                           0x08009e6f   Thumb Code    22  usmart_str.o(.text)
    usmart_strlen                            0x08009e85   Thumb Code    24  usmart_str.o(.text)
    usmart_pow                               0x08009e9d   Thumb Code    22  usmart_str.o(.text)
    usmart_str2num                           0x08009eb3   Thumb Code   202  usmart_str.o(.text)
    usmart_get_cmdname                       0x08009f7d   Thumb Code    54  usmart_str.o(.text)
    usmart_search_nextc                      0x08009fb3   Thumb Code    22  usmart_str.o(.text)
    usmart_get_fname                         0x08009fc9   Thumb Code   440  usmart_str.o(.text)
    usmart_get_aparm                         0x0800a181   Thumb Code   200  usmart_str.o(.text)
    usmart_get_parmpos                       0x0800a249   Thumb Code    26  usmart_str.o(.text)
    usmart_get_fparam                        0x0800a263   Thumb Code   262  usmart_str.o(.text)
    mymemcpy                                 0x0800a375   Thumb Code    26  malloc.o(.text)
    mymemset                                 0x0800a38f   Thumb Code    20  malloc.o(.text)
    my_mem_init                              0x0800a3a3   Thumb Code    54  malloc.o(.text)
    my_mem_perused                           0x0800a3d9   Thumb Code    54  malloc.o(.text)
    my_mem_malloc                            0x0800a40f   Thumb Code   162  malloc.o(.text)
    my_mem_free                              0x0800a4b1   Thumb Code    94  malloc.o(.text)
    myfree                                   0x0800a50f   Thumb Code    32  malloc.o(.text)
    mymalloc                                 0x0800a52f   Thumb Code    36  malloc.o(.text)
    myrealloc                                0x0800a553   Thumb Code    68  malloc.o(.text)
    lwip_comm_mem_free                       0x0800a5a9   Thumb Code    24  lwip_comm.o(.text)
    lwip_comm_mem_malloc                     0x0800a5c1   Thumb Code    60  lwip_comm.o(.text)
    lwip_comm_default_ip_set                 0x0800a5fd   Thumb Code   102  lwip_comm.o(.text)
    lwip_comm_init                           0x0800a663   Thumb Code   104  lwip_comm.o(.text)
    lwip_pkt_handle                          0x0800a6cb   Thumb Code    10  lwip_comm.o(.text)
    lwip_dhcp_process_handle                 0x0800a6d5   Thumb Code   418  lwip_comm.o(.text)
    lwip_periodic_handle                     0x0800a877   Thumb Code   138  lwip_comm.o(.text)
    etharp_tmr                               0x0800ab0b   Thumb Code   136  etharp.o(.text)
    etharp_cleanup_netif                     0x0800ae95   Thumb Code   336  etharp.o(.text)
    etharp_find_addr                         0x0800afe5   Thumb Code   110  etharp.o(.text)
    etharp_request                           0x0800b297   Thumb Code    36  etharp.o(.text)
    etharp_query                             0x0800b349   Thumb Code   660  etharp.o(.text)
    etharp_output                            0x0800b5dd   Thumb Code   388  etharp.o(.text)
    ethernet_input                           0x0800b761   Thumb Code   200  etharp.o(.text)
    ethernetif_input                         0x0800b98b   Thumb Code    44  ethernetif.o(.text)
    ethernetif_init                          0x0800b9b7   Thumb Code    56  ethernetif.o(.text)
    icmp_input                               0x0800baa1   Thumb Code   506  icmp.o(.text)
    icmp_dest_unreach                        0x0800bd23   Thumb Code    18  icmp.o(.text)
    icmp_time_exceeded                       0x0800bd35   Thumb Code    18  icmp.o(.text)
    inet_chksum_pseudo                       0x0800bf1b   Thumb Code   162  inet_chksum.o(.text)
    inet_chksum_pseudo_partial               0x0800bfbd   Thumb Code   210  inet_chksum.o(.text)
    inet_chksum                              0x0800c08f   Thumb Code    20  inet_chksum.o(.text)
    inet_chksum_pbuf                         0x0800c0a3   Thumb Code    86  inet_chksum.o(.text)
    ip_route                                 0x0800c161   Thumb Code    76  ip.o(.text)
    ip_input                                 0x0800c1ad   Thumb Code   440  ip.o(.text)
    ip_output_if                             0x0800c365   Thumb Code   306  ip.o(.text)
    ip_output                                0x0800c497   Thumb Code    80  ip.o(.text)
    ip4_addr_isbroadcast                     0x0800c595   Thumb Code    78  ip_addr.o(.text)
    ip4_addr_netmask_valid                   0x0800c5e3   Thumb Code    56  ip_addr.o(.text)
    ipaddr_aton                              0x0800c61b   Thumb Code   364  ip_addr.o(.text)
    ipaddr_addr                              0x0800c787   Thumb Code    24  ip_addr.o(.text)
    ipaddr_ntoa_r                            0x0800c79f   Thumb Code   168  ip_addr.o(.text)
    ipaddr_ntoa                              0x0800c847   Thumb Code    16  ip_addr.o(.text)
    ip_reass_tmr                             0x0800ca11   Thumb Code    48  ip_frag.o(.text)
    ip_reass                                 0x0800ce51   Thumb Code   386  ip_frag.o(.text)
    ip_frag                                  0x0800d059   Thumb Code   618  ip_frag.o(.text)
    lwip_htons                               0x0800d2c3   Thumb Code    12  def.o(.text)
    lwip_ntohs                               0x0800d2cf   Thumb Code    12  def.o(.text)
    lwip_htonl                               0x0800d2db   Thumb Code    26  def.o(.text)
    lwip_ntohl                               0x0800d2f5   Thumb Code    12  def.o(.text)
    dhcp_renew                               0x0800db81   Thumb Code   132  dhcp.o(.text)
    dhcp_coarse_tmr                          0x0800dcc7   Thumb Code    62  dhcp.o(.text)
    dhcp_release                             0x0800ddff   Thumb Code   160  dhcp.o(.text)
    dhcp_fine_tmr                            0x0800e053   Thumb Code    64  dhcp.o(.text)
    dhcp_set_struct                          0x0800e103   Thumb Code   106  dhcp.o(.text)
    dhcp_cleanup                             0x0800e16d   Thumb Code   188  dhcp.o(.text)
    dhcp_stop                                0x0800e229   Thumb Code   108  dhcp.o(.text)
    dhcp_start                               0x0800e8af   Thumb Code   276  dhcp.o(.text)
    dhcp_inform                              0x0800e9c3   Thumb Code   192  dhcp.o(.text)
    dhcp_network_changed                     0x0800ea83   Thumb Code   150  dhcp.o(.text)
    dhcp_arp_reply                           0x0800eb97   Thumb Code    68  dhcp.o(.text)
    lwip_init                                0x0800ebe5   Thumb Code    28  init.o(.text)
    mem_init                                 0x0800ecdb   Thumb Code    78  mem.o(.text)
    mem_free                                 0x0800ed29   Thumb Code   148  mem.o(.text)
    mem_trim                                 0x0800edbd   Thumb Code   308  mem.o(.text)
    mem_malloc                               0x0800eef1   Thumb Code   740  mem.o(.text)
    mem_calloc                               0x0800f1d5   Thumb Code    34  mem.o(.text)
    memp_get_memorysize                      0x0800f2a5   Thumb Code     8  memp.o(.text)
    memp_init                                0x0800f2ad   Thumb Code    86  memp.o(.text)
    memp_malloc                              0x0800f303   Thumb Code    88  memp.o(.text)
    memp_free                                0x0800f35b   Thumb Code    58  memp.o(.text)
    netif_init                               0x0800f459   Thumb Code     2  netif.o(.text)
    netif_set_gw                             0x0800f45b   Thumb Code    12  netif.o(.text)
    netif_set_netmask                        0x0800f467   Thumb Code    12  netif.o(.text)
    netif_set_ipaddr                         0x0800f473   Thumb Code   110  netif.o(.text)
    netif_set_addr                           0x0800f4e1   Thumb Code    40  netif.o(.text)
    netif_add                                0x0800f509   Thumb Code   120  netif.o(.text)
    netif_set_default                        0x0800f581   Thumb Code     6  netif.o(.text)
    netif_set_down                           0x0800f587   Thumb Code    42  netif.o(.text)
    netif_remove                             0x0800f5b1   Thumb Code    90  netif.o(.text)
    netif_find                               0x0800f60b   Thumb Code    64  netif.o(.text)
    netif_set_up                             0x0800f64b   Thumb Code    54  netif.o(.text)
    netif_set_link_up                        0x0800f681   Thumb Code    66  netif.o(.text)
    netif_set_link_down                      0x0800f6c3   Thumb Code    24  netif.o(.text)
    pbuf_free                                0x0800f759   Thumb Code   244  pbuf.o(.text)
    pbuf_alloc                               0x0800f84d   Thumb Code   644  pbuf.o(.text)
    pbuf_alloced_custom                      0x0800fad1   Thumb Code   674  pbuf.o(.text)
    pbuf_realloc                             0x0800fd73   Thumb Code   268  pbuf.o(.text)
    pbuf_header                              0x0800fe7f   Thumb Code   206  pbuf.o(.text)
    pbuf_clen                                0x0800ff4d   Thumb Code    18  pbuf.o(.text)
    pbuf_ref                                 0x0800ff5f   Thumb Code    10  pbuf.o(.text)
    pbuf_cat                                 0x0800ff69   Thumb Code   138  pbuf.o(.text)
    pbuf_chain                               0x0800fff3   Thumb Code    22  pbuf.o(.text)
    pbuf_dechain                             0x08010009   Thumb Code   122  pbuf.o(.text)
    pbuf_copy                                0x08010083   Thumb Code   814  pbuf.o(.text)
    pbuf_copy_partial                        0x080103b1   Thumb Code   190  pbuf.o(.text)
    pbuf_take                                0x0801046f   Thumb Code   210  pbuf.o(.text)
    pbuf_coalesce                            0x08010541   Thumb Code    84  pbuf.o(.text)
    pbuf_get_at                              0x08010595   Thumb Code    46  pbuf.o(.text)
    pbuf_memcmp                              0x080105c3   Thumb Code    96  pbuf.o(.text)
    pbuf_memfind                             0x08010623   Thumb Code    76  pbuf.o(.text)
    pbuf_strstr                              0x0801066f   Thumb Code    60  pbuf.o(.text)
    raw_input                                0x08010795   Thumb Code   102  raw.o(.text)
    raw_bind                                 0x080107fb   Thumb Code    16  raw.o(.text)
    raw_connect                              0x0801080b   Thumb Code    16  raw.o(.text)
    raw_recv                                 0x0801081b   Thumb Code     6  raw.o(.text)
    raw_sendto                               0x08010821   Thumb Code   178  raw.o(.text)
    raw_send                                 0x080108d3   Thumb Code    18  raw.o(.text)
    raw_remove                               0x080108e5   Thumb Code    60  raw.o(.text)
    raw_new                                  0x08010921   Thumb Code    42  raw.o(.text)
    tcp_init                                 0x080109d1   Thumb Code     2  tcp.o(.text)
    tcp_seg_free                             0x080109d3   Thumb Code    26  tcp.o(.text)
    tcp_segs_free                            0x080109ed   Thumb Code    24  tcp.o(.text)
    tcp_pcb_purge                            0x08010a05   Thumb Code    64  tcp.o(.text)
    tcp_slowtmr                              0x08010a45   Thumb Code  1420  tcp.o(.text)
    tcp_pcb_remove                           0x08010fd1   Thumb Code   192  tcp.o(.text)
    tcp_close                                0x0801125d   Thumb Code    28  tcp.o(.text)
    tcp_update_rcv_ann_wnd                   0x08011279   Thumb Code   106  tcp.o(.text)
    tcp_recved                               0x080112e3   Thumb Code   132  tcp.o(.text)
    tcp_recv_null                            0x08011367   Thumb Code   298  tcp.o(.text)
    tcp_process_refused_data                 0x08011491   Thumb Code   140  tcp.o(.text)
    tcp_fasttmr                              0x0801151d   Thumb Code   110  tcp.o(.text)
    tcp_tmr                                  0x0801158b   Thumb Code    30  tcp.o(.text)
    tcp_shutdown                             0x080115a9   Thumb Code    98  tcp.o(.text)
    tcp_abandon                              0x0801160b   Thumb Code   164  tcp.o(.text)
    tcp_abort                                0x080116af   Thumb Code    14  tcp.o(.text)
    tcp_bind                                 0x0801171d   Thumb Code   166  tcp.o(.text)
    tcp_listen_with_backlog                  0x080117cb   Thumb Code   222  tcp.o(.text)
    tcp_eff_send_mss                         0x080118a9   Thumb Code    46  tcp.o(.text)
    tcp_next_iss                             0x080118d7   Thumb Code    20  tcp.o(.text)
    tcp_connect                              0x080118eb   Thumb Code   580  tcp.o(.text)
    tcp_setprio                              0x08011b2f   Thumb Code     4  tcp.o(.text)
    tcp_alloc                                0x08011bb1   Thumb Code   174  tcp.o(.text)
    tcp_new                                  0x08011c5f   Thumb Code    10  tcp.o(.text)
    tcp_arg                                  0x08011c69   Thumb Code     4  tcp.o(.text)
    tcp_recv                                 0x08011c6d   Thumb Code    42  tcp.o(.text)
    tcp_sent                                 0x08011c97   Thumb Code    42  tcp.o(.text)
    tcp_err                                  0x08011cc1   Thumb Code    44  tcp.o(.text)
    tcp_accept                               0x08011ced   Thumb Code     4  tcp.o(.text)
    tcp_poll                                 0x08011cf1   Thumb Code    50  tcp.o(.text)
    tcp_debug_state_str                      0x08011d23   Thumb Code    10  tcp.o(.text)
    tcp_input                                0x08012f31   Thumb Code  1682  tcp_in.o(.text)
    tcp_enqueue_flags                        0x08013705   Thumb Code   396  tcp_out.o(.text)
    tcp_send_fin                             0x08013891   Thumb Code    74  tcp_out.o(.text)
    tcp_write                                0x08013b67   Thumb Code  1564  tcp_out.o(.text)
    tcp_send_empty_ack                       0x08014183   Thumb Code    96  tcp_out.o(.text)
    tcp_output                               0x080142c3   Thumb Code   662  tcp_out.o(.text)
    tcp_rst                                  0x08014559   Thumb Code   172  tcp_out.o(.text)
    tcp_rexmit_rto                           0x08014605   Thumb Code    58  tcp_out.o(.text)
    tcp_rexmit                               0x0801463f   Thumb Code    90  tcp_out.o(.text)
    tcp_rexmit_fast                          0x08014699   Thumb Code   112  tcp_out.o(.text)
    tcp_keepalive                            0x08014709   Thumb Code    86  tcp_out.o(.text)
    tcp_zero_window_probe                    0x0801475f   Thumb Code   182  tcp_out.o(.text)
    sys_timeout                              0x08014815   Thumb Code   174  timers.o(.text)
    tcp_timer_needed                         0x080148eb   Thumb Code    38  timers.o(.text)
    sys_timeouts_init                        0x08014969   Thumb Code    60  timers.o(.text)
    sys_untimeout                            0x080149a5   Thumb Code    90  timers.o(.text)
    sys_check_timeouts                       0x080149ff   Thumb Code    92  timers.o(.text)
    sys_restart_timeouts                     0x08014a5b   Thumb Code    12  timers.o(.text)
    udp_init                                 0x08014b25   Thumb Code     2  udp.o(.text)
    udp_input                                0x08014b77   Thumb Code   518  udp.o(.text)
    udp_bind                                 0x08014d7d   Thumb Code   146  udp.o(.text)
    udp_sendto_if                            0x08014e0f   Thumb Code   466  udp.o(.text)
    udp_sendto                               0x08014fe1   Thumb Code    46  udp.o(.text)
    udp_send                                 0x0801500f   Thumb Code    20  udp.o(.text)
    udp_connect                              0x08015023   Thumb Code    94  udp.o(.text)
    udp_disconnect                           0x08015081   Thumb Code    16  udp.o(.text)
    udp_recv                                 0x08015091   Thumb Code     6  udp.o(.text)
    udp_remove                               0x08015097   Thumb Code    60  udp.o(.text)
    udp_new                                  0x080150d3   Thumb Code    28  udp.o(.text)
    sys_now                                  0x080150f5   Thumb Code     6  sys_arch.o(.text)
    vListInitialise                          0x08015101   Thumb Code    26  list.o(.text)
    vListInitialiseItem                      0x0801511b   Thumb Code     6  list.o(.text)
    vListInsertEnd                           0x08015121   Thumb Code    24  list.o(.text)
    vListInsert                              0x08015139   Thumb Code    52  list.o(.text)
    uxListRemove                             0x0801516d   Thumb Code    40  list.o(.text)
    xQueueGenericReset                       0x08015195   Thumb Code   136  queue.o(.text)
    xQueueGenericCreate                      0x0801524b   Thumb Code    78  queue.o(.text)
    xQueueGenericSend                        0x08015441   Thumb Code   464  queue.o(.text)
    xQueueCreateMutex                        0x0801562d   Thumb Code    34  queue.o(.text)
    xQueueGiveMutexRecursive                 0x0801564f   Thumb Code    66  queue.o(.text)
    xQueueGenericReceive                     0x080156d5   Thumb Code   428  queue.o(.text)
    xQueueTakeMutexRecursive                 0x08015881   Thumb Code    76  queue.o(.text)
    xQueueCreateCountingSemaphore            0x080158cd   Thumb Code    80  queue.o(.text)
    xQueueGenericSendFromISR                 0x0801591d   Thumb Code   252  queue.o(.text)
    xQueueGiveFromISR                        0x08015a19   Thumb Code   228  queue.o(.text)
    xQueueReceiveFromISR                     0x08015afd   Thumb Code   190  queue.o(.text)
    xQueuePeekFromISR                        0x08015bbb   Thumb Code   158  queue.o(.text)
    uxQueueMessagesWaiting                   0x08015c59   Thumb Code    36  queue.o(.text)
    uxQueueSpacesAvailable                   0x08015c7d   Thumb Code    42  queue.o(.text)
    uxQueueMessagesWaitingFromISR            0x08015ca7   Thumb Code    28  queue.o(.text)
    vQueueUnregisterQueue                    0x08015cc3   Thumb Code    44  queue.o(.text)
    vQueueDelete                             0x08015cef   Thumb Code    38  queue.o(.text)
    uxQueueGetQueueNumber                    0x08015d15   Thumb Code     6  queue.o(.text)
    vQueueSetQueueNumber                     0x08015d1b   Thumb Code     4  queue.o(.text)
    ucQueueGetQueueType                      0x08015d1f   Thumb Code     8  queue.o(.text)
    xQueueIsQueueEmptyFromISR                0x08015d27   Thumb Code    36  queue.o(.text)
    xQueueIsQueueFullFromISR                 0x08015d4b   Thumb Code    40  queue.o(.text)
    vQueueAddToRegistry                      0x08015d73   Thumb Code    38  queue.o(.text)
    pcQueueGetName                           0x08015d99   Thumb Code    38  queue.o(.text)
    vQueueWaitForMessageRestricted           0x08015dbf   Thumb Code    74  queue.o(.text)
    xQueueCreateSet                          0x08015e09   Thumb Code    20  queue.o(.text)
    xQueueAddToSet                           0x08015e1d   Thumb Code    38  queue.o(.text)
    xQueueRemoveFromSet                      0x08015e43   Thumb Code    48  queue.o(.text)
    xQueueSelectFromSet                      0x08015e73   Thumb Code    26  queue.o(.text)
    xQueueSelectFromSetFromISR               0x08015e8d   Thumb Code    22  queue.o(.text)
    xTaskCreate                              0x08016035   Thumb Code    96  tasks.o(.text)
    vTaskDelete                              0x080160d1   Thumb Code   192  tasks.o(.text)
    xTaskIncrementTick                       0x08016191   Thumb Code   400  tasks.o(.text)
    xTaskResumeAll                           0x08016321   Thumb Code   218  tasks.o(.text)
    vTaskSuspendAll                          0x08016477   Thumb Code    12  tasks.o(.text)
    vTaskDelayUntil                          0x08016483   Thumb Code   182  tasks.o(.text)
    vTaskDelay                               0x08016539   Thumb Code    76  tasks.o(.text)
    eTaskGetState                            0x08016585   Thumb Code   106  tasks.o(.text)
    uxTaskPriorityGet                        0x080165ef   Thumb Code    30  tasks.o(.text)
    uxTaskPriorityGetFromISR                 0x0801660d   Thumb Code    62  tasks.o(.text)
    vTaskPrioritySet                         0x0801664b   Thumb Code   320  tasks.o(.text)
    vTaskSwitchContext                       0x0801678b   Thumb Code   114  tasks.o(.text)
    vTaskSuspend                             0x080167fd   Thumb Code   190  tasks.o(.text)
    vTaskResume                              0x08016907   Thumb Code   122  tasks.o(.text)
    xTaskResumeFromISR                       0x08016981   Thumb Code   152  tasks.o(.text)
    vTaskStartScheduler                      0x08016a8f   Thumb Code   112  tasks.o(.text)
    vTaskEndScheduler                        0x08016aff   Thumb Code    32  tasks.o(.text)
    xTaskGetTickCount                        0x08016b1f   Thumb Code     6  tasks.o(.text)
    xTaskGetTickCountFromISR                 0x08016b25   Thumb Code    16  tasks.o(.text)
    uxTaskGetNumberOfTasks                   0x08016b35   Thumb Code     6  tasks.o(.text)
    pcTaskGetName                            0x08016b3b   Thumb Code   114  tasks.o(.text)
    vTaskGetInfo                             0x08016bc3   Thumb Code   114  tasks.o(.text)
    uxTaskGetSystemState                     0x08016c9f   Thumb Code   152  tasks.o(.text)
    vTaskPlaceOnEventList                    0x08016d37   Thumb Code    46  tasks.o(.text)
    vTaskPlaceOnUnorderedEventList           0x08016d65   Thumb Code    88  tasks.o(.text)
    vTaskPlaceOnEventListRestricted          0x08016dbd   Thumb Code    54  tasks.o(.text)
    xTaskRemoveFromEventList                 0x08016df3   Thumb Code   122  tasks.o(.text)
    xTaskRemoveFromUnorderedEventList        0x08016e6d   Thumb Code   142  tasks.o(.text)
    vTaskSetTimeOutState                     0x08016efb   Thumb Code    36  tasks.o(.text)
    xTaskCheckForTimeOut                     0x08016f1f   Thumb Code   124  tasks.o(.text)
    vTaskMissedYield                         0x08016f9b   Thumb Code     8  tasks.o(.text)
    uxTaskGetTaskNumber                      0x08016fa3   Thumb Code    66  tasks.o(.text)
    vTaskSetTaskNumber                       0x08016fe5   Thumb Code     8  tasks.o(.text)
    xTaskGetCurrentTaskHandle                0x08016fed   Thumb Code     6  tasks.o(.text)
    xTaskGetSchedulerState                   0x08016ff3   Thumb Code    24  tasks.o(.text)
    vTaskPriorityInherit                     0x0801700b   Thumb Code   164  tasks.o(.text)
    xTaskPriorityDisinherit                  0x080170af   Thumb Code   176  tasks.o(.text)
    vTaskList                                0x08017189   Thumb Code   204  tasks.o(.text)
    uxTaskResetEventItemValue                0x08017255   Thumb Code    24  tasks.o(.text)
    pvTaskIncrementMutexHeldCount            0x0801726d   Thumb Code    26  tasks.o(.text)
    ulTaskNotifyTake                         0x08017287   Thumb Code   108  tasks.o(.text)
    xTaskNotifyWait                          0x080172f3   Thumb Code   150  tasks.o(.text)
    xTaskGenericNotify                       0x08017389   Thumb Code   276  tasks.o(.text)
    xTaskGenericNotifyFromISR                0x0801749d   Thumb Code   282  tasks.o(.text)
    vTaskNotifyGiveFromISR                   0x080175b7   Thumb Code   200  tasks.o(.text)
    xTaskNotifyStateClear                    0x0801767f   Thumb Code    48  tasks.o(.text)
    pvPortMalloc                             0x08017793   Thumb Code   262  heap_4.o(.text)
    vPortFree                                0x08017899   Thumb Code   120  heap_4.o(.text)
    xPortGetFreeHeapSize                     0x08017911   Thumb Code     6  heap_4.o(.text)
    xPortGetMinimumEverFreeHeapSize          0x08017917   Thumb Code     6  heap_4.o(.text)
    vPortInitialiseBlocks                    0x0801791d   Thumb Code     2  heap_4.o(.text)
    pxPortInitialiseStack                    0x080179a9   Thumb Code    30  port.o(.text)
    vPortSetupTimerInterrupt                 0x080179c7   Thumb Code    26  port.o(.text)
    xPortStartScheduler                      0x080179e1   Thumb Code   140  port.o(.text)
    vPortEndScheduler                        0x08017a6d   Thumb Code    34  port.o(.text)
    vPortEnterCritical                       0x08017a8f   Thumb Code    70  port.o(.text)
    vPortExitCritical                        0x08017ad5   Thumb Code    48  port.o(.text)
    xPortSysTickHandler                      0x08017b05   Thumb Code    48  port.o(.text)
    vPortValidateInterruptPriority           0x08017b35   Thumb Code    88  port.o(.text)
    __use_no_semihosting                     0x08017be9   Thumb Code     2  use_no_semi_2.o(.text)
    __2printf                                0x08017bed   Thumb Code    20  noretval__2printf.o(.text)
    __2sprintf                               0x08017c05   Thumb Code    34  noretval__2sprintf.o(.text)
    _printf_pre_padding                      0x08017c2d   Thumb Code    44  _printf_pad.o(.text)
    _printf_post_padding                     0x08017c59   Thumb Code    34  _printf_pad.o(.text)
    _printf_str                              0x08017c7b   Thumb Code    82  _printf_str.o(.text)
    _printf_int_dec                          0x08017ccd   Thumb Code   104  _printf_dec.o(.text)
    _printf_int_hex                          0x08017d45   Thumb Code    84  _printf_hex_int.o(.text)
    _printf_longlong_hex                     0x08017d45   Thumb Code     0  _printf_hex_int.o(.text)
    __printf                                 0x08017d9d   Thumb Code   388  __printf_flags_ss_wp.o(.text)
    memcmp                                   0x08017f25   Thumb Code    88  memcmp.o(.text)
    strcpy                                   0x08017f7d   Thumb Code    72  strcpy.o(.text)
    strlen                                   0x08017fc5   Thumb Code    62  strlen.o(.text)
    __aeabi_memcpy                           0x08018003   Thumb Code     0  rt_memcpy_v6.o(.text)
    __rt_memcpy                              0x08018003   Thumb Code   138  rt_memcpy_v6.o(.text)
    _memcpy_lastbytes                        0x08018069   Thumb Code     0  rt_memcpy_v6.o(.text)
    __aeabi_memset                           0x0801808d   Thumb Code    16  aeabi_memset.o(.text)
    __aeabi_memclr                           0x0801809d   Thumb Code     0  rt_memclr.o(.text)
    __rt_memclr                              0x0801809d   Thumb Code    68  rt_memclr.o(.text)
    _memset                                  0x080180a1   Thumb Code     0  rt_memclr.o(.text)
    __aeabi_memclr4                          0x080180e1   Thumb Code     0  rt_memclr_w.o(.text)
    __aeabi_memclr8                          0x080180e1   Thumb Code     0  rt_memclr_w.o(.text)
    __rt_memclr_w                            0x080180e1   Thumb Code    78  rt_memclr_w.o(.text)
    _memset_w                                0x080180e5   Thumb Code     0  rt_memclr_w.o(.text)
    __use_two_region_memory                  0x0801812f   Thumb Code     2  heapauxi.o(.text)
    __rt_heap_escrow$2region                 0x08018131   Thumb Code     2  heapauxi.o(.text)
    __rt_heap_expand$2region                 0x08018133   Thumb Code     2  heapauxi.o(.text)
    __I$use$semihosting                      0x08018135   Thumb Code     0  use_no_semi.o(.text)
    __use_no_semihosting_swi                 0x08018135   Thumb Code     2  use_no_semi.o(.text)
    _printf_int_common                       0x08018137   Thumb Code   178  _printf_intcommon.o(.text)
    _printf_char_common                      0x080181f3   Thumb Code    32  _printf_char_common.o(.text)
    _sputc                                   0x08018219   Thumb Code    10  _sputc.o(.text)
    _printf_cs_common                        0x08018223   Thumb Code    20  _printf_char.o(.text)
    _printf_char                             0x08018237   Thumb Code    16  _printf_char.o(.text)
    _printf_string                           0x08018247   Thumb Code     8  _printf_char.o(.text)
    _printf_char_file                        0x08018251   Thumb Code    32  _printf_char_file.o(.text)
    __aeabi_memcpy4                          0x08018275   Thumb Code     0  rt_memcpy_w.o(.text)
    __aeabi_memcpy8                          0x08018275   Thumb Code     0  rt_memcpy_w.o(.text)
    __rt_memcpy_w                            0x08018275   Thumb Code   100  rt_memcpy_w.o(.text)
    _memcpy_lastbytes_aligned                0x080182bd   Thumb Code     0  rt_memcpy_w.o(.text)
    ferror                                   0x080182d9   Thumb Code     8  ferror.o(.text)
    __user_setup_stackheap                   0x080182e1   Thumb Code    74  sys_stackheap_outer.o(.text)
    exit                                     0x0801832b   Thumb Code    18  exit.o(.text)
    __user_libspace                          0x0801833d   Thumb Code     8  libspace.o(.text)
    __user_perproc_libspace                  0x0801833d   Thumb Code     0  libspace.o(.text)
    __user_perthread_libspace                0x0801833d   Thumb Code     0  libspace.o(.text)
    _is_digit                                0x08018345   Thumb Code    14  __printf_wp.o(i._is_digit)
    asc2_1206                                0x08018352   Data        1140  lcd.o(.constdata)
    asc2_1608                                0x080187c6   Data        1520  lcd.o(.constdata)
    asc2_2412                                0x08018db6   Data        3420  lcd.o(.constdata)
    memtblsize                               0x08019b14   Data           8  malloc.o(.constdata)
    memblksize                               0x08019b1c   Data           8  malloc.o(.constdata)
    memsize                                  0x08019b24   Data           8  malloc.o(.constdata)
    ethbroadcast                             0x08019b2c   Data           6  etharp.o(.constdata)
    ethzero                                  0x08019b32   Data           6  etharp.o(.constdata)
    ip_addr_any                              0x08019b38   Data           4  ip_addr.o(.constdata)
    ip_addr_broadcast                        0x08019b3c   Data           4  ip_addr.o(.constdata)
    tcp_state_str                            0x08019b68   Data          44  tcp.o(.constdata)
    tcp_backoff                              0x08019b94   Data          13  tcp.o(.constdata)
    tcp_persist_backoff                      0x08019ba1   Data           7  tcp.o(.constdata)
    tcp_pcb_lists                            0x08019ba8   Data          16  tcp.o(.constdata)
    Region$$Table$$Base                      0x08019eb8   Number         0  anon$$obj.o(Region$$Table)
    Region$$Table$$Limit                     0x08019ed8   Number         0  anon$$obj.o(Region$$Table)
    SystemCoreClock                          0x20000000   Data           4  system_stm32f10x.o(.data)
    AHBPrescTable                            0x20000004   Data          16  system_stm32f10x.o(.data)
    __stdout                                 0x20000040   Data           4  usart.o(.data)
    USART_RX_STA                             0x20000044   Data           2  usart.o(.data)
    POINT_COLOR                              0x20000048   Data           2  lcd.o(.data)
    BACK_COLOR                               0x2000004a   Data           2  lcd.o(.data)
    sys_cmd_tab                              0x2000004c   Data          28  usmart.o(.data)
    usmart_nametab                           0x20000068   Data          64  usmart_config.o(.data)
    usmart_dev                               0x200000a8   Data         244  usmart_config.o(.data)
    mallco_dev                               0x2000019c   Data          28  malloc.o(.data)
    TCPTimer                                 0x200001b8   Data           4  lwip_comm.o(.data)
    ARPTimer                                 0x200001bc   Data           4  lwip_comm.o(.data)
    lwip_localtime                           0x200001c0   Data           4  lwip_comm.o(.data)
    DHCPfineTimer                            0x200001c4   Data           4  lwip_comm.o(.data)
    DHCPcoarseTimer                          0x200001c8   Data           4  lwip_comm.o(.data)
    current_netif                            0x200001d0   Data           4  ip.o(.data)
    current_header                           0x200001d4   Data           4  ip.o(.data)
    current_iphdr_src                        0x200001d8   Data           4  ip.o(.data)
    current_iphdr_dest                       0x200001dc   Data           4  ip.o(.data)
    ram_heap                                 0x200001f0   Data           4  mem.o(.data)
    memp_memory                              0x20000200   Data           4  memp.o(.data)
    netif_list                               0x20000204   Data           4  netif.o(.data)
    netif_default                            0x20000208   Data           4  netif.o(.data)
    tcp_ticks                                0x20000218   Data           4  tcp.o(.data)
    tcp_bound_pcbs                           0x2000021c   Data           4  tcp.o(.data)
    tcp_listen_pcbs                          0x20000220   Data           4  tcp.o(.data)
    tcp_active_pcbs                          0x20000224   Data           4  tcp.o(.data)
    tcp_tw_pcbs                              0x20000228   Data           4  tcp.o(.data)
    tcp_tmp_pcb                              0x2000022c   Data           4  tcp.o(.data)
    tcp_active_pcbs_changed                  0x20000230   Data           1  tcp.o(.data)
    tcp_input_pcb                            0x20000254   Data           4  tcp_in.o(.data)
    udp_pcbs                                 0x20000268   Data           4  udp.o(.data)
    pxCurrentTCB                             0x2000026c   Data           4  tasks.o(.data)
    USART_RX_BUF                             0x200002f4   Data         200  usart.o(.bss)
    lcddev                                   0x200003bc   Data          14  lcd.o(.bss)
    SPI_InitStructure                        0x200003ca   Data          18  spi.o(.bss)
    enc28j60_dev                             0x200003dc   Data          16  enc28j60.o(.bss)
    mem1base                                 0x200003ec   Data        6144  malloc.o(.bss)
    mem1mapbase                              0x20001bec   Data         384  malloc.o(.bss)
    lwipdev                                  0x20001d6c   Data          23  lwip_comm.o(.bss)
    lwip_netif                               0x20001d84   Data          52  lwip_comm.o(.bss)
    dhcp_rx_options_val                      0x20001e90   Data          40  dhcp.o(.bss)
    dhcp_rx_options_given                    0x20001eb8   Data          10  dhcp.o(.bss)
    xQueueRegistry                           0x20001efc   Data          64  queue.o(.bss)
    __libspace_start                         0x20002a20   Data          96  libspace.o(.bss)
    __temporary_stack_top$libspace           0x20002a80   Data           0  libspace.o(.bss)
    mem2base                                 0x68000000   Data        6144  malloc.o(.ARM.__AT_0x68000000)
    mem2mapbase                              0x68001800   Data         384  malloc.o(.ARM.__AT_0x68001800)



==============================================================================

Memory Map of the image

  Image Entry point : 0x080000ed

  Load Region LR_IROM1 (Base: 0x08000000, Size: 0x0001a1a4, Max: 0x00020000, ABSOLUTE, COMPRESSED[0x00019f84])

    Execution Region ER_IROM1 (Base: 0x08000000, Size: 0x00019ed8, Max: 0x00020000, ABSOLUTE)

    Base Addr    Size         Type   Attr      Idx    E Section Name        Object

    0x08000000   0x000000ec   Data   RO          261    RESET               startup_stm32f10x_md.o
    0x080000ec   0x00000008   Code   RO         1470  * !!!main             c_w.l(__main.o)
    0x080000f4   0x00000034   Code   RO         1646    !!!scatter          c_w.l(__scatter.o)
    0x08000128   0x0000005a   Code   RO         1644    !!dczerorl2         c_w.l(__dczerorl2.o)
    0x08000182   0x00000002   PAD
    0x08000184   0x0000001c   Code   RO         1648    !!handler_zi        c_w.l(__scatter_zi.o)
    0x080001a0   0x00000000   Code   RO         1453    .ARM.Collect$$_printf_percent$$00000000  c_w.l(_printf_percent.o)
    0x080001a0   0x00000006   Code   RO         1451    .ARM.Collect$$_printf_percent$$00000009  c_w.l(_printf_d.o)
    0x080001a6   0x00000006   Code   RO         1452    .ARM.Collect$$_printf_percent$$0000000A  c_w.l(_printf_u.o)
    0x080001ac   0x00000006   Code   RO         1450    .ARM.Collect$$_printf_percent$$0000000C  c_w.l(_printf_x.o)
    0x080001b2   0x00000006   Code   RO         1448    .ARM.Collect$$_printf_percent$$00000013  c_w.l(_printf_c.o)
    0x080001b8   0x00000006   Code   RO         1449    .ARM.Collect$$_printf_percent$$00000014  c_w.l(_printf_s.o)
    0x080001be   0x00000004   Code   RO         1485    .ARM.Collect$$_printf_percent$$00000017  c_w.l(_printf_percent_end.o)
    0x080001c2   0x00000002   Code   RO         1518    .ARM.Collect$$libinit$$00000000  c_w.l(libinit.o)
    0x080001c4   0x00000000   Code   RO         1525    .ARM.Collect$$libinit$$00000002  c_w.l(libinit2.o)
    0x080001c4   0x00000000   Code   RO         1527    .ARM.Collect$$libinit$$00000004  c_w.l(libinit2.o)
    0x080001c4   0x00000000   Code   RO         1530    .ARM.Collect$$libinit$$0000000A  c_w.l(libinit2.o)
    0x080001c4   0x00000000   Code   RO         1532    .ARM.Collect$$libinit$$0000000C  c_w.l(libinit2.o)
    0x080001c4   0x00000000   Code   RO         1534    .ARM.Collect$$libinit$$0000000E  c_w.l(libinit2.o)
    0x080001c4   0x00000000   Code   RO         1537    .ARM.Collect$$libinit$$00000011  c_w.l(libinit2.o)
    0x080001c4   0x00000000   Code   RO         1539    .ARM.Collect$$libinit$$00000013  c_w.l(libinit2.o)
    0x080001c4   0x00000000   Code   RO         1541    .ARM.Collect$$libinit$$00000015  c_w.l(libinit2.o)
    0x080001c4   0x00000000   Code   RO         1543    .ARM.Collect$$libinit$$00000017  c_w.l(libinit2.o)
    0x080001c4   0x00000000   Code   RO         1545    .ARM.Collect$$libinit$$00000019  c_w.l(libinit2.o)
    0x080001c4   0x00000000   Code   RO         1547    .ARM.Collect$$libinit$$0000001B  c_w.l(libinit2.o)
    0x080001c4   0x00000000   Code   RO         1549    .ARM.Collect$$libinit$$0000001D  c_w.l(libinit2.o)
    0x080001c4   0x00000000   Code   RO         1551    .ARM.Collect$$libinit$$0000001F  c_w.l(libinit2.o)
    0x080001c4   0x00000000   Code   RO         1553    .ARM.Collect$$libinit$$00000021  c_w.l(libinit2.o)
    0x080001c4   0x00000000   Code   RO         1555    .ARM.Collect$$libinit$$00000023  c_w.l(libinit2.o)
    0x080001c4   0x00000000   Code   RO         1557    .ARM.Collect$$libinit$$00000025  c_w.l(libinit2.o)
    0x080001c4   0x00000000   Code   RO         1561    .ARM.Collect$$libinit$$0000002C  c_w.l(libinit2.o)
    0x080001c4   0x00000000   Code   RO         1563    .ARM.Collect$$libinit$$0000002E  c_w.l(libinit2.o)
    0x080001c4   0x00000000   Code   RO         1565    .ARM.Collect$$libinit$$00000030  c_w.l(libinit2.o)
    0x080001c4   0x00000000   Code   RO         1567    .ARM.Collect$$libinit$$00000032  c_w.l(libinit2.o)
    0x080001c4   0x00000002   Code   RO         1568    .ARM.Collect$$libinit$$00000033  c_w.l(libinit2.o)
    0x080001c6   0x00000002   Code   RO         1586    .ARM.Collect$$libshutdown$$00000000  c_w.l(libshutdown.o)
    0x080001c8   0x00000000   Code   RO         1596    .ARM.Collect$$libshutdown$$00000002  c_w.l(libshutdown2.o)
    0x080001c8   0x00000000   Code   RO         1598    .ARM.Collect$$libshutdown$$00000004  c_w.l(libshutdown2.o)
    0x080001c8   0x00000000   Code   RO         1601    .ARM.Collect$$libshutdown$$00000007  c_w.l(libshutdown2.o)
    0x080001c8   0x00000000   Code   RO         1604    .ARM.Collect$$libshutdown$$0000000A  c_w.l(libshutdown2.o)
    0x080001c8   0x00000000   Code   RO         1606    .ARM.Collect$$libshutdown$$0000000C  c_w.l(libshutdown2.o)
    0x080001c8   0x00000000   Code   RO         1609    .ARM.Collect$$libshutdown$$0000000F  c_w.l(libshutdown2.o)
    0x080001c8   0x00000002   Code   RO         1610    .ARM.Collect$$libshutdown$$00000010  c_w.l(libshutdown2.o)
    0x080001ca   0x00000000   Code   RO         1474    .ARM.Collect$$rtentry$$00000000  c_w.l(__rtentry.o)
    0x080001ca   0x00000000   Code   RO         1489    .ARM.Collect$$rtentry$$00000002  c_w.l(__rtentry2.o)
    0x080001ca   0x00000006   Code   RO         1501    .ARM.Collect$$rtentry$$00000004  c_w.l(__rtentry4.o)
    0x080001d0   0x00000000   Code   RO         1491    .ARM.Collect$$rtentry$$00000009  c_w.l(__rtentry2.o)
    0x080001d0   0x00000004   Code   RO         1492    .ARM.Collect$$rtentry$$0000000A  c_w.l(__rtentry2.o)
    0x080001d4   0x00000000   Code   RO         1494    .ARM.Collect$$rtentry$$0000000C  c_w.l(__rtentry2.o)
    0x080001d4   0x00000008   Code   RO         1495    .ARM.Collect$$rtentry$$0000000D  c_w.l(__rtentry2.o)
    0x080001dc   0x00000002   Code   RO         1522    .ARM.Collect$$rtexit$$00000000  c_w.l(rtexit.o)
    0x080001de   0x00000000   Code   RO         1570    .ARM.Collect$$rtexit$$00000002  c_w.l(rtexit2.o)
    0x080001de   0x00000004   Code   RO         1571    .ARM.Collect$$rtexit$$00000003  c_w.l(rtexit2.o)
    0x080001e2   0x00000006   Code   RO         1572    .ARM.Collect$$rtexit$$00000004  c_w.l(rtexit2.o)
    0x080001e8   0x00000096   Code   RO         1357    .emb_text           port.o
    0x0800027e   0x00000002   PAD
    0x08000280   0x00000404   Code   RO            1    .text               main.o
    0x08000684   0x00000016   Code   RO          189    .text               stm32f10x_it.o
    0x0800069a   0x00000002   PAD
    0x0800069c   0x000001e0   Code   RO          230    .text               system_stm32f10x.o
    0x0800087c   0x00000040   Code   RO          262    .text               startup_stm32f10x_md.o
    0x080008bc   0x000000dc   Code   RO          266    .text               misc.o
    0x08000998   0x000003a4   Code   RO          278    .text               stm32f10x_rcc.o
    0x08000d3c   0x0000030c   Code   RO          292    .text               stm32f10x_spi.o
    0x08001048   0x00000408   Code   RO          304    .text               stm32f10x_usart.o
    0x08001450   0x0000035c   Code   RO          316    .text               stm32f10x_gpio.o
    0x080017ac   0x00000644   Code   RO          328    .text               stm32f10x_fsmc.o
    0x08001df0   0x00000e1a   Code   RO          379    .text               stm32f10x_tim.o
    0x08002c0a   0x00000002   PAD
    0x08002c0c   0x0000011c   Code   RO          391    .text               stm32f10x_exti.o
    0x08002d28   0x000000d4   Code   RO          403    .text               delay.o
    0x08002dfc   0x0000000c   Code   RO          418    .text               sys.o
    0x08002e08   0x00000140   Code   RO          433    .text               usart.o
    0x08002f48   0x00000050   Code   RO          456    .text               led.o
    0x08002f98   0x000000fc   Code   RO          468    .text               key.o
    0x08003094   0x000058a4   Code   RO          481    .text               lcd.o
    0x08008938   0x000000e8   Code   RO          504    .text               spi.o
    0x08008a20   0x00000770   Code   RO          522    .text               enc28j60.o
    0x08009190   0x00000084   Code   RO          548    .text               timer.o
    0x08009214   0x00000c38   Code   RO          561    .text               usmart.o
    0x08009e4c   0x00000528   Code   RO          577    .text               usmart_str.o
    0x0800a374   0x00000234   Code   RO          602    .text               malloc.o
    0x0800a5a8   0x00000528   Code   RO          624    .text               lwip_comm.o
    0x0800aad0   0x00000dc0   Code   RO          697    .text               etharp.o
    0x0800b890   0x00000210   Code   RO          730    .text               ethernetif.o
    0x0800baa0   0x0000041c   Code   RO          766    .text               icmp.o
    0x0800bebc   0x000002a4   Code   RO          811    .text               inet_chksum.o
    0x0800c160   0x00000434   Code   RO          826    .text               ip.o
    0x0800c594   0x0000032c   Code   RO          856    .text               ip_addr.o
    0x0800c8c0   0x00000a02   Code   RO          879    .text               ip_frag.o
    0x0800d2c2   0x0000003e   Code   RO          896    .text               def.o
    0x0800d300   0x000018e4   Code   RO          908    .text               dhcp.o
    0x0800ebe4   0x0000001c   Code   RO          934    .text               init.o
    0x0800ec00   0x000006a4   Code   RO          967    .text               mem.o
    0x0800f2a4   0x000001b4   Code   RO          982    .text               memp.o
    0x0800f458   0x00000300   Code   RO         1008    .text               netif.o
    0x0800f758   0x0000103c   Code   RO         1030    .text               pbuf.o
    0x08010794   0x0000023c   Code   RO         1042    .text               raw.o
    0x080109d0   0x00001418   Code   RO         1062    .text               tcp.o
    0x08011de8   0x000017da   Code   RO         1086    .text               tcp_in.o
    0x080135c2   0x00000002   PAD
    0x080135c4   0x00001250   Code   RO         1109    .text               tcp_out.o
    0x08014814   0x00000310   Code   RO         1122    .text               timers.o
    0x08014b24   0x000005d0   Code   RO         1136    .text               udp.o
    0x080150f4   0x0000000c   Code   RO         1165    .text               sys_arch.o
    0x08015100   0x00000094   Code   RO         1281    .text               list.o
    0x08015194   0x00000d14   Code   RO         1293    .text               queue.o
    0x08015ea8   0x00001828   Code   RO         1311    .text               tasks.o
    0x080176d0   0x000002a8   Code   RO         1342    .text               heap_4.o
    0x08017978   0x00000270   Code   RO         1358    .text               port.o
    0x08017be8   0x00000002   Code   RO         1389    .text               c_w.l(use_no_semi_2.o)
    0x08017bea   0x00000002   PAD
    0x08017bec   0x00000018   Code   RO         1395    .text               c_w.l(noretval__2printf.o)
    0x08017c04   0x00000028   Code   RO         1397    .text               c_w.l(noretval__2sprintf.o)
    0x08017c2c   0x0000004e   Code   RO         1401    .text               c_w.l(_printf_pad.o)
    0x08017c7a   0x00000052   Code   RO         1403    .text               c_w.l(_printf_str.o)
    0x08017ccc   0x00000078   Code   RO         1405    .text               c_w.l(_printf_dec.o)
    0x08017d44   0x00000058   Code   RO         1410    .text               c_w.l(_printf_hex_int.o)
    0x08017d9c   0x00000188   Code   RO         1445    .text               c_w.l(__printf_flags_ss_wp.o)
    0x08017f24   0x00000058   Code   RO         1454    .text               c_w.l(memcmp.o)
    0x08017f7c   0x00000048   Code   RO         1456    .text               c_w.l(strcpy.o)
    0x08017fc4   0x0000003e   Code   RO         1458    .text               c_w.l(strlen.o)
    0x08018002   0x0000008a   Code   RO         1460    .text               c_w.l(rt_memcpy_v6.o)
    0x0801808c   0x00000010   Code   RO         1462    .text               c_w.l(aeabi_memset.o)
    0x0801809c   0x00000044   Code   RO         1464    .text               c_w.l(rt_memclr.o)
    0x080180e0   0x0000004e   Code   RO         1466    .text               c_w.l(rt_memclr_w.o)
    0x0801812e   0x00000006   Code   RO         1468    .text               c_w.l(heapauxi.o)
    0x08018134   0x00000002   Code   RO         1472    .text               c_w.l(use_no_semi.o)
    0x08018136   0x000000b2   Code   RO         1475    .text               c_w.l(_printf_intcommon.o)
    0x080181e8   0x00000030   Code   RO         1477    .text               c_w.l(_printf_char_common.o)
    0x08018218   0x0000000a   Code   RO         1479    .text               c_w.l(_sputc.o)
    0x08018222   0x0000002c   Code   RO         1481    .text               c_w.l(_printf_char.o)
    0x0801824e   0x00000002   PAD
    0x08018250   0x00000024   Code   RO         1483    .text               c_w.l(_printf_char_file.o)
    0x08018274   0x00000064   Code   RO         1486    .text               c_w.l(rt_memcpy_w.o)
    0x080182d8   0x00000008   Code   RO         1505    .text               c_w.l(ferror.o)
    0x080182e0   0x0000004a   Code   RO         1509    .text               c_w.l(sys_stackheap_outer.o)
    0x0801832a   0x00000012   Code   RO         1511    .text               c_w.l(exit.o)
    0x0801833c   0x00000008   Code   RO         1519    .text               c_w.l(libspace.o)
    0x08018344   0x0000000e   Code   RO         1438    i._is_digit         c_w.l(__printf_wp.o)
    0x08018352   0x000017c0   Data   RO          483    .constdata          lcd.o
    0x08019b12   0x00000002   PAD
    0x08019b14   0x00000018   Data   RO          606    .constdata          malloc.o
    0x08019b2c   0x0000000c   Data   RO          699    .constdata          etharp.o
    0x08019b38   0x00000008   Data   RO          858    .constdata          ip_addr.o
    0x08019b40   0x00000028   Data   RO          984    .constdata          memp.o
    0x08019b68   0x00000050   Data   RO         1063    .constdata          tcp.o
    0x08019bb8   0x00000028   Data   RO         1411    .constdata          c_w.l(_printf_hex_int.o)
    0x08019be0   0x00000011   Data   RO         1446    .constdata          c_w.l(__printf_flags_ss_wp.o)
    0x08019bf1   0x00000003   PAD
    0x08019bf4   0x00000028   Data   RO          562    .conststring        usmart.o
    0x08019c1c   0x000000fb   Data   RO          589    .conststring        usmart_config.o
    0x08019d17   0x00000001   PAD
    0x08019d18   0x00000044   Data   RO          700    .conststring        etharp.o
    0x08019d5c   0x0000008c   Data   RO          910    .conststring        dhcp.o
    0x08019de8   0x00000075   Data   RO         1064    .conststring        tcp.o
    0x08019e5d   0x00000003   PAD
    0x08019e60   0x00000055   Data   RO         1110    .conststring        tcp_out.o
    0x08019eb5   0x00000003   PAD
    0x08019eb8   0x00000020   Data   RO         1642    Region$$Table       anon$$obj.o


    Execution Region RW_IRAM1 (Base: 0x20000000, Size: 0x00003080, Max: 0x00005000, ABSOLUTE, COMPRESSED[0x000000ac])

    Base Addr    Size         Type   Attr      Idx    E Section Name        Object

    0x20000000   0x00000014   Data   RW          231    .data               system_stm32f10x.o
    0x20000014   0x00000014   Data   RW          279    .data               stm32f10x_rcc.o
    0x20000028   0x00000014   Data   RW          330    .data               stm32f10x_fsmc.o
    0x2000003c   0x00000004   Data   RW          404    .data               delay.o
    0x20000040   0x00000006   Data   RW          435    .data               usart.o
    0x20000046   0x00000001   Data   RW          469    .data               key.o
    0x20000047   0x00000001   PAD
    0x20000048   0x00000004   Data   RW          484    .data               lcd.o
    0x2000004c   0x0000001c   Data   RW          563    .data               usmart.o
    0x20000068   0x00000134   Data   RW          590    .data               usmart_config.o
    0x2000019c   0x0000001c   Data   RW          607    .data               malloc.o
    0x200001b8   0x00000014   Data   RW          626    .data               lwip_comm.o
    0x200001cc   0x00000001   Data   RW          701    .data               etharp.o
    0x200001cd   0x00000003   PAD
    0x200001d0   0x00000012   Data   RW          827    .data               ip.o
    0x200001e2   0x00000002   PAD
    0x200001e4   0x00000006   Data   RW          880    .data               ip_frag.o
    0x200001ea   0x00000002   PAD
    0x200001ec   0x00000004   Data   RW          911    .data               dhcp.o
    0x200001f0   0x00000010   Data   RW          968    .data               mem.o
    0x20000200   0x00000004   Data   RW          985    .data               memp.o
    0x20000204   0x00000009   Data   RW         1009    .data               netif.o
    0x2000020d   0x00000003   PAD
    0x20000210   0x00000004   Data   RW         1043    .data               raw.o
    0x20000214   0x00000024   Data   RW         1065    .data               tcp.o
    0x20000238   0x00000020   Data   RW         1088    .data               tcp_in.o
    0x20000258   0x0000000c   Data   RW         1123    .data               timers.o
    0x20000264   0x00000008   Data   RW         1137    .data               udp.o
    0x2000026c   0x0000003c   Data   RW         1313    .data               tasks.o
    0x200002a8   0x00000018   Data   RW         1344    .data               heap_4.o
    0x200002c0   0x0000000c   Data   RW         1359    .data               port.o
    0x200002cc   0x00000028   Zero   RW          329    .bss                stm32f10x_fsmc.o
    0x200002f4   0x000000c8   Zero   RW          434    .bss                usart.o
    0x200003bc   0x0000000e   Zero   RW          482    .bss                lcd.o
    0x200003ca   0x00000012   Zero   RW          505    .bss                spi.o
    0x200003dc   0x00000010   Zero   RW          523    .bss                enc28j60.o
    0x200003ec   0x00001980   Zero   RW          605    .bss                malloc.o
    0x20001d6c   0x0000004c   Zero   RW          625    .bss                lwip_comm.o
    0x20001db8   0x000000c8   Zero   RW          698    .bss                etharp.o
    0x20001e80   0x00000010   Zero   RW          857    .bss                ip_addr.o
    0x20001e90   0x00000032   Zero   RW          909    .bss                dhcp.o
    0x20001ec2   0x00000002   PAD
    0x20001ec4   0x00000028   Zero   RW          983    .bss                memp.o
    0x20001eec   0x00000010   Zero   RW         1087    .bss                tcp_in.o
    0x20001efc   0x00000040   Zero   RW         1294    .bss                queue.o
    0x20001f3c   0x000002e4   Zero   RW         1312    .bss                tasks.o
    0x20002220   0x00000800   Zero   RW         1343    .bss                heap_4.o
    0x20002a20   0x00000060   Zero   RW         1520    .bss                c_w.l(libspace.o)
    0x20002a80   0x00000200   Zero   RW          260    HEAP                startup_stm32f10x_md.o
    0x20002c80   0x00000400   Zero   RW          259    STACK               startup_stm32f10x_md.o



  Load Region LR$$.ARM.__AT_0x68000000 (Base: 0x68000000, Size: 0x00000000, Max: 0x00001800, ABSOLUTE)

    Execution Region ER$$.ARM.__AT_0x68000000 (Base: 0x68000000, Size: 0x00001800, Max: 0x00001800, ABSOLUTE, UNINIT)

    Base Addr    Size         Type   Attr      Idx    E Section Name        Object

    0x68000000   0x00001800   Zero   RW          603    .ARM.__AT_0x68000000  malloc.o



  Load Region LR$$.ARM.__AT_0x68001800 (Base: 0x68001800, Size: 0x00000000, Max: 0x00000180, ABSOLUTE)

    Execution Region ER$$.ARM.__AT_0x68001800 (Base: 0x68001800, Size: 0x00000180, Max: 0x00000180, ABSOLUTE, UNINIT)

    Base Addr    Size         Type   Attr      Idx    E Section Name        Object

    0x68001800   0x00000180   Zero   RW          604    .ARM.__AT_0x68001800  malloc.o


==============================================================================

Image component sizes


      Code (inc. data)   RO Data    RW Data    ZI Data      Debug   Object Name

         0          0          0          0          0         32   core_cm3.o
        62          0          0          0          0       1226   def.o
       212         18          0          4          0       1211   delay.o
      6372       1100        140          4         50      13834   dhcp.o
      1904        168          0          0         16      12045   enc28j60.o
      3520        596         80          1        200      10507   etharp.o
       528        178          0          0          0       5126   ethernetif.o
         0          0          0          0          0       8212   event_groups.o
       680         90          0         24       2048       3592   heap_4.o
      1052        374          0          0          0       7189   icmp.o
         0          0          0          0          0       3924   inet.o
       676        104          0          0          0       3301   inet_chksum.o
        28          0          0          0          0        576   init.o
      1076        174          0         18          0       7679   ip.o
       812        112          8          0         16       9887   ip_addr.o
      2562        484          0          6          0       7864   ip_frag.o
       252         16          0          1          0        924   key.o
     22692        204       6080          4         14      24824   lcd.o
        80          8          0          0          0        583   led.o
       148          0          0          0          0       2054   list.o
      1320        464          0         20         76      22802   lwip_comm.o
      1028        296          0          0          0     270512   main.o
       564         18         24         28      13056       5012   malloc.o
      1700        532          0         16          0       4286   mem.o
       436        196         40          4         40       3080   memp.o
       220         22          0          0          0       1997   misc.o
       768        126          0          9          0       6657   netif.o
      4156       1234          0          0          0       9685   pbuf.o
       774        104          0         12          0       8163   port.o
      3348         60          0          0         64      16674   queue.o
       572        134          0          4          0       3701   raw.o
       232         12          0          0         18       1473   spi.o
        64         26        236          0       1536        860   startup_stm32f10x_md.o
       284         10          0          0          0       2459   stm32f10x_exti.o
      1604        116          0         20         40      24660   stm32f10x_fsmc.o
       860         38          0          0          0       5933   stm32f10x_gpio.o
        22          0          0          0          0       1091   stm32f10x_it.o
       932         36          0         20          0       9204   stm32f10x_rcc.o
       780         14          0          0          0       6814   stm32f10x_spi.o
      3610         88          0          0          0      23044   stm32f10x_tim.o
      1032         22          0          0          0       8656   stm32f10x_usart.o
        12          0          0          0          0        671   sys.o
        12          6          0          0          0        526   sys_arch.o
       480         38          0         20          0       1995   system_stm32f10x.o
      6184        410          0         60        740      32676   tasks.o
      5144       1098        197         36          0      22439   tcp.o
      6106        938          0         32         16      15531   tcp_in.o
      4688        864         85          0          0      10235   tcp_out.o
       132          8          0          0          0        876   timer.o
       784        190          0         12          0       3323   timers.o
      1488        202          0          8          0      15053   udp.o
       320         16          0          6        200       3454   usart.o
      3128       1288         40         28          0       4626   usmart.o
         0          0        251        308          0       1860   usmart_config.o
      1320         12          0          0          0       5397   usmart_str.o

    ----------------------------------------------------------------------
     96768      12244       7222        716      18132     680015   Object Totals
         0          0         32          0          0          0   (incl. Generated)
         8          0          9         11          2          0   (incl. Padding)

    ----------------------------------------------------------------------

      Code (inc. data)   RO Data    RW Data    ZI Data      Debug   Library Member Name

        90          0          0          0          0          0   __dczerorl2.o
         8          0          0          0          0         68   __main.o
       392          4         17          0          0         92   __printf_flags_ss_wp.o
        14          0          0          0          0         68   __printf_wp.o
         0          0          0          0          0          0   __rtentry.o
        12          0          0          0          0          0   __rtentry2.o
         6          0          0          0          0          0   __rtentry4.o
        52          8          0          0          0          0   __scatter.o
        28          0          0          0          0          0   __scatter_zi.o
         6          0          0          0          0          0   _printf_c.o
        44          0          0          0          0        108   _printf_char.o
        48          6          0          0          0         96   _printf_char_common.o
        36          4          0          0          0         80   _printf_char_file.o
         6          0          0          0          0          0   _printf_d.o
       120         16          0          0          0         92   _printf_dec.o
        88          4         40          0          0         88   _printf_hex_int.o
       178          0          0          0          0         88   _printf_intcommon.o
        78          0          0          0          0        108   _printf_pad.o
         0          0          0          0          0          0   _printf_percent.o
         4          0          0          0          0          0   _printf_percent_end.o
         6          0          0          0          0          0   _printf_s.o
        82          0          0          0          0         80   _printf_str.o
         6          0          0          0          0          0   _printf_u.o
         6          0          0          0          0          0   _printf_x.o
        10          0          0          0          0         68   _sputc.o
        16          0          0          0          0         68   aeabi_memset.o
        18          0          0          0          0         80   exit.o
         8          0          0          0          0         68   ferror.o
         6          0          0          0          0        152   heapauxi.o
         2          0          0          0          0          0   libinit.o
         2          0          0          0          0          0   libinit2.o
         2          0          0          0          0          0   libshutdown.o
         2          0          0          0          0          0   libshutdown2.o
         8          4          0          0         96         68   libspace.o
        88          0          0          0          0         76   memcmp.o
        24          4          0          0          0         84   noretval__2printf.o
        40          6          0          0          0         84   noretval__2sprintf.o
        68          0          0          0          0         68   rt_memclr.o
        78          0          0          0          0         80   rt_memclr_w.o
       138          0          0          0          0         68   rt_memcpy_v6.o
       100          0          0          0          0         80   rt_memcpy_w.o
         2          0          0          0          0          0   rtexit.o
        10          0          0          0          0          0   rtexit2.o
        72          0          0          0          0         80   strcpy.o
        62          0          0          0          0         76   strlen.o
        74          0          0          0          0         80   sys_stackheap_outer.o
         2          0          0          0          0         68   use_no_semi.o
         2          0          0          0          0         68   use_no_semi_2.o

    ----------------------------------------------------------------------
      2150         56         60          0         96       2384   Library Totals
         6          0          3          0          0          0   (incl. Padding)

    ----------------------------------------------------------------------

      Code (inc. data)   RO Data    RW Data    ZI Data      Debug   Library Name

      2144         56         57          0         96       2384   c_w.l

    ----------------------------------------------------------------------
      2150         56         60          0         96       2384   Library Totals

    ----------------------------------------------------------------------

==============================================================================


      Code (inc. data)   RO Data    RW Data    ZI Data      Debug   

     98918      12300       7282        716      18228     676415   Grand Totals
     98918      12300       7282        172      18228     676415   ELF Image Totals (compressed)
     98918      12300       7282        172          0          0   ROM Totals

==============================================================================

    Total RO  Size (Code + RO Data)               106200 ( 103.71kB)
    Total RW  Size (RW Data + ZI Data)             18944 (  18.50kB)
    Total ROM Size (Code + RO Data + RW Data)     106372 ( 103.88kB)

==============================================================================

