<html>
<body>
<pre>
<h1>礦ision Build Log</h1>
<h2>Tool Versions:</h2>
IDE-Version: μVision V5.17.0.0
Copyright (C) 2015 ARM Ltd and ARM Germany GmbH. All rights reserved.
License Information: 1231313 27925, 123123132113, LIC=9WSKC-7L7B2-TGZ7T-RRZ5J-Z5PI5-RKTTA
 
Tool Versions:
Toolchain:       MDK-ARM Standard  Version: 5.17
Toolchain Path:  D:\Program Files\Keil_v5\ARM\ARMCC\Bin
C Compiler:      Armcc.exe V5.06 update 1 (build 61)
Assembler:       Armasm.exe V5.06 update 1 (build 61)
Linker/Locator:  ArmLink.exe V5.06 update 1 (build 61)
Library Manager: ArmAr.exe V5.06 update 1 (build 61)
Hex Converter:   FromElf.exe V5.06 update 1 (build 61)
CPU DLL:         SARMCM3.DLL V5.17
Dialog DLL:      DCM.DLL V1.13.4.0
Target DLL:      Segger\JL2CM3.dll V2.99.16.0
Dialog DLL:      TCM.DLL V1.14.6.0
 
<h2>Project:</h2>
F:\Git Repo\LWIP_TEST\ALIENTEK MINISTM32 实验27 内存管理实验---移植完ENC82J60的LWIP协议栈无系统\ALIENTEK MINISTM32 实验27 内存管理实验\USER\MALLOC.uvprojx
Project File Date:  01/04/2023

<h2>Output:</h2>
*** Using Compiler 'V5.06 update 1 (build 61)', folder: 'D:\Program Files\Keil_v5\ARM\ARMCC\Bin'
Rebuild target 'Target 1'
compiling spi.c...
compiling key.c...
compiling system_stm32f10x.c...
compiling stm32f10x_it.c...
compiling main.c...
compiling led.c...
compiling lcd.c...
compiling timer.c...
compiling sram.c...
compiling delay.c...
compiling usart.c...
compiling sys.c...
compiling enc28j60.c...
assembling startup_stm32f10x_md.s...
compiling core_cm3.c...
compiling misc.c...
compiling stm32f10x_gpio.c...
compiling stm32f10x_fsmc.c...
compiling stm32f10x_rcc.c...
compiling stm32f10x_usart.c...
compiling stm32f10x_spi.c...
compiling stm32f10x_tim.c...
compiling api_lib.c...
compiling api_msg.c...
compiling netbuf.c...
compiling err.c...
compiling netifapi.c...
compiling malloc.c...
compiling usmart_config.c...
compiling netdb.c...
compiling stm32f10x_exti.c...
compiling usmart_str.c...
compiling usmart.c...
compiling tcpip.c...
compiling sockets.c...
compiling def.c...
compiling dns.c...
compiling lwip_sys.c...
compiling init.c...
compiling dhcp.c...
compiling mem.c...
compiling memp.c...
compiling netif.c...
compiling stats.c...
compiling raw.c...
compiling pbuf.c...
compiling autoip.c...
compiling tcp.c...
compiling timers.c...
compiling tcp_out.c...
compiling icmp.c...
compiling udp.c...
compiling tcp_in.c...
compiling igmp.c...
compiling inet.c...
compiling inet_chksum.c...
compiling ip.c...
compiling ip_addr.c...
compiling etharp.c...
compiling ip_frag.c...
compiling ethernetif.c...
compiling sys_arch.c...
compiling lwip_comm.c...
linking...
Program Size: Code=86256 RO-data=7188 RW-data=584 ZI-data=19688  
FromELF: creating hex file...
"..\OBJ\MALLOC.axf" - 0 Error(s), 0 Warning(s).

<h2>Collection of Component include folders:</h2>
  F:\Git Repo\LWIP_TEST\ALIENTEK MINISTM32 实验27 内存管理实验---移植完ENC82J60的LWIP协议栈无系统\ALIENTEK MINISTM32 实验27 内存管理实验\USER\RTE
  D:\Program Files\Keil_v5\ARM\PACK\Keil\STM32F1xx_DFP\1.1.0\Device\Include

<h2>Collection of Component Files used:</h2>
Build Time Elapsed:  00:00:07
</pre>
</body>
</html>
